Archive member included to satisfy reference by file (symbol)

C:/ST/STM32CubeIDE_1.13.0/STM32CubeIDE/plugins/com.st.stm32cube.ide.mcu.externaltools.gnu-tools-for-stm32.11.3.rel1.win32_1.1.0.202305231506/tools/bin/../lib/gcc/arm-none-eabi/11.3.1/../../../../arm-none-eabi/lib/thumb/v7e-m+fp/hard\libc_nano.a(libc_a-atof.o)
                              ./Core/Driver/gps/gps.o (atof)
C:/ST/STM32CubeIDE_1.13.0/STM32CubeIDE/plugins/com.st.stm32cube.ide.mcu.externaltools.gnu-tools-for-stm32.11.3.rel1.win32_1.1.0.202305231506/tools/bin/../lib/gcc/arm-none-eabi/11.3.1/../../../../arm-none-eabi/lib/thumb/v7e-m+fp/hard\libc_nano.a(libc_a-atoff.o)
                              ./Core/Driver/gps/gps.o (atoff)
C:/ST/STM32CubeIDE_1.13.0/STM32CubeIDE/plugins/com.st.stm32cube.ide.mcu.externaltools.gnu-tools-for-stm32.11.3.rel1.win32_1.1.0.202305231506/tools/bin/../lib/gcc/arm-none-eabi/11.3.1/../../../../arm-none-eabi/lib/thumb/v7e-m+fp/hard\libc_nano.a(libc_a-atoi.o)
                              ./Core/Driver/gps/gps.o (atoi)
C:/ST/STM32CubeIDE_1.13.0/STM32CubeIDE/plugins/com.st.stm32cube.ide.mcu.externaltools.gnu-tools-for-stm32.11.3.rel1.win32_1.1.0.202305231506/tools/bin/../lib/gcc/arm-none-eabi/11.3.1/../../../../arm-none-eabi/lib/thumb/v7e-m+fp/hard\libc_nano.a(libc_a-atol.o)
                              ./Core/Driver/gps/gps.o (atol)
C:/ST/STM32CubeIDE_1.13.0/STM32CubeIDE/plugins/com.st.stm32cube.ide.mcu.externaltools.gnu-tools-for-stm32.11.3.rel1.win32_1.1.0.202305231506/tools/bin/../lib/gcc/arm-none-eabi/11.3.1/../../../../arm-none-eabi/lib/thumb/v7e-m+fp/hard\libc_nano.a(libc_a-exit.o)
                              C:/ST/STM32CubeIDE_1.13.0/STM32CubeIDE/plugins/com.st.stm32cube.ide.mcu.externaltools.gnu-tools-for-stm32.11.3.rel1.win32_1.1.0.202305231506/tools/bin/../lib/gcc/arm-none-eabi/11.3.1/../../../../arm-none-eabi/lib/thumb/v7e-m+fp/hard/crt0.o (exit)
C:/ST/STM32CubeIDE_1.13.0/STM32CubeIDE/plugins/com.st.stm32cube.ide.mcu.externaltools.gnu-tools-for-stm32.11.3.rel1.win32_1.1.0.202305231506/tools/bin/../lib/gcc/arm-none-eabi/11.3.1/../../../../arm-none-eabi/lib/thumb/v7e-m+fp/hard\libc_nano.a(libc_a-strtod.o)
                              C:/ST/STM32CubeIDE_1.13.0/STM32CubeIDE/plugins/com.st.stm32cube.ide.mcu.externaltools.gnu-tools-for-stm32.11.3.rel1.win32_1.1.0.202305231506/tools/bin/../lib/gcc/arm-none-eabi/11.3.1/../../../../arm-none-eabi/lib/thumb/v7e-m+fp/hard\libc_nano.a(libc_a-atof.o) (strtod)
C:/ST/STM32CubeIDE_1.13.0/STM32CubeIDE/plugins/com.st.stm32cube.ide.mcu.externaltools.gnu-tools-for-stm32.11.3.rel1.win32_1.1.0.202305231506/tools/bin/../lib/gcc/arm-none-eabi/11.3.1/../../../../arm-none-eabi/lib/thumb/v7e-m+fp/hard\libc_nano.a(libc_a-strtol.o)
                              C:/ST/STM32CubeIDE_1.13.0/STM32CubeIDE/plugins/com.st.stm32cube.ide.mcu.externaltools.gnu-tools-for-stm32.11.3.rel1.win32_1.1.0.202305231506/tools/bin/../lib/gcc/arm-none-eabi/11.3.1/../../../../arm-none-eabi/lib/thumb/v7e-m+fp/hard\libc_nano.a(libc_a-atoi.o) (_strtol_r)
C:/ST/STM32CubeIDE_1.13.0/STM32CubeIDE/plugins/com.st.stm32cube.ide.mcu.externaltools.gnu-tools-for-stm32.11.3.rel1.win32_1.1.0.202305231506/tools/bin/../lib/gcc/arm-none-eabi/11.3.1/../../../../arm-none-eabi/lib/thumb/v7e-m+fp/hard\libc_nano.a(libc_a-strtoul.o)
                              ./Core/Driver/obd2/obd2.o (strtoul)
C:/ST/STM32CubeIDE_1.13.0/STM32CubeIDE/plugins/com.st.stm32cube.ide.mcu.externaltools.gnu-tools-for-stm32.11.3.rel1.win32_1.1.0.202305231506/tools/bin/../lib/gcc/arm-none-eabi/11.3.1/../../../../arm-none-eabi/lib/thumb/v7e-m+fp/hard\libc_nano.a(libc_a-ctype_.o)
                              C:/ST/STM32CubeIDE_1.13.0/STM32CubeIDE/plugins/com.st.stm32cube.ide.mcu.externaltools.gnu-tools-for-stm32.11.3.rel1.win32_1.1.0.202305231506/tools/bin/../lib/gcc/arm-none-eabi/11.3.1/../../../../arm-none-eabi/lib/thumb/v7e-m+fp/hard\libc_nano.a(libc_a-strtol.o) (_ctype_)
C:/ST/STM32CubeIDE_1.13.0/STM32CubeIDE/plugins/com.st.stm32cube.ide.mcu.externaltools.gnu-tools-for-stm32.11.3.rel1.win32_1.1.0.202305231506/tools/bin/../lib/gcc/arm-none-eabi/11.3.1/../../../../arm-none-eabi/lib/thumb/v7e-m+fp/hard\libc_nano.a(libc_a-nano-vfprintf_float.o)
                              (_printf_float)
C:/ST/STM32CubeIDE_1.13.0/STM32CubeIDE/plugins/com.st.stm32cube.ide.mcu.externaltools.gnu-tools-for-stm32.11.3.rel1.win32_1.1.0.202305231506/tools/bin/../lib/gcc/arm-none-eabi/11.3.1/../../../../arm-none-eabi/lib/thumb/v7e-m+fp/hard\libc_nano.a(libc_a-nano-vfprintf_i.o)
                              C:/ST/STM32CubeIDE_1.13.0/STM32CubeIDE/plugins/com.st.stm32cube.ide.mcu.externaltools.gnu-tools-for-stm32.11.3.rel1.win32_1.1.0.202305231506/tools/bin/../lib/gcc/arm-none-eabi/11.3.1/../../../../arm-none-eabi/lib/thumb/v7e-m+fp/hard\libc_nano.a(libc_a-nano-vfprintf_float.o) (_printf_common)
[...]
Memory Configuration

Name             Origin             Length             Attributes
CCMRAM           0x0000000010000000 0x0000000000010000 xrw
RAM              0x0000000020000000 0x0000000000020000 xrw
FLASH            0x0000000008000000 0x0000000000100000 xr
*default*        0x0000000000000000 0xffffffffffffffff

Linker script and memory map

LOAD C:/ST/STM32CubeIDE_1.13.0/STM32CubeIDE/plugins/com.st.stm32cube.ide.mcu.externaltools.gnu-tools-for-stm32.11.3.rel1.win32_1.1.0.202305231506/tools/bin/../lib/gcc/arm-none-eabi/11.3.1/thumb/v7e-m+fp/hard/crti.o
LOAD C:/ST/STM32CubeIDE_1.13.0/STM32CubeIDE/plugins/com.st.stm32cube.ide.mcu.externaltools.gnu-tools-for-stm32.11.3.rel1.win32_1.1.0.202305231506/tools/bin/../lib/gcc/arm-none-eabi/11.3.1/thumb/v7e-m+fp/hard/crtbegin.o
LOAD C:/ST/STM32CubeIDE_1.13.0/STM32CubeIDE/plugins/com.st.stm32cube.ide.mcu.externaltools.gnu-tools-for-stm32.11.3.rel1.win32_1.1.0.202305231506/tools/bin/../lib/gcc/arm-none-eabi/11.3.1/../../../../arm-none-eabi/lib/thumb/v7e-m+fp/hard/crt0.o
LOAD ./Core/Driver/VTS/vehicleTrackingSystem.o
LOAD ./Core/Driver/bluetooth/bluetooth.o
LOAD ./Core/Driver/gps/gps.o
LOAD ./Core/Driver/m95/m95.o
LOAD ./Core/Driver/mems/MY_LIS3DSH.o
LOAD ./Core/Driver/mqtt/cert.o
LOAD ./Core/Driver/mqtt/mqtt.o
LOAD ./Core/Driver/obd2/obd2.o
LOAD ./Core/Driver/uart_debug/uart_debug.o
LOAD ./Core/Src/main.o
LOAD ./Core/Src/stm32f4xx_hal_msp.o
LOAD ./Core/Src/stm32f4xx_it.o
LOAD ./Core/Src/syscalls.o
LOAD ./Core/Src/sysmem.o
LOAD ./Core/Src/system_stm32f4xx.o
LOAD ./Core/Startup/startup_stm32f407vgtx.o
LOAD ./Drivers/STM32F4xx_HAL_Driver/Src/stm32f4xx_hal.o
LOAD ./Drivers/STM32F4xx_HAL_Driver/Src/stm32f4xx_hal_cortex.o
LOAD ./Drivers/STM32F4xx_HAL_Driver/Src/stm32f4xx_hal_dma.o
LOAD ./Drivers/STM32F4xx_HAL_Driver/Src/stm32f4xx_hal_dma_ex.o
LOAD ./Drivers/STM32F4xx_HAL_Driver/Src/stm32f4xx_hal_exti.o
LOAD ./Drivers/STM32F4xx_HAL_Driver/Src/stm32f4xx_hal_flash.o
LOAD ./Drivers/STM32F4xx_HAL_Driver/Src/stm32f4xx_hal_flash_ex.o
LOAD ./Drivers/STM32F4xx_HAL_Driver/Src/stm32f4xx_hal_flash_ramfunc.o
LOAD ./Drivers/STM32F4xx_HAL_Driver/Src/stm32f4xx_hal_gpio.o
LOAD ./Drivers/STM32F4xx_HAL_Driver/Src/stm32f4xx_hal_pwr.o
LOAD ./Drivers/STM32F4xx_HAL_Driver/Src/stm32f4xx_hal_pwr_ex.o
LOAD ./Drivers/STM32F4xx_HAL_Driver/Src/stm32f4xx_hal_rcc.o
LOAD ./Drivers/STM32F4xx_HAL_Driver/Src/stm32f4xx_hal_rcc_ex.o
LOAD ./Drivers/STM32F4xx_HAL_Driver/Src/stm32f4xx_hal_spi.o
LOAD ./Drivers/STM32F4xx_HAL_Driver/Src/stm32f4xx_hal_tim.o
LOAD ./Drivers/STM32F4xx_HAL_Driver/Src/stm32f4xx_hal_tim_ex.o
LOAD ./Drivers/STM32F4xx_HAL_Driver/Src/stm32f4xx_hal_uart.o
START GROUP
LOAD C:/ST/STM32CubeIDE_1.13.0/STM32CubeIDE/plugins/com.st.stm32cube.ide.mcu.externaltools.gnu-tools-for-stm32.11.3.rel1.win32_1.1.0.202305231506/tools/bin/../lib/gcc/arm-none-eabi/11.3.1/../../../../arm-none-eabi/lib/thumb/v7e-m+fp/hard\libc_nano.a
LOAD C:/ST/STM32CubeIDE_1.13.0/STM32CubeIDE/plugins/com.st.stm32cube.ide.mcu.externaltools.gnu-tools-for-stm32.11.3.rel1.win32_1.1.0.202305231506/tools/bin/../lib/gcc/arm-none-eabi/11.3.1/../../../../arm-none-eabi/lib/thumb/v7e-m+fp/hard\libm.a
END GROUP
START GROUP
LOAD C:/ST/STM32CubeIDE_1.13.0/STM32CubeIDE/plugins/com.st.stm32cube.ide.mcu.externaltools.gnu-tools-for-stm32.11.3.rel1.win32_1.1.0.202305231506/tools/bin/../lib/gcc/arm-none-eabi/11.3.1/thumb/v7e-m+fp/hard\libgcc.a
LOAD C:/ST/STM32CubeIDE_1.13.0/STM32CubeIDE/plugins/com.st.stm32cube.ide.mcu.externaltools.gnu-tools-for-stm32.11.3.rel1.win32_1.1.0.202305231506/tools/bin/../lib/gcc/arm-none-eabi/11.3.1/../../../../arm-none-eabi/lib/thumb/v7e-m+fp/hard\libc_nano.a
END GROUP
START GROUP
LOAD C:/ST/STM32CubeIDE_1.13.0/STM32CubeIDE/plugins/com.st.stm32cube.ide.mcu.externaltools.gnu-tools-for-stm32.11.3.rel1.win32_1.1.0.202305231506/tools/bin/../lib/gcc/arm-none-eabi/11.3.1/thumb/v7e-m+fp/hard\libgcc.a
LOAD C:/ST/STM32CubeIDE_1.13.0/STM32CubeIDE/plugins/com.st.stm32cube.ide.mcu.externaltools.gnu-tools-for-stm32.11.3.rel1.win32_1.1.0.202305231506/tools/bin/../lib/gcc/arm-none-eabi/11.3.1/../../../../arm-none-eabi/lib/thumb/v7e-m+fp/hard\libc_nano.a
LOAD C:/ST/STM32CubeIDE_1.13.0/STM32CubeIDE/plugins/com.st.stm32cube.ide.mcu.externaltools.gnu-tools-for-stm32.11.3.rel1.win32_1.1.0.202305231506/tools/bin/../lib/gcc/arm-none-eabi/11.3.1/../../../../arm-none-eabi/lib/thumb/v7e-m+fp/hard\libnosys.a
END GROUP
START GROUP
LOAD C:/ST/STM32CubeIDE_1.13.0/STM32CubeIDE/plugins/com.st.stm32cube.ide.mcu.externaltools.gnu-tools-for-stm32.11.3.rel1.win32_1.1.0.202305231506/tools/bin/../lib/gcc/arm-none-eabi/11.3.1/thumb/v7e-m+fp/hard\libgcc.a
LOAD C:/ST/STM32CubeIDE_1.13.0/STM32CubeIDE/plugins/com.st.stm32cube.ide.mcu.externaltools.gnu-tools-for-stm32.11.3.rel1.win32_1.1.0.202305231506/tools/bin/../lib/gcc/arm-none-eabi/11.3.1/../../../../arm-none-eabi/lib/thumb/v7e-m+fp/hard\libc_nano.a
LOAD C:/ST/STM32CubeIDE_1.13.0/STM32CubeIDE/plugins/com.st.stm32cube.ide.mcu.externaltools.gnu-tools-for-stm32.11.3.rel1.win32_1.1.0.202305231506/tools/bin/../lib/gcc/arm-none-eabi/11.3.1/../../../../arm-none-eabi/lib/thumb/v7e-m+fp/hard\libnosys.a
END GROUP
LOAD C:/ST/STM32CubeIDE_1.13.0/STM32CubeIDE/plugins/com.st.stm32cube.ide.mcu.externaltools.gnu-tools-for-stm32.11.3.rel1.win32_1.1.0.202305231506/tools/bin/../lib/gcc/arm-none-eabi/11.3.1/thumb/v7e-m+fp/hard/crtend.o
LOAD C:/ST/STM32CubeIDE_1.13.0/STM32CubeIDE/plugins/com.st.stm32cube.ide.mcu.externaltools.gnu-tools-for-stm32.11.3.rel1.win32_1.1.0.202305231506/tools/bin/../lib/gcc/arm-none-eabi/11.3.1/thumb/v7e-m+fp/hard/crtn.o
                0x0000000020020000                _estack = (ORIGIN (RAM) + LENGTH (RAM))
                0x0000000000000400                _Min_Heap_Size = 0x400
                0x0000000000001200                _Min_Stack_Size = 0x1200

.isr_vector     0x0000000008000000      0x188
                0x0000000008000000                . = ALIGN (0x4)
 *(.isr_vector)
 .isr_vector    0x0000000008000000      0x188 ./Core/Startup/startup_stm32f407vgtx.o
                0x0000000008000000                g_pfnVectors
                0x0000000008000188                . = ALIGN (0x4)

.text           0x0000000008000190     0xb684
                0x0000000008000190                . = ALIGN (0x4)
 *(.text)
 .text          0x0000000008000190       0x40 C:/ST/STM32CubeIDE_1.13.0/STM32CubeIDE/plugins/com.st.stm32cube.ide.mcu.externaltools.gnu-tools-for-stm32.11.3.rel1.win32_1.1.0.202305231506/tools/bin/../lib/gcc/arm-none-eabi/11.3.1/thumb/v7e-m+fp/hard/crtbegin.o
 .text          0x00000000080001d0       0xa0 C:/ST/STM32CubeIDE_1.13.0/STM32CubeIDE/plugins/com.st.stm32cube.ide.mcu.externaltools.gnu-tools-for-stm32.11.3.rel1.win32_1.1.0.202305231506/tools/bin/../lib/gcc/arm-none-eabi/11.3.1/../../../../arm-none-eabi/lib/thumb/v7e-m+fp/hard\libc_nano.a(libc_a-memchr.o)
                0x00000000080001d0                memchr
 .text          0x0000000008000270       0x10 C:/ST/STM32CubeIDE_1.13.0/STM32CubeIDE/plugins/com.st.stm32cube.ide.mcu.externaltools.gnu-tools-for-stm32.11.3.rel1.win32_1.1.0.202305231506/tools/bin/../lib/gcc/arm-none-eabi/11.3.1/../../../../arm-none-eabi/lib/thumb/v7e-m+fp/hard\libc_nano.a(libc_a-strlen.o)
                0x0000000008000270                strlen
 .text          0x0000000008000280      0x378 C:/ST/STM32CubeIDE_1.13.0/STM32CubeIDE/plugins/com.st.stm32cube.ide.mcu.externaltools.gnu-tools-for-stm32.11.3.rel1.win32_1.1.0.202305231506/tools/bin/../lib/gcc/arm-none-eabi/11.3.1/thumb/v7e-m+fp/hard\libgcc.a(_arm_addsubdf3.o)
                0x0000000008000280                __aeabi_drsub
                0x0000000008000288                __aeabi_dsub
                0x0000000008000288                __subdf3
                0x000000000800028c                __aeabi_dadd
                0x000000000800028c                __adddf3
                0x0000000008000504                __floatunsidf
                0x0000000008000504                __aeabi_ui2d
                0x0000000008000524                __floatsidf
                0x0000000008000524                __aeabi_i2d
                0x0000000008000548                __aeabi_f2d
                0x0000000008000548                __extendsfdf2
                0x000000000800058c                __floatundidf
                0x000000000800058c                __aeabi_ul2d
                0x000000000800059c                __floatdidf
                0x000000000800059c                __aeabi_l2d
 .text          0x00000000080005f8      0x424 C:/ST/STM32CubeIDE_1.13.0/STM32CubeIDE/plugins/com.st.stm32cube.ide.mcu.externaltools.gnu-tools-for-stm32.11.3.rel1.win32_1.1.0.202305231506/tools/bin/../lib/gcc/arm-none-eabi/11.3.1/thumb/v7e-m+fp/hard\libgcc.a(_arm_muldivdf3.o)
                0x00000000080005f8                __aeabi_dmul
                0x00000000080005f8                __muldf3
                0x000000000800084c                __divdf3
                0x000000000800084c                __aeabi_ddiv
 .text          0x0000000008000a1c      0x110 C:/ST/STM32CubeIDE_1.13.0/STM32CubeIDE/plugins/com.st.stm32cube.ide.mcu.externaltools.gnu-tools-for-stm32.11.3.rel1.win32_1.1.0.202305231506/tools/bin/../lib/gcc/arm-none-eabi/11.3.1/thumb/v7e-m+fp/hard\libgcc.a(_arm_cmpdf2.o)
                0x0000000008000a1c                __gtdf2
                0x0000000008000a1c                __gedf2
                0x0000000008000a24                __ltdf2
                0x0000000008000a24                __ledf2
                0x0000000008000a2c                __nedf2
                0x0000000008000a2c                __eqdf2
                0x0000000008000a2c                __cmpdf2
                0x0000000008000aa8                __aeabi_cdrcmple
                0x0000000008000ab8                __aeabi_cdcmpeq
                0x0000000008000ab8                __aeabi_cdcmple
                0x0000000008000ac8                __aeabi_dcmpeq
                0x0000000008000adc                __aeabi_dcmplt
                0x0000000008000af0                __aeabi_dcmple
                0x0000000008000b04                __aeabi_dcmpge
                0x0000000008000b18                __aeabi_dcmpgt
 .text          0x0000000008000b2c       0x2c C:/ST/STM32CubeIDE_1.13.0/STM32CubeIDE/plugins/com.st.stm32cube.ide.mcu.externaltools.gnu-tools-for-stm32.11.3.rel1.win32_1.1.0.202305231506/tools/bin/../lib/gcc/arm-none-eabi/11.3.1/thumb/v7e-m+fp/hard\libgcc.a(_arm_unorddf2.o)
                0x0000000008000b2c                __unorddf2
                0x0000000008000b2c                __aeabi_dcmpun
 .text          0x0000000008000b58       0x50 C:/ST/STM32CubeIDE_1.13.0/STM32CubeIDE/plugins/com.st.stm32cube.ide.mcu.externaltools.gnu-tools-for-stm32.11.3.rel1.win32_1.1.0.202305231506/tools/bin/../lib/gcc/arm-none-eabi/11.3.1/thumb/v7e-m+fp/hard\libgcc.a(_arm_fixdfsi.o)
                0x0000000008000b58                __aeabi_d2iz
                0x0000000008000b58                __fixdfsi
 .text          0x0000000008000ba8       0x40 C:/ST/STM32CubeIDE_1.13.0/STM32CubeIDE/plugins/com.st.stm32cube.ide.mcu.externaltools.gnu-tools-for-stm32.11.3.rel1.win32_1.1.0.202305231506/tools/bin/../lib/gcc/arm-none-eabi/11.3.1/thumb/v7e-m+fp/hard\libgcc.a(_arm_fixunsdfsi.o)
                0x0000000008000ba8                __aeabi_d2uiz
                0x0000000008000ba8                __fixunsdfsi
 .text          0x0000000008000be8       0xa0 C:/ST/STM32CubeIDE_1.13.0/STM32CubeIDE/plugins/com.st.stm32cube.ide.mcu.externaltools.gnu-tools-for-stm32.11.3.rel1.win32_1.1.0.202305231506/tools/bin/../lib/gcc/arm-none-eabi/11.3.1/thumb/v7e-m+fp/hard\libgcc.a(_arm_truncdfsf2.o)
                0x0000000008000be8                __truncdfsf2
                0x0000000008000be8                __aeabi_d2f
 .text          0x0000000008000c88       0x30 C:/ST/STM32CubeIDE_1.13.0/STM32CubeIDE/plugins/com.st.stm32cube.ide.mcu.externaltools.gnu-tools-for-stm32.11.3.rel1.win32_1.1.0.202305231506/tools/bin/../lib/gcc/arm-none-eabi/11.3.1/thumb/v7e-m+fp/hard\libgcc.a(_aeabi_uldivmod.o)
                0x0000000008000c88                __aeabi_uldivmod
 .text          0x0000000008000cb8       0x30 C:/ST/STM32CubeIDE_1.13.0/STM32CubeIDE/plugins/com.st.stm32cube.ide.mcu.externaltools.gnu-tools-for-stm32.11.3.rel1.win32_1.1.0.202305231506/tools/bin/../lib/gcc/arm-none-eabi/11.3.1/thumb/v7e-m+fp/hard\libgcc.a(_fixdfdi.o)
                0x0000000008000cb8                __fixdfdi
                0x0000000008000cb8                __aeabi_d2lz
 .text          0x0000000008000ce8       0x3c C:/ST/STM32CubeIDE_1.13.0/STM32CubeIDE/plugins/com.st.stm32cube.ide.mcu.externaltools.gnu-tools-for-stm32.11.3.rel1.win32_1.1.0.202305231506/tools/bin/../lib/gcc/arm-none-eabi/11.3.1/thumb/v7e-m+fp/hard\libgcc.a(_fixunsdfdi.o)
                0x0000000008000ce8                __fixunsdfdi
                0x0000000008000ce8                __aeabi_d2ulz
 .text          0x0000000008000d24      0x2c8 C:/ST/STM32CubeIDE_1.13.0/STM32CubeIDE/plugins/com.st.stm32cube.ide.mcu.externaltools.gnu-tools-for-stm32.11.3.rel1.win32_1.1.0.202305231506/tools/bin/../lib/gcc/arm-none-eabi/11.3.1/thumb/v7e-m+fp/hard\libgcc.a(_udivmoddi4.o)
                0x0000000008000d24                __udivmoddi4
 .text          0x0000000008000fec        0x4 C:/ST/STM32CubeIDE_1.13.0/STM32CubeIDE/plugins/com.st.stm32cube.ide.mcu.externaltools.gnu-tools-for-stm32.11.3.rel1.win32_1.1.0.202305231506/tools/bin/../lib/gcc/arm-none-eabi/11.3.1/thumb/v7e-m+fp/hard\libgcc.a(_dvmd_tls.o)
                0x0000000008000fec                __aeabi_idiv0
                0x0000000008000fec                __aeabi_ldiv0
 *(.text*)
 .text.VTSInit  0x0000000008000ff0       0x68 ./Core/Driver/VTS/vehicleTrackingSystem.o
                0x0000000008000ff0                VTSInit
 .text.VTSControl
                0x0000000008001058       0x1c ./Core/Driver/VTS/vehicleTrackingSystem.o
                0x0000000008001058                VTSControl
 .text.VTS_Virtual_SysTick_Handler
                0x0000000008001074       0x20 ./Core/Driver/VTS/vehicleTrackingSystem.o
                0x0000000008001074                VTS_Virtual_SysTick_Handler
 .text.VTS_Virtual_UART_RxCpltCallback
                0x0000000008001094       0x44 ./Core/Driver/VTS/vehicleTrackingSystem.o
                0x0000000008001094                VTS_Virtual_UART_RxCpltCallback
 .text.VTS_Virtual_TIM_PeriodElapsedCallback
                0x00000000080010d8       0x98 ./Core/Driver/VTS/vehicleTrackingSystem.o
                0x00000000080010d8                VTS_Virtual_TIM_PeriodElapsedCallback
 .text.getBTStatePinState
                0x0000000008001170        0xc ./Core/Driver/bluetooth/bluetooth.o
                0x0000000008001170                getBTStatePinState
 .text.setBTModePin
                0x000000000800117c       0x1c ./Core/Driver/bluetooth/bluetooth.o
                0x000000000800117c                setBTModePin
 .text.getBTModePin
                0x0000000008001198        0xc ./Core/Driver/bluetooth/bluetooth.o
                0x0000000008001198                getBTModePin
 .text.sendBtUartData
                0x00000000080011a4       0x2c ./Core/Driver/bluetooth/bluetooth.o
                0x00000000080011a4                sendBtUartData
 .text.getBtConnState
                0x00000000080011d0        0xc ./Core/Driver/bluetooth/bluetooth.o
                0x00000000080011d0                getBtConnState
 .text.btInitConfig
                0x00000000080011dc      0x184 ./Core/Driver/bluetooth/bluetooth.o
                0x00000000080011dc                btInitConfig
 .text.btConnection
                0x0000000008001360      0x238 ./Core/Driver/bluetooth/bluetooth.o
                0x0000000008001360                btConnection
 .text.btInit   0x0000000008001598       0x3c ./Core/Driver/bluetooth/bluetooth.o
                0x0000000008001598                btInit
 .text.btControl
                0x00000000080015d4       0xc4 ./Core/Driver/bluetooth/bluetooth.o
                0x00000000080015d4                btControl
 .text.BT_Virtual_UART_RxCpltCallback
                0x0000000008001698       0x7c ./Core/Driver/bluetooth/bluetooth.o
                0x0000000008001698                BT_Virtual_UART_RxCpltCallback
 .text.BT_Virtual_Systick
                0x0000000008001714       0x8c ./Core/Driver/bluetooth/bluetooth.o
                0x0000000008001714                BT_Virtual_Systick
 .text.getGGALatLongValue
                0x00000000080017a0       0x34 ./Core/Driver/gps/gps.o
                0x00000000080017a0                getGGALatLongValue
 .text.gpsInit  0x00000000080017d4       0x20 ./Core/Driver/gps/gps.o
                0x00000000080017d4                gpsInit
 .text.GPS_Virtual_Systick
                0x00000000080017f4       0x10 ./Core/Driver/gps/gps.o
                0x00000000080017f4                GPS_Virtual_Systick
 .text.GPS_Virtual_UART_RxCpltCallback
                0x0000000008001804       0x98 ./Core/Driver/gps/gps.o
                0x0000000008001804                GPS_Virtual_UART_RxCpltCallback
 *fill*         0x000000000800189c        0x4 
 .text.convertRMCMsg
                0x00000000080018a0      0x240 ./Core/Driver/gps/gps.o
                0x00000000080018a0                convertRMCMsg
 .text.convertGGAMsg
                0x0000000008001ae0      0x260 ./Core/Driver/gps/gps.o
                0x0000000008001ae0                convertGGAMsg
 .text.convertGSAMsg
                0x0000000008001d40       0x9c ./Core/Driver/gps/gps.o
                0x0000000008001d40                convertGSAMsg
 .text.parseNmeaMsg
                0x0000000008001ddc      0x190 ./Core/Driver/gps/gps.o
                0x0000000008001ddc                parseNmeaMsg
 .text.gpsControl
                0x0000000008001f6c       0x34 ./Core/Driver/gps/gps.o
                0x0000000008001f6c                gpsControl
 .text.getModuleConfigState
                0x0000000008001fa0        0xc ./Core/Driver/m95/m95.o
                0x0000000008001fa0                getModuleConfigState
 .text.setModuleConfigState
                0x0000000008001fac        0xc ./Core/Driver/m95/m95.o
                0x0000000008001fac                setModuleConfigState
 .text.getRecvCompleted
                0x0000000008001fb8        0xc ./Core/Driver/m95/m95.o
                0x0000000008001fb8                getRecvCompleted
 .text.gsmInit  0x0000000008001fc4       0xc8 ./Core/Driver/m95/m95.o
                0x0000000008001fc4                gsmInit
 .text.gsmConfig
                0x000000000800208c      0x3c8 ./Core/Driver/m95/m95.o
                0x000000000800208c                gsmConfig
 .text.sendATCommand
                0x0000000008002454       0x48 ./Core/Driver/m95/m95.o
                0x0000000008002454                sendATCommand
 .text.findATCommandResp
                0x000000000800249c       0x18 ./Core/Driver/m95/m95.o
                0x000000000800249c                findATCommandResp
 .text.GSM_Virtual_UART_RxCpltCallback
                0x00000000080024b4       0x58 ./Core/Driver/m95/m95.o
                0x00000000080024b4                GSM_Virtual_UART_RxCpltCallback
 .text.sendUartData
                0x000000000800250c       0x84 ./Core/Driver/m95/m95.o
                0x000000000800250c                sendUartData
 .text.GSM_Virtual_TIM_ElapsedCallback
                0x0000000008002590       0x6c ./Core/Driver/m95/m95.o
                0x0000000008002590                GSM_Virtual_TIM_ElapsedCallback
 *fill*         0x00000000080025fc        0x4 
 .text.GSM_Virtual_Systick
                0x0000000008002600       0x54 ./Core/Driver/m95/m95.o
                0x0000000008002600                GSM_Virtual_Systick
 .text.getRxGSMRawData
                0x0000000008002654       0x14 ./Core/Driver/m95/m95.o
                0x0000000008002654                getRxGSMRawData
 .text.gsmControl
                0x0000000008002668       0x84 ./Core/Driver/m95/m95.o
                0x0000000008002668                gsmControl
 .text.LIS3DSH_Init
                0x00000000080026ec      0x164 ./Core/Driver/mems/MY_LIS3DSH.o
                0x00000000080026ec                LIS3DSH_Init
 .text.LIS3DSH_GetDataScaled
                0x0000000008002850      0x150 ./Core/Driver/mems/MY_LIS3DSH.o
                0x0000000008002850                LIS3DSH_GetDataScaled
 .text.memsInit
                0x00000000080029a0       0x78 ./Core/Driver/mems/MY_LIS3DSH.o
                0x00000000080029a0                memsInit
 .text.checkShakeAxesCnt
                0x0000000008002a18      0x114 ./Core/Driver/mems/MY_LIS3DSH.o
                0x0000000008002a18                checkShakeAxesCnt
 .text.memsControl
                0x0000000008002b2c       0xf0 ./Core/Driver/mems/MY_LIS3DSH.o
                0x0000000008002b2c                memsControl
 .text.MEMS_Virtual_Systick_Handler
                0x0000000008002c1c       0x10 ./Core/Driver/mems/MY_LIS3DSH.o
                0x0000000008002c1c                MEMS_Virtual_Systick_Handler
 .text.setMQTTOpenState
                0x0000000008002c2c        0xc ./Core/Driver/mqtt/mqtt.o
                0x0000000008002c2c                setMQTTOpenState
 .text.setMQTTConnectState
                0x0000000008002c38        0xc ./Core/Driver/mqtt/mqtt.o
                0x0000000008002c38                setMQTTConnectState
 .text.setMQTTConfigState
                0x0000000008002c44        0xc ./Core/Driver/mqtt/mqtt.o
                0x0000000008002c44                setMQTTConfigState
 .text.deleteCertKey
                0x0000000008002c50      0x188 ./Core/Driver/mqtt/mqtt.o
                0x0000000008002c50                deleteCertKey
 .text.writeCertKey
                0x0000000008002dd8      0x2b8 ./Core/Driver/mqtt/mqtt.o
                0x0000000008002dd8                writeCertKey
 .text.mqttInit.part.0
                0x0000000008003090      0x2a0 ./Core/Driver/mqtt/mqtt.o
 .text.mqttConnect
                0x0000000008003330      0x114 ./Core/Driver/mqtt/mqtt.o
                0x0000000008003330                mqttConnect
 .text.mqttOpenBroker
                0x0000000008003444      0x128 ./Core/Driver/mqtt/mqtt.o
                0x0000000008003444                mqttOpenBroker
 .text.mqttPubMessage
                0x000000000800356c      0x1e4 ./Core/Driver/mqtt/mqtt.o
                0x000000000800356c                mqttPubMessage
 .text.MQTT_Virtual_Systick_Handler
                0x0000000008003750       0x10 ./Core/Driver/mqtt/mqtt.o
                0x0000000008003750                MQTT_Virtual_Systick_Handler
 .text.MQTT_Virtual_TIM_ElapsedCallback
                0x0000000008003760       0x18 ./Core/Driver/mqtt/mqtt.o
                0x0000000008003760                MQTT_Virtual_TIM_ElapsedCallback
 .text.mqttControl
                0x0000000008003778      0x1ac ./Core/Driver/mqtt/mqtt.o
                0x0000000008003778                mqttControl
 .text.setObd2PeroidicDataCompletedState
                0x0000000008003924        0xc ./Core/Driver/obd2/obd2.o
                0x0000000008003924                setObd2PeroidicDataCompletedState
 .text.getObd2PeroidicDataCompletedState
                0x0000000008003930        0xc ./Core/Driver/obd2/obd2.o
                0x0000000008003930                getObd2PeroidicDataCompletedState
 .text.obd2Init
                0x000000000800393c      0x278 ./Core/Driver/obd2/obd2.o
                0x000000000800393c                obd2Init
 .text.changeOBD2Protocol
                0x0000000008003bb4      0x130 ./Core/Driver/obd2/obd2.o
                0x0000000008003bb4                changeOBD2Protocol
 .text.getPeriodicObdVehicleData
                0x0000000008003ce4       0x24 ./Core/Driver/obd2/obd2.o
                0x0000000008003ce4                getPeriodicObdVehicleData
 .text.convertObd2Data
                0x0000000008003d08      0x2e0 ./Core/Driver/obd2/obd2.o
                0x0000000008003d08                convertObd2Data
 .text.obd2GetPeriodicMsg
                0x0000000008003fe8      0x160 ./Core/Driver/obd2/obd2.o
                0x0000000008003fe8                obd2GetPeriodicMsg
 .text.obd2Control
                0x0000000008004148       0x90 ./Core/Driver/obd2/obd2.o
                0x0000000008004148                obd2Control
 .text.OBD_Virtual_Systick_Handler
                0x00000000080041d8       0x2c ./Core/Driver/obd2/obd2.o
                0x00000000080041d8                OBD_Virtual_Systick_Handler
 .text.OBD_Virtual_Rx_Completed_Callback
                0x0000000008004204       0x48 ./Core/Driver/obd2/obd2.o
                0x0000000008004204                OBD_Virtual_Rx_Completed_Callback
 .text.uartDebugInit
                0x000000000800424c       0x20 ./Core/Driver/uart_debug/uart_debug.o
                0x000000000800424c                uartDebugInit
 .text.customDebugMsg
                0x000000000800426c        0x8 ./Core/Driver/uart_debug/uart_debug.o
                0x000000000800426c                customDebugMsg
 .text.DEBUG_Virtual_UART_RxCpltCallback
                0x0000000008004274       0x54 ./Core/Driver/uart_debug/uart_debug.o
                0x0000000008004274                DEBUG_Virtual_UART_RxCpltCallback
 .text.Error_Handler
                0x00000000080042c8       0x24 ./Core/Src/main.o
                0x00000000080042c8                Error_Handler
 .text.SystemClock_Config
                0x00000000080042ec       0x9c ./Core/Src/main.o
                0x00000000080042ec                SystemClock_Config
 .text.startup.main
                0x0000000008004388      0x328 ./Core/Src/main.o
                0x0000000008004388                main
 .text.HAL_MspInit
                0x00000000080046b0       0x38 ./Core/Src/stm32f4xx_hal_msp.o
                0x00000000080046b0                HAL_MspInit
 .text.HAL_SPI_MspInit
                0x00000000080046e8       0x78 ./Core/Src/stm32f4xx_hal_msp.o
                0x00000000080046e8                HAL_SPI_MspInit
 .text.HAL_TIM_Base_MspInit
                0x0000000008004760       0x40 ./Core/Src/stm32f4xx_hal_msp.o
                0x0000000008004760                HAL_TIM_Base_MspInit
 .text.HAL_UART_MspInit
                0x00000000080047a0      0x278 ./Core/Src/stm32f4xx_hal_msp.o
                0x00000000080047a0                HAL_UART_MspInit
 .text.__NVIC_SystemReset
                0x0000000008004a18       0x24 ./Core/Src/stm32f4xx_it.o
 .text.NMI_Handler
                0x0000000008004a3c        0x8 ./Core/Src/stm32f4xx_it.o
                0x0000000008004a3c                NMI_Handler
 .text.HardFault_Handler
                0x0000000008004a44        0x8 ./Core/Src/stm32f4xx_it.o
                0x0000000008004a44                HardFault_Handler
 .text.MemManage_Handler
                0x0000000008004a4c        0x4 ./Core/Src/stm32f4xx_it.o
                0x0000000008004a4c                MemManage_Handler
 .text.BusFault_Handler
                0x0000000008004a50        0x8 ./Core/Src/stm32f4xx_it.o
                0x0000000008004a50                BusFault_Handler
 .text.UsageFault_Handler
                0x0000000008004a58        0x8 ./Core/Src/stm32f4xx_it.o
                0x0000000008004a58                UsageFault_Handler
 .text.SVC_Handler
                0x0000000008004a60        0x4 ./Core/Src/stm32f4xx_it.o
                0x0000000008004a60                SVC_Handler
 .text.DebugMon_Handler
                0x0000000008004a64        0x4 ./Core/Src/stm32f4xx_it.o
                0x0000000008004a64                DebugMon_Handler
 .text.PendSV_Handler
                0x0000000008004a68        0x4 ./Core/Src/stm32f4xx_it.o
                0x0000000008004a68                PendSV_Handler
 .text.SysTick_Handler
                0x0000000008004a6c       0x10 ./Core/Src/stm32f4xx_it.o
                0x0000000008004a6c                SysTick_Handler
 .text.SPI1_IRQHandler
                0x0000000008004a7c        0xc ./Core/Src/stm32f4xx_it.o
                0x0000000008004a7c                SPI1_IRQHandler
 .text.USART2_IRQHandler
                0x0000000008004a88        0xc ./Core/Src/stm32f4xx_it.o
                0x0000000008004a88                USART2_IRQHandler
 .text.USART3_IRQHandler
                0x0000000008004a94        0xc ./Core/Src/stm32f4xx_it.o
                0x0000000008004a94                USART3_IRQHandler
 .text.UART4_IRQHandler
                0x0000000008004aa0        0xc ./Core/Src/stm32f4xx_it.o
                0x0000000008004aa0                UART4_IRQHandler
 .text.UART5_IRQHandler
                0x0000000008004aac        0xc ./Core/Src/stm32f4xx_it.o
                0x0000000008004aac                UART5_IRQHandler
 .text.TIM6_DAC_IRQHandler
                0x0000000008004ab8        0xc ./Core/Src/stm32f4xx_it.o
                0x0000000008004ab8                TIM6_DAC_IRQHandler
 .text.USART6_IRQHandler
                0x0000000008004ac4        0xc ./Core/Src/stm32f4xx_it.o
                0x0000000008004ac4                USART6_IRQHandler
 .text.HAL_UART_RxCpltCallback
                0x0000000008004ad0        0x4 ./Core/Src/stm32f4xx_it.o
                0x0000000008004ad0                HAL_UART_RxCpltCallback
 .text.HAL_TIM_PeriodElapsedCallback
                0x0000000008004ad4        0x4 ./Core/Src/stm32f4xx_it.o
                0x0000000008004ad4                HAL_TIM_PeriodElapsedCallback
 .text._getpid  0x0000000008004ad8        0x4 ./Core/Src/syscalls.o
                0x0000000008004ad8                _getpid
 .text._kill    0x0000000008004adc       0x10 ./Core/Src/syscalls.o
                0x0000000008004adc                _kill
 .text._exit    0x0000000008004aec        0xc ./Core/Src/syscalls.o
                0x0000000008004aec                _exit
 .text._read    0x0000000008004af8       0x1c ./Core/Src/syscalls.o
                0x0000000008004af8                _read
 .text._write   0x0000000008004b14       0x1c ./Core/Src/syscalls.o
                0x0000000008004b14                _write
 .text._close   0x0000000008004b30        0x8 ./Core/Src/syscalls.o
                0x0000000008004b30                _close
 .text._fstat   0x0000000008004b38        0xc ./Core/Src/syscalls.o
                0x0000000008004b38                _fstat
 .text._isatty  0x0000000008004b44        0x4 ./Core/Src/syscalls.o
                0x0000000008004b44                _isatty
 .text._lseek   0x0000000008004b48        0x4 ./Core/Src/syscalls.o
                0x0000000008004b48                _lseek
 .text._sbrk    0x0000000008004b4c       0x44 ./Core/Src/sysmem.o
                0x0000000008004b4c                _sbrk
 .text.SystemInit
                0x0000000008004b90       0x14 ./Core/Src/system_stm32f4xx.o
                0x0000000008004b90                SystemInit
 .text.Reset_Handler
                0x0000000008004ba4       0x50 ./Core/Startup/startup_stm32f407vgtx.o
                0x0000000008004ba4                Reset_Handler
 .text.Default_Handler
                0x0000000008004bf4        0x2 ./Core/Startup/startup_stm32f407vgtx.o
                0x0000000008004bf4                RTC_Alarm_IRQHandler
                0x0000000008004bf4                HASH_RNG_IRQHandler
                0x0000000008004bf4                EXTI2_IRQHandler
                0x0000000008004bf4                TIM8_CC_IRQHandler
                0x0000000008004bf4                TIM1_CC_IRQHandler
                0x0000000008004bf4                DMA2_Stream5_IRQHandler
                0x0000000008004bf4                DMA1_Stream5_IRQHandler
                0x0000000008004bf4                PVD_IRQHandler
                0x0000000008004bf4                SDIO_IRQHandler
                0x0000000008004bf4                TAMP_STAMP_IRQHandler
                0x0000000008004bf4                CAN2_RX1_IRQHandler
                0x0000000008004bf4                EXTI3_IRQHandler
                0x0000000008004bf4                TIM8_TRG_COM_TIM14_IRQHandler
                0x0000000008004bf4                TIM1_UP_TIM10_IRQHandler
                0x0000000008004bf4                TIM8_UP_TIM13_IRQHandler
                0x0000000008004bf4                I2C3_ER_IRQHandler
                0x0000000008004bf4                EXTI0_IRQHandler
                0x0000000008004bf4                I2C2_EV_IRQHandler
                0x0000000008004bf4                DMA1_Stream2_IRQHandler
                0x0000000008004bf4                CAN1_RX0_IRQHandler
                0x0000000008004bf4                FPU_IRQHandler
                0x0000000008004bf4                OTG_HS_WKUP_IRQHandler
                0x0000000008004bf4                CAN2_SCE_IRQHandler
                0x0000000008004bf4                DMA2_Stream2_IRQHandler
                0x0000000008004bf4                TIM1_BRK_TIM9_IRQHandler
                0x0000000008004bf4                DCMI_IRQHandler
                0x0000000008004bf4                CAN2_RX0_IRQHandler
                0x0000000008004bf4                DMA2_Stream3_IRQHandler
                0x0000000008004bf4                CAN1_RX1_IRQHandler
                0x0000000008004bf4                DMA2_Stream0_IRQHandler
                0x0000000008004bf4                TIM4_IRQHandler
                0x0000000008004bf4                I2C1_EV_IRQHandler
                0x0000000008004bf4                DMA1_Stream6_IRQHandler
                0x0000000008004bf4                DMA1_Stream1_IRQHandler
                0x0000000008004bf4                TIM3_IRQHandler
                0x0000000008004bf4                RCC_IRQHandler
                0x0000000008004bf4                TIM8_BRK_TIM12_IRQHandler
                0x0000000008004bf4                Default_Handler
                0x0000000008004bf4                EXTI15_10_IRQHandler
                0x0000000008004bf4                ADC_IRQHandler
                0x0000000008004bf4                DMA1_Stream7_IRQHandler
                0x0000000008004bf4                TIM7_IRQHandler
                0x0000000008004bf4                CAN2_TX_IRQHandler
                0x0000000008004bf4                TIM5_IRQHandler
                0x0000000008004bf4                DMA2_Stream7_IRQHandler
                0x0000000008004bf4                I2C3_EV_IRQHandler
                0x0000000008004bf4                EXTI9_5_IRQHandler
                0x0000000008004bf4                RTC_WKUP_IRQHandler
                0x0000000008004bf4                ETH_WKUP_IRQHandler
                0x0000000008004bf4                SPI2_IRQHandler
                0x0000000008004bf4                OTG_HS_EP1_IN_IRQHandler
                0x0000000008004bf4                DMA1_Stream0_IRQHandler
                0x0000000008004bf4                CAN1_TX_IRQHandler
                0x0000000008004bf4                EXTI4_IRQHandler
                0x0000000008004bf4                FSMC_IRQHandler
                0x0000000008004bf4                ETH_IRQHandler
                0x0000000008004bf4                OTG_HS_EP1_OUT_IRQHandler
                0x0000000008004bf4                WWDG_IRQHandler
                0x0000000008004bf4                TIM2_IRQHandler
                0x0000000008004bf4                OTG_FS_WKUP_IRQHandler
                0x0000000008004bf4                TIM1_TRG_COM_TIM11_IRQHandler
                0x0000000008004bf4                OTG_HS_IRQHandler
                0x0000000008004bf4                EXTI1_IRQHandler
                0x0000000008004bf4                I2C2_ER_IRQHandler
                0x0000000008004bf4                DMA2_Stream1_IRQHandler
                0x0000000008004bf4                CAN1_SCE_IRQHandler
                0x0000000008004bf4                FLASH_IRQHandler
                0x0000000008004bf4                DMA2_Stream4_IRQHandler
                0x0000000008004bf4                USART1_IRQHandler
                0x0000000008004bf4                OTG_FS_IRQHandler
                0x0000000008004bf4                SPI3_IRQHandler
                0x0000000008004bf4                DMA1_Stream4_IRQHandler
                0x0000000008004bf4                I2C1_ER_IRQHandler
                0x0000000008004bf4                DMA2_Stream6_IRQHandler
                0x0000000008004bf4                DMA1_Stream3_IRQHandler
 *fill*         0x0000000008004bf6        0x2 
 .text.HAL_InitTick
                0x0000000008004bf8       0x48 ./Drivers/STM32F4xx_HAL_Driver/Src/stm32f4xx_hal.o
                0x0000000008004bf8                HAL_InitTick
 .text.HAL_Init
                0x0000000008004c40       0x34 ./Drivers/STM32F4xx_HAL_Driver/Src/stm32f4xx_hal.o
                0x0000000008004c40                HAL_Init
 .text.HAL_IncTick
                0x0000000008004c74       0x18 ./Drivers/STM32F4xx_HAL_Driver/Src/stm32f4xx_hal.o
                0x0000000008004c74                HAL_IncTick
 .text.HAL_GetTick
                0x0000000008004c8c        0xc ./Drivers/STM32F4xx_HAL_Driver/Src/stm32f4xx_hal.o
                0x0000000008004c8c                HAL_GetTick
 .text.HAL_Delay
                0x0000000008004c98       0x24 ./Drivers/STM32F4xx_HAL_Driver/Src/stm32f4xx_hal.o
                0x0000000008004c98                HAL_Delay
 .text.HAL_NVIC_SetPriorityGrouping
                0x0000000008004cbc       0x24 ./Drivers/STM32F4xx_HAL_Driver/Src/stm32f4xx_hal_cortex.o
                0x0000000008004cbc                HAL_NVIC_SetPriorityGrouping
 .text.HAL_NVIC_SetPriority
                0x0000000008004ce0       0x7c ./Drivers/STM32F4xx_HAL_Driver/Src/stm32f4xx_hal_cortex.o
                0x0000000008004ce0                HAL_NVIC_SetPriority
 .text.HAL_NVIC_EnableIRQ
                0x0000000008004d5c       0x1c ./Drivers/STM32F4xx_HAL_Driver/Src/stm32f4xx_hal_cortex.o
                0x0000000008004d5c                HAL_NVIC_EnableIRQ
 .text.HAL_SYSTICK_Config
                0x0000000008004d78       0x34 ./Drivers/STM32F4xx_HAL_Driver/Src/stm32f4xx_hal_cortex.o
                0x0000000008004d78                HAL_SYSTICK_Config
 .text.HAL_DMA_Abort
                0x0000000008004dac       0x94 ./Drivers/STM32F4xx_HAL_Driver/Src/stm32f4xx_hal_dma.o
                0x0000000008004dac                HAL_DMA_Abort
 .text.HAL_DMA_Abort_IT
                0x0000000008004e40       0x24 ./Drivers/STM32F4xx_HAL_Driver/Src/stm32f4xx_hal_dma.o
                0x0000000008004e40                HAL_DMA_Abort_IT
 .text.HAL_GPIO_Init
                0x0000000008004e64      0x244 ./Drivers/STM32F4xx_HAL_Driver/Src/stm32f4xx_hal_gpio.o
                0x0000000008004e64                HAL_GPIO_Init
 .text.HAL_GPIO_ReadPin
                0x00000000080050a8        0xc ./Drivers/STM32F4xx_HAL_Driver/Src/stm32f4xx_hal_gpio.o
                0x00000000080050a8                HAL_GPIO_ReadPin
 .text.HAL_GPIO_WritePin
                0x00000000080050b4        0x8 ./Drivers/STM32F4xx_HAL_Driver/Src/stm32f4xx_hal_gpio.o
                0x00000000080050b4                HAL_GPIO_WritePin
 .text.HAL_RCC_OscConfig
                0x00000000080050bc      0x3c8 ./Drivers/STM32F4xx_HAL_Driver/Src/stm32f4xx_hal_rcc.o
                0x00000000080050bc                HAL_RCC_OscConfig
 .text.HAL_RCC_GetSysClockFreq
                0x0000000008005484       0x68 ./Drivers/STM32F4xx_HAL_Driver/Src/stm32f4xx_hal_rcc.o
                0x0000000008005484                HAL_RCC_GetSysClockFreq
 .text.HAL_RCC_ClockConfig
                0x00000000080054ec      0x13c ./Drivers/STM32F4xx_HAL_Driver/Src/stm32f4xx_hal_rcc.o
                0x00000000080054ec                HAL_RCC_ClockConfig
 .text.HAL_RCC_GetPCLK1Freq
                0x0000000008005628       0x20 ./Drivers/STM32F4xx_HAL_Driver/Src/stm32f4xx_hal_rcc.o
                0x0000000008005628                HAL_RCC_GetPCLK1Freq
 .text.HAL_RCC_GetPCLK2Freq
                0x0000000008005648       0x20 ./Drivers/STM32F4xx_HAL_Driver/Src/stm32f4xx_hal_rcc.o
                0x0000000008005648                HAL_RCC_GetPCLK2Freq
 .text.SPI_WaitFlagStateUntilTimeout.constprop.0
                0x0000000008005668       0xbc ./Drivers/STM32F4xx_HAL_Driver/Src/stm32f4xx_hal_spi.o
 .text.SPI_EndRxTransaction
                0x0000000008005724       0x78 ./Drivers/STM32F4xx_HAL_Driver/Src/stm32f4xx_hal_spi.o
 .text.HAL_SPI_Init
                0x000000000800579c       0xc4 ./Drivers/STM32F4xx_HAL_Driver/Src/stm32f4xx_hal_spi.o
                0x000000000800579c                HAL_SPI_Init
 .text.HAL_SPI_Transmit
                0x0000000008005860      0x244 ./Drivers/STM32F4xx_HAL_Driver/Src/stm32f4xx_hal_spi.o
                0x0000000008005860                HAL_SPI_Transmit
 .text.HAL_SPI_TransmitReceive
                0x0000000008005aa4      0x30c ./Drivers/STM32F4xx_HAL_Driver/Src/stm32f4xx_hal_spi.o
                0x0000000008005aa4                HAL_SPI_TransmitReceive
 .text.HAL_SPI_Receive
                0x0000000008005db0      0x1cc ./Drivers/STM32F4xx_HAL_Driver/Src/stm32f4xx_hal_spi.o
                0x0000000008005db0                HAL_SPI_Receive
 .text.HAL_SPI_ErrorCallback
                0x0000000008005f7c        0x4 ./Drivers/STM32F4xx_HAL_Driver/Src/stm32f4xx_hal_spi.o
                0x0000000008005f7c                HAL_SPI_ErrorCallback
 .text.HAL_SPI_IRQHandler
                0x0000000008005f80      0x104 ./Drivers/STM32F4xx_HAL_Driver/Src/stm32f4xx_hal_spi.o
                0x0000000008005f80                HAL_SPI_IRQHandler
 .text.SPI_DMAAbortOnError
                0x0000000008006084       0x10 ./Drivers/STM32F4xx_HAL_Driver/Src/stm32f4xx_hal_spi.o
 .text.HAL_TIM_Base_Init
                0x0000000008006094      0x11c ./Drivers/STM32F4xx_HAL_Driver/Src/stm32f4xx_hal_tim.o
                0x0000000008006094                HAL_TIM_Base_Init
 .text.HAL_TIM_Base_Start_IT
                0x00000000080061b0       0x78 ./Drivers/STM32F4xx_HAL_Driver/Src/stm32f4xx_hal_tim.o
                0x00000000080061b0                HAL_TIM_Base_Start_IT
 .text.HAL_TIM_OC_DelayElapsedCallback
                0x0000000008006228        0x4 ./Drivers/STM32F4xx_HAL_Driver/Src/stm32f4xx_hal_tim.o
                0x0000000008006228                HAL_TIM_OC_DelayElapsedCallback
 .text.HAL_TIM_IC_CaptureCallback
                0x000000000800622c        0x4 ./Drivers/STM32F4xx_HAL_Driver/Src/stm32f4xx_hal_tim.o
                0x000000000800622c                HAL_TIM_IC_CaptureCallback
 .text.HAL_TIM_PWM_PulseFinishedCallback
                0x0000000008006230        0x4 ./Drivers/STM32F4xx_HAL_Driver/Src/stm32f4xx_hal_tim.o
                0x0000000008006230                HAL_TIM_PWM_PulseFinishedCallback
 .text.HAL_TIM_TriggerCallback
                0x0000000008006234        0x4 ./Drivers/STM32F4xx_HAL_Driver/Src/stm32f4xx_hal_tim.o
                0x0000000008006234                HAL_TIM_TriggerCallback
 .text.HAL_TIM_IRQHandler
                0x0000000008006238      0x154 ./Drivers/STM32F4xx_HAL_Driver/Src/stm32f4xx_hal_tim.o
                0x0000000008006238                HAL_TIM_IRQHandler
 .text.HAL_TIMEx_MasterConfigSynchronization
                0x000000000800638c       0x80 ./Drivers/STM32F4xx_HAL_Driver/Src/stm32f4xx_hal_tim_ex.o
                0x000000000800638c                HAL_TIMEx_MasterConfigSynchronization
 .text.HAL_TIMEx_CommutCallback
                0x000000000800640c        0x4 ./Drivers/STM32F4xx_HAL_Driver/Src/stm32f4xx_hal_tim_ex.o
                0x000000000800640c                HAL_TIMEx_CommutCallback
 .text.HAL_TIMEx_BreakCallback
                0x0000000008006410        0x4 ./Drivers/STM32F4xx_HAL_Driver/Src/stm32f4xx_hal_tim_ex.o
                0x0000000008006410                HAL_TIMEx_BreakCallback
 .text.HAL_UART_Init
                0x0000000008006414      0x134 ./Drivers/STM32F4xx_HAL_Driver/Src/stm32f4xx_hal_uart.o
                0x0000000008006414                HAL_UART_Init
 .text.HAL_UART_Transmit
                0x0000000008006548      0x15c ./Drivers/STM32F4xx_HAL_Driver/Src/stm32f4xx_hal_uart.o
                0x0000000008006548                HAL_UART_Transmit
 .text.HAL_UART_Receive_IT
                0x00000000080066a4       0x58 ./Drivers/STM32F4xx_HAL_Driver/Src/stm32f4xx_hal_uart.o
                0x00000000080066a4                HAL_UART_Receive_IT
 .text.HAL_UART_TxCpltCallback
                0x00000000080066fc        0x4 ./Drivers/STM32F4xx_HAL_Driver/Src/stm32f4xx_hal_uart.o
                0x00000000080066fc                HAL_UART_TxCpltCallback
 .text.HAL_UART_ErrorCallback
                0x0000000008006700        0x4 ./Drivers/STM32F4xx_HAL_Driver/Src/stm32f4xx_hal_uart.o
                0x0000000008006700                HAL_UART_ErrorCallback
 .text.UART_DMAAbortOnError
                0x0000000008006704       0x10 ./Drivers/STM32F4xx_HAL_Driver/Src/stm32f4xx_hal_uart.o
 .text.HAL_UARTEx_RxEventCallback
                0x0000000008006714        0x4 ./Drivers/STM32F4xx_HAL_Driver/Src/stm32f4xx_hal_uart.o
                0x0000000008006714                HAL_UARTEx_RxEventCallback
 .text.UART_Receive_IT.part.0.isra.0
                0x0000000008006718       0xcc ./Drivers/STM32F4xx_HAL_Driver/Src/stm32f4xx_hal_uart.o
 .text.HAL_UART_IRQHandler
                0x00000000080067e4      0x318 ./Drivers/STM32F4xx_HAL_Driver/Src/stm32f4xx_hal_uart.o
                0x00000000080067e4                HAL_UART_IRQHandler
 .text.atof     0x0000000008006afc        0x6 C:/ST/STM32CubeIDE_1.13.0/STM32CubeIDE/plugins/com.st.stm32cube.ide.mcu.externaltools.gnu-tools-for-stm32.11.3.rel1.win32_1.1.0.202305231506/tools/bin/../lib/gcc/arm-none-eabi/11.3.1/../../../../arm-none-eabi/lib/thumb/v7e-m+fp/hard\libc_nano.a(libc_a-atof.o)
                0x0000000008006afc                atof
 .text.atoff    0x0000000008006b02        0x6 C:/ST/STM32CubeIDE_1.13.0/STM32CubeIDE/plugins/com.st.stm32cube.ide.mcu.externaltools.gnu-tools-for-stm32.11.3.rel1.win32_1.1.0.202305231506/tools/bin/../lib/gcc/arm-none-eabi/11.3.1/../../../../arm-none-eabi/lib/thumb/v7e-m+fp/hard\libc_nano.a(libc_a-atoff.o)
                0x0000000008006b02                atoff
 .text.atoi     0x0000000008006b08        0x8 C:/ST/STM32CubeIDE_1.13.0/STM32CubeIDE/plugins/com.st.stm32cube.ide.mcu.externaltools.gnu-tools-for-stm32.11.3.rel1.win32_1.1.0.202305231506/tools/bin/../lib/gcc/arm-none-eabi/11.3.1/../../../../arm-none-eabi/lib/thumb/v7e-m+fp/hard\libc_nano.a(libc_a-atoi.o)
                0x0000000008006b08                atoi
 .text.atol     0x0000000008006b10        0x8 C:/ST/STM32CubeIDE_1.13.0/STM32CubeIDE/plugins/com.st.stm32cube.ide.mcu.externaltools.gnu-tools-for-stm32.11.3.rel1.win32_1.1.0.202305231506/tools/bin/../lib/gcc/arm-none-eabi/11.3.1/../../../../arm-none-eabi/lib/thumb/v7e-m+fp/hard\libc_nano.a(libc_a-atol.o)
                0x0000000008006b10                atol
 .text.sulp     0x0000000008006b18       0x38 C:/ST/STM32CubeIDE_1.13.0/STM32CubeIDE/plugins/com.st.stm32cube.ide.mcu.externaltools.gnu-tools-for-stm32.11.3.rel1.win32_1.1.0.202305231506/tools/bin/../lib/gcc/arm-none-eabi/11.3.1/../../../../arm-none-eabi/lib/thumb/v7e-m+fp/hard\libc_nano.a(libc_a-strtod.o)
 .text._strtod_l
                0x0000000008006b50      0xbe0 C:/ST/STM32CubeIDE_1.13.0/STM32CubeIDE/plugins/com.st.stm32cube.ide.mcu.externaltools.gnu-tools-for-stm32.11.3.rel1.win32_1.1.0.202305231506/tools/bin/../lib/gcc/arm-none-eabi/11.3.1/../../../../arm-none-eabi/lib/thumb/v7e-m+fp/hard\libc_nano.a(libc_a-strtod.o)
                0x0000000008006b50                _strtod_l
 .text._strtod_r
                0x0000000008007730        0xc C:/ST/STM32CubeIDE_1.13.0/STM32CubeIDE/plugins/com.st.stm32cube.ide.mcu.externaltools.gnu-tools-for-stm32.11.3.rel1.win32_1.1.0.202305231506/tools/bin/../lib/gcc/arm-none-eabi/11.3.1/../../../../arm-none-eabi/lib/thumb/v7e-m+fp/hard\libc_nano.a(libc_a-strtod.o)
                0x0000000008007730                _strtod_r
 .text.strtod   0x000000000800773c       0x18 C:/ST/STM32CubeIDE_1.13.0/STM32CubeIDE/plugins/com.st.stm32cube.ide.mcu.externaltools.gnu-tools-for-stm32.11.3.rel1.win32_1.1.0.202305231506/tools/bin/../lib/gcc/arm-none-eabi/11.3.1/../../../../arm-none-eabi/lib/thumb/v7e-m+fp/hard\libc_nano.a(libc_a-strtod.o)
                0x000000000800773c                strtod
 .text.strtof   0x0000000008007754       0xcc C:/ST/STM32CubeIDE_1.13.0/STM32CubeIDE/plugins/com.st.stm32cube.ide.mcu.externaltools.gnu-tools-for-stm32.11.3.rel1.win32_1.1.0.202305231506/tools/bin/../lib/gcc/arm-none-eabi/11.3.1/../../../../arm-none-eabi/lib/thumb/v7e-m+fp/hard\libc_nano.a(libc_a-strtod.o)
                0x0000000008007754                strtof
 .text._strtol_l.constprop.0
                0x0000000008007820      0x104 C:/ST/STM32CubeIDE_1.13.0/STM32CubeIDE/plugins/com.st.stm32cube.ide.mcu.externaltools.gnu-tools-for-stm32.11.3.rel1.win32_1.1.0.202305231506/tools/bin/../lib/gcc/arm-none-eabi/11.3.1/../../../../arm-none-eabi/lib/thumb/v7e-m+fp/hard\libc_nano.a(libc_a-strtol.o)
 .text._strtol_r
                0x0000000008007924        0x4 C:/ST/STM32CubeIDE_1.13.0/STM32CubeIDE/plugins/com.st.stm32cube.ide.mcu.externaltools.gnu-tools-for-stm32.11.3.rel1.win32_1.1.0.202305231506/tools/bin/../lib/gcc/arm-none-eabi/11.3.1/../../../../arm-none-eabi/lib/thumb/v7e-m+fp/hard\libc_nano.a(libc_a-strtol.o)
                0x0000000008007924                _strtol_r
 .text.strtol   0x0000000008007928       0x14 C:/ST/STM32CubeIDE_1.13.0/STM32CubeIDE/plugins/com.st.stm32cube.ide.mcu.externaltools.gnu-tools-for-stm32.11.3.rel1.win32_1.1.0.202305231506/tools/bin/../lib/gcc/arm-none-eabi/11.3.1/../../../../arm-none-eabi/lib/thumb/v7e-m+fp/hard\libc_nano.a(libc_a-strtol.o)
                0x0000000008007928                strtol
 .text._strtoul_l.constprop.0
                0x000000000800793c       0xe4 C:/ST/STM32CubeIDE_1.13.0/STM32CubeIDE/plugins/com.st.stm32cube.ide.mcu.externaltools.gnu-tools-for-stm32.11.3.rel1.win32_1.1.0.202305231506/tools/bin/../lib/gcc/arm-none-eabi/11.3.1/../../../../arm-none-eabi/lib/thumb/v7e-m+fp/hard\libc_nano.a(libc_a-strtoul.o)
 .text.strtoul  0x0000000008007a20       0x14 C:/ST/STM32CubeIDE_1.13.0/STM32CubeIDE/plugins/com.st.stm32cube.ide.mcu.externaltools.gnu-tools-for-stm32.11.3.rel1.win32_1.1.0.202305231506/tools/bin/../lib/gcc/arm-none-eabi/11.3.1/../../../../arm-none-eabi/lib/thumb/v7e-m+fp/hard\libc_nano.a(libc_a-strtoul.o)
                0x0000000008007a20                strtoul
 .text.__cvt    0x0000000008007a34       0xc4 C:/ST/STM32CubeIDE_1.13.0/STM32CubeIDE/plugins/com.st.stm32cube.ide.mcu.externaltools.gnu-tools-for-stm32.11.3.rel1.win32_1.1.0.202305231506/tools/bin/../lib/gcc/arm-none-eabi/11.3.1/../../../../arm-none-eabi/lib/thumb/v7e-m+fp/hard\libc_nano.a(libc_a-nano-vfprintf_float.o)
                0x0000000008007a34                __cvt
 .text.__exponent
                0x0000000008007af8       0x7c C:/ST/STM32CubeIDE_1.13.0/STM32CubeIDE/plugins/com.st.stm32cube.ide.mcu.externaltools.gnu-tools-for-stm32.11.3.rel1.win32_1.1.0.202305231506/tools/bin/../lib/gcc/arm-none-eabi/11.3.1/../../../../arm-none-eabi/lib/thumb/v7e-m+fp/hard\libc_nano.a(libc_a-nano-vfprintf_float.o)
                0x0000000008007af8                __exponent
 .text._printf_float
                0x0000000008007b74      0x46c C:/ST/STM32CubeIDE_1.13.0/STM32CubeIDE/plugins/com.st.stm32cube.ide.mcu.externaltools.gnu-tools-for-stm32.11.3.rel1.win32_1.1.0.202305231506/tools/bin/../lib/gcc/arm-none-eabi/11.3.1/../../../../arm-none-eabi/lib/thumb/v7e-m+fp/hard\libc_nano.a(libc_a-nano-vfprintf_float.o)
                0x0000000008007b74                _printf_float
 .text._printf_common
                0x0000000008007fe0       0xda C:/ST/STM32CubeIDE_1.13.0/STM32CubeIDE/plugins/com.st.stm32cube.ide.mcu.externaltools.gnu-tools-for-stm32.11.3.rel1.win32_1.1.0.202305231506/tools/bin/../lib/gcc/arm-none-eabi/11.3.1/../../../../arm-none-eabi/lib/thumb/v7e-m+fp/hard\libc_nano.a(libc_a-nano-vfprintf_i.o)
                0x0000000008007fe0                _printf_common
 *fill*         0x00000000080080ba        0x2 
 .text._printf_i
                0x00000000080080bc      0x244 C:/ST/STM32CubeIDE_1.13.0/STM32CubeIDE/plugins/com.st.stm32cube.ide.mcu.externaltools.gnu-tools-for-stm32.11.3.rel1.win32_1.1.0.202305231506/tools/bin/../lib/gcc/arm-none-eabi/11.3.1/../../../../arm-none-eabi/lib/thumb/v7e-m+fp/hard\libc_nano.a(libc_a-nano-vfprintf_i.o)
                0x00000000080080bc                _printf_i
 .text._scanf_float
                0x0000000008008300      0x420 C:/ST/STM32CubeIDE_1.13.0/STM32CubeIDE/plugins/com.st.stm32cube.ide.mcu.externaltools.gnu-tools-for-stm32.11.3.rel1.win32_1.1.0.202305231506/tools/bin/../lib/gcc/arm-none-eabi/11.3.1/../../../../arm-none-eabi/lib/thumb/v7e-m+fp/hard\libc_nano.a(libc_a-nano-vfscanf_float.o)
                0x0000000008008300                _scanf_float
 .text.std      0x0000000008008720       0x48 C:/ST/STM32CubeIDE_1.13.0/STM32CubeIDE/plugins/com.st.stm32cube.ide.mcu.externaltools.gnu-tools-for-stm32.11.3.rel1.win32_1.1.0.202305231506/tools/bin/../lib/gcc/arm-none-eabi/11.3.1/../../../../arm-none-eabi/lib/thumb/v7e-m+fp/hard\libc_nano.a(libc_a-findfp.o)
 .text.stdio_exit_handler
                0x0000000008008768       0x18 C:/ST/STM32CubeIDE_1.13.0/STM32CubeIDE/plugins/com.st.stm32cube.ide.mcu.externaltools.gnu-tools-for-stm32.11.3.rel1.win32_1.1.0.202305231506/tools/bin/../lib/gcc/arm-none-eabi/11.3.1/../../../../arm-none-eabi/lib/thumb/v7e-m+fp/hard\libc_nano.a(libc_a-findfp.o)
 .text.cleanup_stdio
                0x0000000008008780       0x40 C:/ST/STM32CubeIDE_1.13.0/STM32CubeIDE/plugins/com.st.stm32cube.ide.mcu.externaltools.gnu-tools-for-stm32.11.3.rel1.win32_1.1.0.202305231506/tools/bin/../lib/gcc/arm-none-eabi/11.3.1/../../../../arm-none-eabi/lib/thumb/v7e-m+fp/hard\libc_nano.a(libc_a-findfp.o)
 .text.global_stdio_init.part.0
                0x00000000080087c0       0x3c C:/ST/STM32CubeIDE_1.13.0/STM32CubeIDE/plugins/com.st.stm32cube.ide.mcu.externaltools.gnu-tools-for-stm32.11.3.rel1.win32_1.1.0.202305231506/tools/bin/../lib/gcc/arm-none-eabi/11.3.1/../../../../arm-none-eabi/lib/thumb/v7e-m+fp/hard\libc_nano.a(libc_a-findfp.o)
 .text.__sfp_lock_acquire
                0x00000000080087fc        0xc C:/ST/STM32CubeIDE_1.13.0/STM32CubeIDE/plugins/com.st.stm32cube.ide.mcu.externaltools.gnu-tools-for-stm32.11.3.rel1.win32_1.1.0.202305231506/tools/bin/../lib/gcc/arm-none-eabi/11.3.1/../../../../arm-none-eabi/lib/thumb/v7e-m+fp/hard\libc_nano.a(libc_a-findfp.o)
                0x00000000080087fc                __sfp_lock_acquire
 .text.__sfp_lock_release
                0x0000000008008808        0xc C:/ST/STM32CubeIDE_1.13.0/STM32CubeIDE/plugins/com.st.stm32cube.ide.mcu.externaltools.gnu-tools-for-stm32.11.3.rel1.win32_1.1.0.202305231506/tools/bin/../lib/gcc/arm-none-eabi/11.3.1/../../../../arm-none-eabi/lib/thumb/v7e-m+fp/hard\libc_nano.a(libc_a-findfp.o)
                0x0000000008008808                __sfp_lock_release
 .text.__sinit  0x0000000008008814       0x30 C:/ST/STM32CubeIDE_1.13.0/STM32CubeIDE/plugins/com.st.stm32cube.ide.mcu.externaltools.gnu-tools-for-stm32.11.3.rel1.win32_1.1.0.202305231506/tools/bin/../lib/gcc/arm-none-eabi/11.3.1/../../../../arm-none-eabi/lib/thumb/v7e-m+fp/hard\libc_nano.a(libc_a-findfp.o)
                0x0000000008008814                __sinit
 .text._fwalk_sglue
                0x0000000008008844       0x3c C:/ST/STM32CubeIDE_1.13.0/STM32CubeIDE/plugins/com.st.stm32cube.ide.mcu.externaltools.gnu-tools-for-stm32.11.3.rel1.win32_1.1.0.202305231506/tools/bin/../lib/gcc/arm-none-eabi/11.3.1/../../../../arm-none-eabi/lib/thumb/v7e-m+fp/hard\libc_nano.a(libc_a-fwalk.o)
                0x0000000008008844                _fwalk_sglue
 .text.sprintf  0x0000000008008880       0x40 C:/ST/STM32CubeIDE_1.13.0/STM32CubeIDE/plugins/com.st.stm32cube.ide.mcu.externaltools.gnu-tools-for-stm32.11.3.rel1.win32_1.1.0.202305231506/tools/bin/../lib/gcc/arm-none-eabi/11.3.1/../../../../arm-none-eabi/lib/thumb/v7e-m+fp/hard\libc_nano.a(libc_a-sprintf.o)
                0x0000000008008880                siprintf
                0x0000000008008880                sprintf
 .text.__sread  0x00000000080088c0       0x22 C:/ST/STM32CubeIDE_1.13.0/STM32CubeIDE/plugins/com.st.stm32cube.ide.mcu.externaltools.gnu-tools-for-stm32.11.3.rel1.win32_1.1.0.202305231506/tools/bin/../lib/gcc/arm-none-eabi/11.3.1/../../../../arm-none-eabi/lib/thumb/v7e-m+fp/hard\libc_nano.a(libc_a-stdio.o)
                0x00000000080088c0                __sread
 .text.__swrite
                0x00000000080088e2       0x38 C:/ST/STM32CubeIDE_1.13.0/STM32CubeIDE/plugins/com.st.stm32cube.ide.mcu.externaltools.gnu-tools-for-stm32.11.3.rel1.win32_1.1.0.202305231506/tools/bin/../lib/gcc/arm-none-eabi/11.3.1/../../../../arm-none-eabi/lib/thumb/v7e-m+fp/hard\libc_nano.a(libc_a-stdio.o)
                0x00000000080088e2                __swrite
 .text.__sseek  0x000000000800891a       0x24 C:/ST/STM32CubeIDE_1.13.0/STM32CubeIDE/plugins/com.st.stm32cube.ide.mcu.externaltools.gnu-tools-for-stm32.11.3.rel1.win32_1.1.0.202305231506/tools/bin/../lib/gcc/arm-none-eabi/11.3.1/../../../../arm-none-eabi/lib/thumb/v7e-m+fp/hard\libc_nano.a(libc_a-stdio.o)
                0x000000000800891a                __sseek
 .text.__sclose
                0x000000000800893e        0x8 C:/ST/STM32CubeIDE_1.13.0/STM32CubeIDE/plugins/com.st.stm32cube.ide.mcu.externaltools.gnu-tools-for-stm32.11.3.rel1.win32_1.1.0.202305231506/tools/bin/../lib/gcc/arm-none-eabi/11.3.1/../../../../arm-none-eabi/lib/thumb/v7e-m+fp/hard\libc_nano.a(libc_a-stdio.o)
                0x000000000800893e                __sclose
 .text.memset   0x0000000008008946       0x10 C:/ST/STM32CubeIDE_1.13.0/STM32CubeIDE/plugins/com.st.stm32cube.ide.mcu.externaltools.gnu-tools-for-stm32.11.3.rel1.win32_1.1.0.202305231506/tools/bin/../lib/gcc/arm-none-eabi/11.3.1/../../../../arm-none-eabi/lib/thumb/v7e-m+fp/hard\libc_nano.a(libc_a-memset.o)
                0x0000000008008946                memset
 .text.strchr   0x0000000008008956       0x1a C:/ST/STM32CubeIDE_1.13.0/STM32CubeIDE/plugins/com.st.stm32cube.ide.mcu.externaltools.gnu-tools-for-stm32.11.3.rel1.win32_1.1.0.202305231506/tools/bin/../lib/gcc/arm-none-eabi/11.3.1/../../../../arm-none-eabi/lib/thumb/v7e-m+fp/hard\libc_nano.a(libc_a-strchr.o)
                0x0000000008008956                strchr
 .text.strncmp  0x0000000008008970       0x24 C:/ST/STM32CubeIDE_1.13.0/STM32CubeIDE/plugins/com.st.stm32cube.ide.mcu.externaltools.gnu-tools-for-stm32.11.3.rel1.win32_1.1.0.202305231506/tools/bin/../lib/gcc/arm-none-eabi/11.3.1/../../../../arm-none-eabi/lib/thumb/v7e-m+fp/hard\libc_nano.a(libc_a-strncmp.o)
                0x0000000008008970                strncmp
 .text.strtok   0x0000000008008994       0x68 C:/ST/STM32CubeIDE_1.13.0/STM32CubeIDE/plugins/com.st.stm32cube.ide.mcu.externaltools.gnu-tools-for-stm32.11.3.rel1.win32_1.1.0.202305231506/tools/bin/../lib/gcc/arm-none-eabi/11.3.1/../../../../arm-none-eabi/lib/thumb/v7e-m+fp/hard\libc_nano.a(libc_a-strtok.o)
                0x0000000008008994                strtok
 .text.__strtok_r
                0x00000000080089fc       0x50 C:/ST/STM32CubeIDE_1.13.0/STM32CubeIDE/plugins/com.st.stm32cube.ide.mcu.externaltools.gnu-tools-for-stm32.11.3.rel1.win32_1.1.0.202305231506/tools/bin/../lib/gcc/arm-none-eabi/11.3.1/../../../../arm-none-eabi/lib/thumb/v7e-m+fp/hard\libc_nano.a(libc_a-strtok_r.o)
                0x00000000080089fc                __strtok_r
 .text.strstr   0x0000000008008a4c       0x2c C:/ST/STM32CubeIDE_1.13.0/STM32CubeIDE/plugins/com.st.stm32cube.ide.mcu.externaltools.gnu-tools-for-stm32.11.3.rel1.win32_1.1.0.202305231506/tools/bin/../lib/gcc/arm-none-eabi/11.3.1/../../../../arm-none-eabi/lib/thumb/v7e-m+fp/hard\libc_nano.a(libc_a-strstr.o)
                0x0000000008008a4c                strstr
 .text._localeconv_r
                0x0000000008008a78        0x8 C:/ST/STM32CubeIDE_1.13.0/STM32CubeIDE/plugins/com.st.stm32cube.ide.mcu.externaltools.gnu-tools-for-stm32.11.3.rel1.win32_1.1.0.202305231506/tools/bin/../lib/gcc/arm-none-eabi/11.3.1/../../../../arm-none-eabi/lib/thumb/v7e-m+fp/hard\libc_nano.a(libc_a-localeconv.o)
                0x0000000008008a78                _localeconv_r
 .text._close_r
                0x0000000008008a80       0x20 C:/ST/STM32CubeIDE_1.13.0/STM32CubeIDE/plugins/com.st.stm32cube.ide.mcu.externaltools.gnu-tools-for-stm32.11.3.rel1.win32_1.1.0.202305231506/tools/bin/../lib/gcc/arm-none-eabi/11.3.1/../../../../arm-none-eabi/lib/thumb/v7e-m+fp/hard\libc_nano.a(libc_a-closer.o)
                0x0000000008008a80                _close_r
 .text._lseek_r
                0x0000000008008aa0       0x24 C:/ST/STM32CubeIDE_1.13.0/STM32CubeIDE/plugins/com.st.stm32cube.ide.mcu.externaltools.gnu-tools-for-stm32.11.3.rel1.win32_1.1.0.202305231506/tools/bin/../lib/gcc/arm-none-eabi/11.3.1/../../../../arm-none-eabi/lib/thumb/v7e-m+fp/hard\libc_nano.a(libc_a-lseekr.o)
                0x0000000008008aa0                _lseek_r
 .text._read_r  0x0000000008008ac4       0x24 C:/ST/STM32CubeIDE_1.13.0/STM32CubeIDE/plugins/com.st.stm32cube.ide.mcu.externaltools.gnu-tools-for-stm32.11.3.rel1.win32_1.1.0.202305231506/tools/bin/../lib/gcc/arm-none-eabi/11.3.1/../../../../arm-none-eabi/lib/thumb/v7e-m+fp/hard\libc_nano.a(libc_a-readr.o)
                0x0000000008008ac4                _read_r
 .text._write_r
                0x0000000008008ae8       0x24 C:/ST/STM32CubeIDE_1.13.0/STM32CubeIDE/plugins/com.st.stm32cube.ide.mcu.externaltools.gnu-tools-for-stm32.11.3.rel1.win32_1.1.0.202305231506/tools/bin/../lib/gcc/arm-none-eabi/11.3.1/../../../../arm-none-eabi/lib/thumb/v7e-m+fp/hard\libc_nano.a(libc_a-writer.o)
                0x0000000008008ae8                _write_r
 .text.__errno  0x0000000008008b0c        0xc C:/ST/STM32CubeIDE_1.13.0/STM32CubeIDE/plugins/com.st.stm32cube.ide.mcu.externaltools.gnu-tools-for-stm32.11.3.rel1.win32_1.1.0.202305231506/tools/bin/../lib/gcc/arm-none-eabi/11.3.1/../../../../arm-none-eabi/lib/thumb/v7e-m+fp/hard\libc_nano.a(libc_a-errno.o)
                0x0000000008008b0c                __errno
 .text.__libc_init_array
                0x0000000008008b18       0x48 C:/ST/STM32CubeIDE_1.13.0/STM32CubeIDE/plugins/com.st.stm32cube.ide.mcu.externaltools.gnu-tools-for-stm32.11.3.rel1.win32_1.1.0.202305231506/tools/bin/../lib/gcc/arm-none-eabi/11.3.1/../../../../arm-none-eabi/lib/thumb/v7e-m+fp/hard\libc_nano.a(libc_a-init.o)
                0x0000000008008b18                __libc_init_array
 .text.__retarget_lock_acquire_recursive
                0x0000000008008b60        0x2 C:/ST/STM32CubeIDE_1.13.0/STM32CubeIDE/plugins/com.st.stm32cube.ide.mcu.externaltools.gnu-tools-for-stm32.11.3.rel1.win32_1.1.0.202305231506/tools/bin/../lib/gcc/arm-none-eabi/11.3.1/../../../../arm-none-eabi/lib/thumb/v7e-m+fp/hard\libc_nano.a(libc_a-lock.o)
                0x0000000008008b60                __retarget_lock_acquire_recursive
 .text.__retarget_lock_release_recursive
                0x0000000008008b62        0x2 C:/ST/STM32CubeIDE_1.13.0/STM32CubeIDE/plugins/com.st.stm32cube.ide.mcu.externaltools.gnu-tools-for-stm32.11.3.rel1.win32_1.1.0.202305231506/tools/bin/../lib/gcc/arm-none-eabi/11.3.1/../../../../arm-none-eabi/lib/thumb/v7e-m+fp/hard\libc_nano.a(libc_a-lock.o)
                0x0000000008008b62                __retarget_lock_release_recursive
 .text.memcpy   0x0000000008008b64       0x1c C:/ST/STM32CubeIDE_1.13.0/STM32CubeIDE/plugins/com.st.stm32cube.ide.mcu.externaltools.gnu-tools-for-stm32.11.3.rel1.win32_1.1.0.202305231506/tools/bin/../lib/gcc/arm-none-eabi/11.3.1/../../../../arm-none-eabi/lib/thumb/v7e-m+fp/hard\libc_nano.a(libc_a-memcpy-stub.o)
                0x0000000008008b64                memcpy
 .text.nan      0x0000000008008b80       0x10 C:/ST/STM32CubeIDE_1.13.0/STM32CubeIDE/plugins/com.st.stm32cube.ide.mcu.externaltools.gnu-tools-for-stm32.11.3.rel1.win32_1.1.0.202305231506/tools/bin/../lib/gcc/arm-none-eabi/11.3.1/../../../../arm-none-eabi/lib/thumb/v7e-m+fp/hard\libc_nano.a(libm_a-s_nan.o)
                0x0000000008008b80                nan
 .text.nanf     0x0000000008008b90        0xc C:/ST/STM32CubeIDE_1.13.0/STM32CubeIDE/plugins/com.st.stm32cube.ide.mcu.externaltools.gnu-tools-for-stm32.11.3.rel1.win32_1.1.0.202305231506/tools/bin/../lib/gcc/arm-none-eabi/11.3.1/../../../../arm-none-eabi/lib/thumb/v7e-m+fp/hard\libc_nano.a(libm_a-sf_nan.o)
                0x0000000008008b90                nanf
 .text.__assert_func
                0x0000000008008b9c       0x3c C:/ST/STM32CubeIDE_1.13.0/STM32CubeIDE/plugins/com.st.stm32cube.ide.mcu.externaltools.gnu-tools-for-stm32.11.3.rel1.win32_1.1.0.202305231506/tools/bin/../lib/gcc/arm-none-eabi/11.3.1/../../../../arm-none-eabi/lib/thumb/v7e-m+fp/hard\libc_nano.a(libc_a-assert.o)
                0x0000000008008b9c                __assert_func
 .text.quorem   0x0000000008008bd8      0x110 C:/ST/STM32CubeIDE_1.13.0/STM32CubeIDE/plugins/com.st.stm32cube.ide.mcu.externaltools.gnu-tools-for-stm32.11.3.rel1.win32_1.1.0.202305231506/tools/bin/../lib/gcc/arm-none-eabi/11.3.1/../../../../arm-none-eabi/lib/thumb/v7e-m+fp/hard\libc_nano.a(libc_a-dtoa.o)
 .text._dtoa_r  0x0000000008008ce8      0xbe4 C:/ST/STM32CubeIDE_1.13.0/STM32CubeIDE/plugins/com.st.stm32cube.ide.mcu.externaltools.gnu-tools-for-stm32.11.3.rel1.win32_1.1.0.202305231506/tools/bin/../lib/gcc/arm-none-eabi/11.3.1/../../../../arm-none-eabi/lib/thumb/v7e-m+fp/hard\libc_nano.a(libc_a-dtoa.o)
                0x0000000008008ce8                _dtoa_r
 .text._free_r  0x00000000080098cc       0x98 C:/ST/STM32CubeIDE_1.13.0/STM32CubeIDE/plugins/com.st.stm32cube.ide.mcu.externaltools.gnu-tools-for-stm32.11.3.rel1.win32_1.1.0.202305231506/tools/bin/../lib/gcc/arm-none-eabi/11.3.1/../../../../arm-none-eabi/lib/thumb/v7e-m+fp/hard\libc_nano.a(libc_a-freer.o)
                0x00000000080098cc                _free_r
 .text.rshift   0x0000000008009964       0xa4 C:/ST/STM32CubeIDE_1.13.0/STM32CubeIDE/plugins/com.st.stm32cube.ide.mcu.externaltools.gnu-tools-for-stm32.11.3.rel1.win32_1.1.0.202305231506/tools/bin/../lib/gcc/arm-none-eabi/11.3.1/../../../../arm-none-eabi/lib/thumb/v7e-m+fp/hard\libc_nano.a(libc_a-gdtoa-gethex.o)
 .text.__hexdig_fun
                0x0000000008009a08       0x2a C:/ST/STM32CubeIDE_1.13.0/STM32CubeIDE/plugins/com.st.stm32cube.ide.mcu.externaltools.gnu-tools-for-stm32.11.3.rel1.win32_1.1.0.202305231506/tools/bin/../lib/gcc/arm-none-eabi/11.3.1/../../../../arm-none-eabi/lib/thumb/v7e-m+fp/hard\libc_nano.a(libc_a-gdtoa-gethex.o)
                0x0000000008009a08                __hexdig_fun
 *fill*         0x0000000008009a32        0x2 
 .text.__gethex
                0x0000000008009a34      0x45c C:/ST/STM32CubeIDE_1.13.0/STM32CubeIDE/plugins/com.st.stm32cube.ide.mcu.externaltools.gnu-tools-for-stm32.11.3.rel1.win32_1.1.0.202305231506/tools/bin/../lib/gcc/arm-none-eabi/11.3.1/../../../../arm-none-eabi/lib/thumb/v7e-m+fp/hard\libc_nano.a(libc_a-gdtoa-gethex.o)
                0x0000000008009a34                __gethex
 .text.L_shift  0x0000000008009e90       0x24 C:/ST/STM32CubeIDE_1.13.0/STM32CubeIDE/plugins/com.st.stm32cube.ide.mcu.externaltools.gnu-tools-for-stm32.11.3.rel1.win32_1.1.0.202305231506/tools/bin/../lib/gcc/arm-none-eabi/11.3.1/../../../../arm-none-eabi/lib/thumb/v7e-m+fp/hard\libc_nano.a(libc_a-gdtoa-hexnan.o)
 .text.__match  0x0000000008009eb4       0x28 C:/ST/STM32CubeIDE_1.13.0/STM32CubeIDE/plugins/com.st.stm32cube.ide.mcu.externaltools.gnu-tools-for-stm32.11.3.rel1.win32_1.1.0.202305231506/tools/bin/../lib/gcc/arm-none-eabi/11.3.1/../../../../arm-none-eabi/lib/thumb/v7e-m+fp/hard\libc_nano.a(libc_a-gdtoa-hexnan.o)
                0x0000000008009eb4                __match
 .text.__hexnan
                0x0000000008009edc      0x136 C:/ST/STM32CubeIDE_1.13.0/STM32CubeIDE/plugins/com.st.stm32cube.ide.mcu.externaltools.gnu-tools-for-stm32.11.3.rel1.win32_1.1.0.202305231506/tools/bin/../lib/gcc/arm-none-eabi/11.3.1/../../../../arm-none-eabi/lib/thumb/v7e-m+fp/hard\libc_nano.a(libc_a-gdtoa-hexnan.o)
                0x0000000008009edc                __hexnan
 *fill*         0x000000000800a012        0x2 
 .text.malloc   0x000000000800a014       0x10 C:/ST/STM32CubeIDE_1.13.0/STM32CubeIDE/plugins/com.st.stm32cube.ide.mcu.externaltools.gnu-tools-for-stm32.11.3.rel1.win32_1.1.0.202305231506/tools/bin/../lib/gcc/arm-none-eabi/11.3.1/../../../../arm-none-eabi/lib/thumb/v7e-m+fp/hard\libc_nano.a(libc_a-malloc.o)
                0x000000000800a014                malloc
 .text.sbrk_aligned
                0x000000000800a024       0x40 C:/ST/STM32CubeIDE_1.13.0/STM32CubeIDE/plugins/com.st.stm32cube.ide.mcu.externaltools.gnu-tools-for-stm32.11.3.rel1.win32_1.1.0.202305231506/tools/bin/../lib/gcc/arm-none-eabi/11.3.1/../../../../arm-none-eabi/lib/thumb/v7e-m+fp/hard\libc_nano.a(libc_a-mallocr.o)
 .text._malloc_r
                0x000000000800a064      0x100 C:/ST/STM32CubeIDE_1.13.0/STM32CubeIDE/plugins/com.st.stm32cube.ide.mcu.externaltools.gnu-tools-for-stm32.11.3.rel1.win32_1.1.0.202305231506/tools/bin/../lib/gcc/arm-none-eabi/11.3.1/../../../../arm-none-eabi/lib/thumb/v7e-m+fp/hard\libc_nano.a(libc_a-mallocr.o)
                0x000000000800a064                _malloc_r
 .text.__ascii_mbtowc
                0x000000000800a164       0x24 C:/ST/STM32CubeIDE_1.13.0/STM32CubeIDE/plugins/com.st.stm32cube.ide.mcu.externaltools.gnu-tools-for-stm32.11.3.rel1.win32_1.1.0.202305231506/tools/bin/../lib/gcc/arm-none-eabi/11.3.1/../../../../arm-none-eabi/lib/thumb/v7e-m+fp/hard\libc_nano.a(libc_a-mbtowc_r.o)
                0x000000000800a164                __ascii_mbtowc
 .text.__malloc_lock
                0x000000000800a188        0xc C:/ST/STM32CubeIDE_1.13.0/STM32CubeIDE/plugins/com.st.stm32cube.ide.mcu.externaltools.gnu-tools-for-stm32.11.3.rel1.win32_1.1.0.202305231506/tools/bin/../lib/gcc/arm-none-eabi/11.3.1/../../../../arm-none-eabi/lib/thumb/v7e-m+fp/hard\libc_nano.a(libc_a-mlock.o)
                0x000000000800a188                __malloc_lock
 .text.__malloc_unlock
                0x000000000800a194        0xc C:/ST/STM32CubeIDE_1.13.0/STM32CubeIDE/plugins/com.st.stm32cube.ide.mcu.externaltools.gnu-tools-for-stm32.11.3.rel1.win32_1.1.0.202305231506/tools/bin/../lib/gcc/arm-none-eabi/11.3.1/../../../../arm-none-eabi/lib/thumb/v7e-m+fp/hard\libc_nano.a(libc_a-mlock.o)
                0x000000000800a194                __malloc_unlock
 .text._Balloc  0x000000000800a1a0       0x80 C:/ST/STM32CubeIDE_1.13.0/STM32CubeIDE/plugins/com.st.stm32cube.ide.mcu.externaltools.gnu-tools-for-stm32.11.3.rel1.win32_1.1.0.202305231506/tools/bin/../lib/gcc/arm-none-eabi/11.3.1/../../../../arm-none-eabi/lib/thumb/v7e-m+fp/hard\libc_nano.a(libc_a-mprec.o)
                0x000000000800a1a0                _Balloc
 .text._Bfree   0x000000000800a220       0x44 C:/ST/STM32CubeIDE_1.13.0/STM32CubeIDE/plugins/com.st.stm32cube.ide.mcu.externaltools.gnu-tools-for-stm32.11.3.rel1.win32_1.1.0.202305231506/tools/bin/../lib/gcc/arm-none-eabi/11.3.1/../../../../arm-none-eabi/lib/thumb/v7e-m+fp/hard\libc_nano.a(libc_a-mprec.o)
                0x000000000800a220                _Bfree
 .text.__multadd
                0x000000000800a264       0x8c C:/ST/STM32CubeIDE_1.13.0/STM32CubeIDE/plugins/com.st.stm32cube.ide.mcu.externaltools.gnu-tools-for-stm32.11.3.rel1.win32_1.1.0.202305231506/tools/bin/../lib/gcc/arm-none-eabi/11.3.1/../../../../arm-none-eabi/lib/thumb/v7e-m+fp/hard\libc_nano.a(libc_a-mprec.o)
                0x000000000800a264                __multadd
 .text.__s2b    0x000000000800a2f0       0x94 C:/ST/STM32CubeIDE_1.13.0/STM32CubeIDE/plugins/com.st.stm32cube.ide.mcu.externaltools.gnu-tools-for-stm32.11.3.rel1.win32_1.1.0.202305231506/tools/bin/../lib/gcc/arm-none-eabi/11.3.1/../../../../arm-none-eabi/lib/thumb/v7e-m+fp/hard\libc_nano.a(libc_a-mprec.o)
                0x000000000800a2f0                __s2b
 .text.__hi0bits
                0x000000000800a384       0x40 C:/ST/STM32CubeIDE_1.13.0/STM32CubeIDE/plugins/com.st.stm32cube.ide.mcu.externaltools.gnu-tools-for-stm32.11.3.rel1.win32_1.1.0.202305231506/tools/bin/../lib/gcc/arm-none-eabi/11.3.1/../../../../arm-none-eabi/lib/thumb/v7e-m+fp/hard\libc_nano.a(libc_a-mprec.o)
                0x000000000800a384                __hi0bits
 .text.__lo0bits
                0x000000000800a3c4       0x5a C:/ST/STM32CubeIDE_1.13.0/STM32CubeIDE/plugins/com.st.stm32cube.ide.mcu.externaltools.gnu-tools-for-stm32.11.3.rel1.win32_1.1.0.202305231506/tools/bin/../lib/gcc/arm-none-eabi/11.3.1/../../../../arm-none-eabi/lib/thumb/v7e-m+fp/hard\libc_nano.a(libc_a-mprec.o)
                0x000000000800a3c4                __lo0bits
 *fill*         0x000000000800a41e        0x2 
 .text.__i2b    0x000000000800a420       0x2c C:/ST/STM32CubeIDE_1.13.0/STM32CubeIDE/plugins/com.st.stm32cube.ide.mcu.externaltools.gnu-tools-for-stm32.11.3.rel1.win32_1.1.0.202305231506/tools/bin/../lib/gcc/arm-none-eabi/11.3.1/../../../../arm-none-eabi/lib/thumb/v7e-m+fp/hard\libc_nano.a(libc_a-mprec.o)
                0x000000000800a420                __i2b
 .text.__multiply
                0x000000000800a44c      0x154 C:/ST/STM32CubeIDE_1.13.0/STM32CubeIDE/plugins/com.st.stm32cube.ide.mcu.externaltools.gnu-tools-for-stm32.11.3.rel1.win32_1.1.0.202305231506/tools/bin/../lib/gcc/arm-none-eabi/11.3.1/../../../../arm-none-eabi/lib/thumb/v7e-m+fp/hard\libc_nano.a(libc_a-mprec.o)
                0x000000000800a44c                __multiply
 .text.__pow5mult
                0x000000000800a5a0       0xb4 C:/ST/STM32CubeIDE_1.13.0/STM32CubeIDE/plugins/com.st.stm32cube.ide.mcu.externaltools.gnu-tools-for-stm32.11.3.rel1.win32_1.1.0.202305231506/tools/bin/../lib/gcc/arm-none-eabi/11.3.1/../../../../arm-none-eabi/lib/thumb/v7e-m+fp/hard\libc_nano.a(libc_a-mprec.o)
                0x000000000800a5a0                __pow5mult
 .text.__lshift
                0x000000000800a654       0xd8 C:/ST/STM32CubeIDE_1.13.0/STM32CubeIDE/plugins/com.st.stm32cube.ide.mcu.externaltools.gnu-tools-for-stm32.11.3.rel1.win32_1.1.0.202305231506/tools/bin/../lib/gcc/arm-none-eabi/11.3.1/../../../../arm-none-eabi/lib/thumb/v7e-m+fp/hard\libc_nano.a(libc_a-mprec.o)
                0x000000000800a654                __lshift
 .text.__mcmp   0x000000000800a72c       0x38 C:/ST/STM32CubeIDE_1.13.0/STM32CubeIDE/plugins/com.st.stm32cube.ide.mcu.externaltools.gnu-tools-for-stm32.11.3.rel1.win32_1.1.0.202305231506/tools/bin/../lib/gcc/arm-none-eabi/11.3.1/../../../../arm-none-eabi/lib/thumb/v7e-m+fp/hard\libc_nano.a(libc_a-mprec.o)
                0x000000000800a72c                __mcmp
 .text.__mdiff  0x000000000800a764      0x114 C:/ST/STM32CubeIDE_1.13.0/STM32CubeIDE/plugins/com.st.stm32cube.ide.mcu.externaltools.gnu-tools-for-stm32.11.3.rel1.win32_1.1.0.202305231506/tools/bin/../lib/gcc/arm-none-eabi/11.3.1/../../../../arm-none-eabi/lib/thumb/v7e-m+fp/hard\libc_nano.a(libc_a-mprec.o)
                0x000000000800a764                __mdiff
 .text.__ulp    0x000000000800a878       0x4c C:/ST/STM32CubeIDE_1.13.0/STM32CubeIDE/plugins/com.st.stm32cube.ide.mcu.externaltools.gnu-tools-for-stm32.11.3.rel1.win32_1.1.0.202305231506/tools/bin/../lib/gcc/arm-none-eabi/11.3.1/../../../../arm-none-eabi/lib/thumb/v7e-m+fp/hard\libc_nano.a(libc_a-mprec.o)
                0x000000000800a878                __ulp
 .text.__b2d    0x000000000800a8c4       0x94 C:/ST/STM32CubeIDE_1.13.0/STM32CubeIDE/plugins/com.st.stm32cube.ide.mcu.externaltools.gnu-tools-for-stm32.11.3.rel1.win32_1.1.0.202305231506/tools/bin/../lib/gcc/arm-none-eabi/11.3.1/../../../../arm-none-eabi/lib/thumb/v7e-m+fp/hard\libc_nano.a(libc_a-mprec.o)
                0x000000000800a8c4                __b2d
 .text.__d2b    0x000000000800a958       0xb4 C:/ST/STM32CubeIDE_1.13.0/STM32CubeIDE/plugins/com.st.stm32cube.ide.mcu.externaltools.gnu-tools-for-stm32.11.3.rel1.win32_1.1.0.202305231506/tools/bin/../lib/gcc/arm-none-eabi/11.3.1/../../../../arm-none-eabi/lib/thumb/v7e-m+fp/hard\libc_nano.a(libc_a-mprec.o)
                0x000000000800a958                __d2b
 .text.__ratio  0x000000000800aa0c       0x66 C:/ST/STM32CubeIDE_1.13.0/STM32CubeIDE/plugins/com.st.stm32cube.ide.mcu.externaltools.gnu-tools-for-stm32.11.3.rel1.win32_1.1.0.202305231506/tools/bin/../lib/gcc/arm-none-eabi/11.3.1/../../../../arm-none-eabi/lib/thumb/v7e-m+fp/hard\libc_nano.a(libc_a-mprec.o)
                0x000000000800aa0c                __ratio
 .text.__copybits
                0x000000000800aa72       0x46 C:/ST/STM32CubeIDE_1.13.0/STM32CubeIDE/plugins/com.st.stm32cube.ide.mcu.externaltools.gnu-tools-for-stm32.11.3.rel1.win32_1.1.0.202305231506/tools/bin/../lib/gcc/arm-none-eabi/11.3.1/../../../../arm-none-eabi/lib/thumb/v7e-m+fp/hard\libc_nano.a(libc_a-mprec.o)
                0x000000000800aa72                __copybits
 .text.__any_on
                0x000000000800aab8       0x42 C:/ST/STM32CubeIDE_1.13.0/STM32CubeIDE/plugins/com.st.stm32cube.ide.mcu.externaltools.gnu-tools-for-stm32.11.3.rel1.win32_1.1.0.202305231506/tools/bin/../lib/gcc/arm-none-eabi/11.3.1/../../../../arm-none-eabi/lib/thumb/v7e-m+fp/hard\libc_nano.a(libc_a-mprec.o)
                0x000000000800aab8                __any_on
 .text.__ascii_wctomb
                0x000000000800aafa       0x1a C:/ST/STM32CubeIDE_1.13.0/STM32CubeIDE/plugins/com.st.stm32cube.ide.mcu.externaltools.gnu-tools-for-stm32.11.3.rel1.win32_1.1.0.202305231506/tools/bin/../lib/gcc/arm-none-eabi/11.3.1/../../../../arm-none-eabi/lib/thumb/v7e-m+fp/hard\libc_nano.a(libc_a-wctomb_r.o)
                0x000000000800aafa                __ascii_wctomb
 .text.__ssputs_r
                0x000000000800ab14       0xb4 C:/ST/STM32CubeIDE_1.13.0/STM32CubeIDE/plugins/com.st.stm32cube.ide.mcu.externaltools.gnu-tools-for-stm32.11.3.rel1.win32_1.1.0.202305231506/tools/bin/../lib/gcc/arm-none-eabi/11.3.1/../../../../arm-none-eabi/lib/thumb/v7e-m+fp/hard\libc_nano.a(libc_a-nano-svfprintf.o)
                0x000000000800ab14                __ssputs_r
 .text._svfprintf_r
                0x000000000800abc8      0x1fc C:/ST/STM32CubeIDE_1.13.0/STM32CubeIDE/plugins/com.st.stm32cube.ide.mcu.externaltools.gnu-tools-for-stm32.11.3.rel1.win32_1.1.0.202305231506/tools/bin/../lib/gcc/arm-none-eabi/11.3.1/../../../../arm-none-eabi/lib/thumb/v7e-m+fp/hard\libc_nano.a(libc_a-nano-svfprintf.o)
                0x000000000800abc8                _svfiprintf_r
                0x000000000800abc8                _svfprintf_r
 .text.__sflush_r
                0x000000000800adc4      0x10c C:/ST/STM32CubeIDE_1.13.0/STM32CubeIDE/plugins/com.st.stm32cube.ide.mcu.externaltools.gnu-tools-for-stm32.11.3.rel1.win32_1.1.0.202305231506/tools/bin/../lib/gcc/arm-none-eabi/11.3.1/../../../../arm-none-eabi/lib/thumb/v7e-m+fp/hard\libc_nano.a(libc_a-fflush.o)
                0x000000000800adc4                __sflush_r
 .text._fflush_r
                0x000000000800aed0       0x50 C:/ST/STM32CubeIDE_1.13.0/STM32CubeIDE/plugins/com.st.stm32cube.ide.mcu.externaltools.gnu-tools-for-stm32.11.3.rel1.win32_1.1.0.202305231506/tools/bin/../lib/gcc/arm-none-eabi/11.3.1/../../../../arm-none-eabi/lib/thumb/v7e-m+fp/hard\libc_nano.a(libc_a-fflush.o)
                0x000000000800aed0                _fflush_r
 .text.fprintf  0x000000000800af20       0x24 C:/ST/STM32CubeIDE_1.13.0/STM32CubeIDE/plugins/com.st.stm32cube.ide.mcu.externaltools.gnu-tools-for-stm32.11.3.rel1.win32_1.1.0.202305231506/tools/bin/../lib/gcc/arm-none-eabi/11.3.1/../../../../arm-none-eabi/lib/thumb/v7e-m+fp/hard\libc_nano.a(libc_a-fprintf.o)
                0x000000000800af20                fiprintf
                0x000000000800af20                fprintf
 .text.memmove  0x000000000800af44       0x34 C:/ST/STM32CubeIDE_1.13.0/STM32CubeIDE/plugins/com.st.stm32cube.ide.mcu.externaltools.gnu-tools-for-stm32.11.3.rel1.win32_1.1.0.202305231506/tools/bin/../lib/gcc/arm-none-eabi/11.3.1/../../../../arm-none-eabi/lib/thumb/v7e-m+fp/hard\libc_nano.a(libc_a-memmove.o)
                0x000000000800af44                memmove
 .text._sbrk_r  0x000000000800af78       0x20 C:/ST/STM32CubeIDE_1.13.0/STM32CubeIDE/plugins/com.st.stm32cube.ide.mcu.externaltools.gnu-tools-for-stm32.11.3.rel1.win32_1.1.0.202305231506/tools/bin/../lib/gcc/arm-none-eabi/11.3.1/../../../../arm-none-eabi/lib/thumb/v7e-m+fp/hard\libc_nano.a(libc_a-sbrkr.o)
                0x000000000800af78                _sbrk_r
 .text.abort    0x000000000800af98        0xe C:/ST/STM32CubeIDE_1.13.0/STM32CubeIDE/plugins/com.st.stm32cube.ide.mcu.externaltools.gnu-tools-for-stm32.11.3.rel1.win32_1.1.0.202305231506/tools/bin/../lib/gcc/arm-none-eabi/11.3.1/../../../../arm-none-eabi/lib/thumb/v7e-m+fp/hard\libc_nano.a(libc_a-abort.o)
                0x000000000800af98                abort
 .text._calloc_r
                0x000000000800afa6       0x2c C:/ST/STM32CubeIDE_1.13.0/STM32CubeIDE/plugins/com.st.stm32cube.ide.mcu.externaltools.gnu-tools-for-stm32.11.3.rel1.win32_1.1.0.202305231506/tools/bin/../lib/gcc/arm-none-eabi/11.3.1/../../../../arm-none-eabi/lib/thumb/v7e-m+fp/hard\libc_nano.a(libc_a-callocr.o)
                0x000000000800afa6                _calloc_r
 .text._realloc_r
                0x000000000800afd2       0x5e C:/ST/STM32CubeIDE_1.13.0/STM32CubeIDE/plugins/com.st.stm32cube.ide.mcu.externaltools.gnu-tools-for-stm32.11.3.rel1.win32_1.1.0.202305231506/tools/bin/../lib/gcc/arm-none-eabi/11.3.1/../../../../arm-none-eabi/lib/thumb/v7e-m+fp/hard\libc_nano.a(libc_a-reallocr.o)
                0x000000000800afd2                _realloc_r
 .text.__sfputc_r
                0x000000000800b030       0x2e C:/ST/STM32CubeIDE_1.13.0/STM32CubeIDE/plugins/com.st.stm32cube.ide.mcu.externaltools.gnu-tools-for-stm32.11.3.rel1.win32_1.1.0.202305231506/tools/bin/../lib/gcc/arm-none-eabi/11.3.1/../../../../arm-none-eabi/lib/thumb/v7e-m+fp/hard\libc_nano.a(libc_a-nano-vfprintf.o)
 .text.__sfputs_r
                0x000000000800b05e       0x24 C:/ST/STM32CubeIDE_1.13.0/STM32CubeIDE/plugins/com.st.stm32cube.ide.mcu.externaltools.gnu-tools-for-stm32.11.3.rel1.win32_1.1.0.202305231506/tools/bin/../lib/gcc/arm-none-eabi/11.3.1/../../../../arm-none-eabi/lib/thumb/v7e-m+fp/hard\libc_nano.a(libc_a-nano-vfprintf.o)
                0x000000000800b05e                __sfputs_r
 *fill*         0x000000000800b082        0x2 
 .text._vfprintf_r
                0x000000000800b084      0x234 C:/ST/STM32CubeIDE_1.13.0/STM32CubeIDE/plugins/com.st.stm32cube.ide.mcu.externaltools.gnu-tools-for-stm32.11.3.rel1.win32_1.1.0.202305231506/tools/bin/../lib/gcc/arm-none-eabi/11.3.1/../../../../arm-none-eabi/lib/thumb/v7e-m+fp/hard\libc_nano.a(libc_a-nano-vfprintf.o)
                0x000000000800b084                _vfprintf_r
                0x000000000800b084                _vfiprintf_r
 .text.__swbuf_r
                0x000000000800b2b8       0x7a C:/ST/STM32CubeIDE_1.13.0/STM32CubeIDE/plugins/com.st.stm32cube.ide.mcu.externaltools.gnu-tools-for-stm32.11.3.rel1.win32_1.1.0.202305231506/tools/bin/../lib/gcc/arm-none-eabi/11.3.1/../../../../arm-none-eabi/lib/thumb/v7e-m+fp/hard\libc_nano.a(libc_a-wbuf.o)
                0x000000000800b2b8                __swbuf_r
 *fill*         0x000000000800b332        0x2 
 .text.__swsetup_r
                0x000000000800b334       0xb0 C:/ST/STM32CubeIDE_1.13.0/STM32CubeIDE/plugins/com.st.stm32cube.ide.mcu.externaltools.gnu-tools-for-stm32.11.3.rel1.win32_1.1.0.202305231506/tools/bin/../lib/gcc/arm-none-eabi/11.3.1/../../../../arm-none-eabi/lib/thumb/v7e-m+fp/hard\libc_nano.a(libc_a-wsetup.o)
                0x000000000800b334                __swsetup_r
 .text._raise_r
                0x000000000800b3e4       0x50 C:/ST/STM32CubeIDE_1.13.0/STM32CubeIDE/plugins/com.st.stm32cube.ide.mcu.externaltools.gnu-tools-for-stm32.11.3.rel1.win32_1.1.0.202305231506/tools/bin/../lib/gcc/arm-none-eabi/11.3.1/../../../../arm-none-eabi/lib/thumb/v7e-m+fp/hard\libc_nano.a(libc_a-signal.o)
                0x000000000800b3e4                _raise_r
 .text.raise    0x000000000800b434       0x10 C:/ST/STM32CubeIDE_1.13.0/STM32CubeIDE/plugins/com.st.stm32cube.ide.mcu.externaltools.gnu-tools-for-stm32.11.3.rel1.win32_1.1.0.202305231506/tools/bin/../lib/gcc/arm-none-eabi/11.3.1/../../../../arm-none-eabi/lib/thumb/v7e-m+fp/hard\libc_nano.a(libc_a-signal.o)
                0x000000000800b434                raise
 .text._kill_r  0x000000000800b444       0x24 C:/ST/STM32CubeIDE_1.13.0/STM32CubeIDE/plugins/com.st.stm32cube.ide.mcu.externaltools.gnu-tools-for-stm32.11.3.rel1.win32_1.1.0.202305231506/tools/bin/../lib/gcc/arm-none-eabi/11.3.1/../../../../arm-none-eabi/lib/thumb/v7e-m+fp/hard\libc_nano.a(libc_a-signalr.o)
                0x000000000800b444                _kill_r
 .text._getpid_r
                0x000000000800b468        0x4 C:/ST/STM32CubeIDE_1.13.0/STM32CubeIDE/plugins/com.st.stm32cube.ide.mcu.externaltools.gnu-tools-for-stm32.11.3.rel1.win32_1.1.0.202305231506/tools/bin/../lib/gcc/arm-none-eabi/11.3.1/../../../../arm-none-eabi/lib/thumb/v7e-m+fp/hard\libc_nano.a(libc_a-signalr.o)
                0x000000000800b468                _getpid_r
 .text._malloc_usable_size_r
                0x000000000800b46c       0x10 C:/ST/STM32CubeIDE_1.13.0/STM32CubeIDE/plugins/com.st.stm32cube.ide.mcu.externaltools.gnu-tools-for-stm32.11.3.rel1.win32_1.1.0.202305231506/tools/bin/../lib/gcc/arm-none-eabi/11.3.1/../../../../arm-none-eabi/lib/thumb/v7e-m+fp/hard\libc_nano.a(libc_a-msizer.o)
                0x000000000800b46c                _malloc_usable_size_r
 .text.__swhatbuf_r
                0x000000000800b47c       0x4c C:/ST/STM32CubeIDE_1.13.0/STM32CubeIDE/plugins/com.st.stm32cube.ide.mcu.externaltools.gnu-tools-for-stm32.11.3.rel1.win32_1.1.0.202305231506/tools/bin/../lib/gcc/arm-none-eabi/11.3.1/../../../../arm-none-eabi/lib/thumb/v7e-m+fp/hard\libc_nano.a(libc_a-makebuf.o)
                0x000000000800b47c                __swhatbuf_r
 .text.__smakebuf_r
                0x000000000800b4c8       0x78 C:/ST/STM32CubeIDE_1.13.0/STM32CubeIDE/plugins/com.st.stm32cube.ide.mcu.externaltools.gnu-tools-for-stm32.11.3.rel1.win32_1.1.0.202305231506/tools/bin/../lib/gcc/arm-none-eabi/11.3.1/../../../../arm-none-eabi/lib/thumb/v7e-m+fp/hard\libc_nano.a(libc_a-makebuf.o)
                0x000000000800b4c8                __smakebuf_r
 .text._fstat_r
                0x000000000800b540       0x24 C:/ST/STM32CubeIDE_1.13.0/STM32CubeIDE/plugins/com.st.stm32cube.ide.mcu.externaltools.gnu-tools-for-stm32.11.3.rel1.win32_1.1.0.202305231506/tools/bin/../lib/gcc/arm-none-eabi/11.3.1/../../../../arm-none-eabi/lib/thumb/v7e-m+fp/hard\libc_nano.a(libc_a-fstatr.o)
                0x000000000800b540                _fstat_r
 .text._isatty_r
                0x000000000800b564       0x20 C:/ST/STM32CubeIDE_1.13.0/STM32CubeIDE/plugins/com.st.stm32cube.ide.mcu.externaltools.gnu-tools-for-stm32.11.3.rel1.win32_1.1.0.202305231506/tools/bin/../lib/gcc/arm-none-eabi/11.3.1/../../../../arm-none-eabi/lib/thumb/v7e-m+fp/hard\libc_nano.a(libc_a-isattyr.o)
                0x000000000800b564                _isatty_r
 .text.fmod     0x000000000800b584       0x5c C:/ST/STM32CubeIDE_1.13.0/STM32CubeIDE/plugins/com.st.stm32cube.ide.mcu.externaltools.gnu-tools-for-stm32.11.3.rel1.win32_1.1.0.202305231506/tools/bin/../lib/gcc/arm-none-eabi/11.3.1/../../../../arm-none-eabi/lib/thumb/v7e-m+fp/hard\libm.a(libm_a-w_fmod.o)
                0x000000000800b584                fmod
 .text.__ieee754_fmod
                0x000000000800b5e0      0x21c C:/ST/STM32CubeIDE_1.13.0/STM32CubeIDE/plugins/com.st.stm32cube.ide.mcu.externaltools.gnu-tools-for-stm32.11.3.rel1.win32_1.1.0.202305231506/tools/bin/../lib/gcc/arm-none-eabi/11.3.1/../../../../arm-none-eabi/lib/thumb/v7e-m+fp/hard\libm.a(libm_a-e_fmod.o)
                0x000000000800b5e0                __ieee754_fmod
 *(.glue_7)
 .glue_7        0x000000000800b7fc        0x0 linker stubs
 *(.glue_7t)
 .glue_7t       0x000000000800b7fc        0x0 linker stubs
 *(.eh_frame)
 .eh_frame      0x000000000800b7fc        0x0 C:/ST/STM32CubeIDE_1.13.0/STM32CubeIDE/plugins/com.st.stm32cube.ide.mcu.externaltools.gnu-tools-for-stm32.11.3.rel1.win32_1.1.0.202305231506/tools/bin/../lib/gcc/arm-none-eabi/11.3.1/thumb/v7e-m+fp/hard/crtbegin.o
 *(.init)
 .init          0x000000000800b7fc        0x4 C:/ST/STM32CubeIDE_1.13.0/STM32CubeIDE/plugins/com.st.stm32cube.ide.mcu.externaltools.gnu-tools-for-stm32.11.3.rel1.win32_1.1.0.202305231506/tools/bin/../lib/gcc/arm-none-eabi/11.3.1/thumb/v7e-m+fp/hard/crti.o
                0x000000000800b7fc                _init
 .init          0x000000000800b800        0x8 C:/ST/STM32CubeIDE_1.13.0/STM32CubeIDE/plugins/com.st.stm32cube.ide.mcu.externaltools.gnu-tools-for-stm32.11.3.rel1.win32_1.1.0.202305231506/tools/bin/../lib/gcc/arm-none-eabi/11.3.1/thumb/v7e-m+fp/hard/crtn.o
 *(.fini)
 .fini          0x000000000800b808        0x4 C:/ST/STM32CubeIDE_1.13.0/STM32CubeIDE/plugins/com.st.stm32cube.ide.mcu.externaltools.gnu-tools-for-stm32.11.3.rel1.win32_1.1.0.202305231506/tools/bin/../lib/gcc/arm-none-eabi/11.3.1/thumb/v7e-m+fp/hard/crti.o
                0x000000000800b808                _fini
 .fini          0x000000000800b80c        0x8 C:/ST/STM32CubeIDE_1.13.0/STM32CubeIDE/plugins/com.st.stm32cube.ide.mcu.externaltools.gnu-tools-for-stm32.11.3.rel1.win32_1.1.0.202305231506/tools/bin/../lib/gcc/arm-none-eabi/11.3.1/thumb/v7e-m+fp/hard/crtn.o
                0x000000000800b814                . = ALIGN (0x4)
                0x000000000800b814                _etext = .

.vfp11_veneer   0x000000000800b814        0x0
 .vfp11_veneer  0x000000000800b814        0x0 linker stubs

.v4_bx          0x000000000800b814        0x0
 .v4_bx         0x000000000800b814        0x0 linker stubs

.iplt           0x000000000800b814        0x0
 .iplt          0x000000000800b814        0x0 C:/ST/STM32CubeIDE_1.13.0/STM32CubeIDE/plugins/com.st.stm32cube.ide.mcu.externaltools.gnu-tools-for-stm32.11.3.rel1.win32_1.1.0.202305231506/tools/bin/../lib/gcc/arm-none-eabi/11.3.1/thumb/v7e-m+fp/hard/crtbegin.o

.rodata         0x000000000800b818     0x2060
                0x000000000800b818                . = ALIGN (0x4)
 *(.rodata)
 .rodata        0x000000000800b818        0x3 ./Core/Driver/gps/gps.o
 *fill*         0x000000000800b81b        0x1 
 .rodata        0x000000000800b81c        0x3 ./Core/Driver/obd2/obd2.o
 *(.rodata*)
 *fill*         0x000000000800b81f        0x1 
 .rodata.VTSInit.str1.4
                0x000000000800b820       0x5c ./Core/Driver/VTS/vehicleTrackingSystem.o
 .rodata.btInitConfig.str1.4
                0x000000000800b87c       0x24 ./Core/Driver/bluetooth/bluetooth.o
 .rodata.findOBD2DeviceMacAddr.str1.4
                0x000000000800b8a0        0xd ./Core/Driver/bluetooth/bluetooth.o
                                         0x11 (size before relaxing)
 *fill*         0x000000000800b8ad        0x3 
 .rodata.btConnection.str1.4
                0x000000000800b8b0       0x3d ./Core/Driver/bluetooth/bluetooth.o
 *fill*         0x000000000800b8ed        0x3 
 .rodata.checkNMEAMsgValid.str1.4
                0x000000000800b8f0        0x5 ./Core/Driver/gps/gps.o
 *fill*         0x000000000800b8f5        0x3 
 .rodata.parseNmeaMsg.str1.4
                0x000000000800b8f8       0x17 ./Core/Driver/gps/gps.o
                                         0x1b (size before relaxing)
 *fill*         0x000000000800b90f        0x1 
 .rodata.gsmInit.str1.4
                0x000000000800b910       0x5e ./Core/Driver/m95/m95.o
 *fill*         0x000000000800b96e        0x2 
 .rodata.gsmConfig.str1.4
                0x000000000800b970       0xd1 ./Core/Driver/m95/m95.o
                                         0xd5 (size before relaxing)
 *fill*         0x000000000800ba41        0x3 
 .rodata.awsRootCA1
                0x000000000800ba44      0x4a4 ./Core/Driver/mqtt/cert.o
                0x000000000800ba44                awsRootCA1
 .rodata.clientCert
                0x000000000800bee8      0x4c3 ./Core/Driver/mqtt/cert.o
                0x000000000800bee8                clientCert
 *fill*         0x000000000800c3ab        0x1 
 .rodata.clientPrivateKey
                0x000000000800c3ac      0x68f ./Core/Driver/mqtt/cert.o
                0x000000000800c3ac                clientPrivateKey
 *fill*         0x000000000800ca3b        0x1 
 .rodata.deleteCertKey.str1.4
                0x000000000800ca3c       0xbe ./Core/Driver/mqtt/mqtt.o
                                         0xc2 (size before relaxing)
 *fill*         0x000000000800cafa        0x2 
 .rodata.writeCertKey.str1.4
                0x000000000800cafc      0x141 ./Core/Driver/mqtt/mqtt.o
 *fill*         0x000000000800cc3d        0x3 
 .rodata.mqttInit.part.0.str1.4
                0x000000000800cc40      0x340 ./Core/Driver/mqtt/mqtt.o
 .rodata.mqttConnect.str1.4
                0x000000000800cf80       0x9e ./Core/Driver/mqtt/mqtt.o
 *fill*         0x000000000800d01e        0x2 
 .rodata.mqttOpenBroker.str1.4
                0x000000000800d020       0xb7 ./Core/Driver/mqtt/mqtt.o
 *fill*         0x000000000800d0d7        0x1 
 .rodata.mqttPubMessage.str1.4
                0x000000000800d0d8      0x158 ./Core/Driver/mqtt/mqtt.o
 .rodata.mqttControl.str1.4
                0x000000000800d230       0xb8 ./Core/Driver/mqtt/mqtt.o
 .rodata.obd2Init.str1.4
                0x000000000800d2e8       0x2f ./Core/Driver/obd2/obd2.o
                                         0x33 (size before relaxing)
 *fill*         0x000000000800d317        0x1 
 .rodata.convertObd2Data.str1.4
                0x000000000800d318        0x5 ./Core/Driver/obd2/obd2.o
                                          0x9 (size before relaxing)
 *fill*         0x000000000800d31d        0x3 
 .rodata.obd2GetPeriodicMsg.str1.4
                0x000000000800d320        0x8 ./Core/Driver/obd2/obd2.o
                                          0xc (size before relaxing)
 .rodata.str1.4
                0x000000000800d328       0x6f ./Core/Driver/obd2/obd2.o
 *fill*         0x000000000800d397        0x1 
 .rodata.strDTCs
                0x000000000800d398       0x30 ./Core/Driver/obd2/obd2.o
 .rodata.AHBPrescTable
                0x000000000800d3c8       0x10 ./Core/Src/system_stm32f4xx.o
                0x000000000800d3c8                AHBPrescTable
 .rodata.APBPrescTable
                0x000000000800d3d8        0x8 ./Core/Src/system_stm32f4xx.o
                0x000000000800d3d8                APBPrescTable
 .rodata._strtod_l.str1.1
                0x000000000800d3e0        0x2 C:/ST/STM32CubeIDE_1.13.0/STM32CubeIDE/plugins/com.st.stm32cube.ide.mcu.externaltools.gnu-tools-for-stm32.11.3.rel1.win32_1.1.0.202305231506/tools/bin/../lib/gcc/arm-none-eabi/11.3.1/../../../../arm-none-eabi/lib/thumb/v7e-m+fp/hard\libc_nano.a(libc_a-strtod.o)
                                          0xf (size before relaxing)
 *fill*         0x000000000800d3e2        0x2 