Archive member included to satisfy reference by file (symbol)

C:/ST/STM32CubeIDE_1.13.0/STM32CubeIDE/plugins/com.st.stm32cube.ide.mcu.externaltools.gnu-tools-for-stm32.11.3.rel1.win32_1.1.0.202305231506/tools/bin/../lib/gcc/arm-none-eabi/11.3.1/../../../../arm-none-eabi/lib/thumb/v7e-m+fp/hard\libc_nano.a(libc_a-atof.o)
                              ./Core/Driver/gps/gps.o (atof)
C:/ST/STM32CubeIDE_1.13.0/STM32CubeIDE/plugins/com.st.stm32cube.ide.mcu.externaltools.gnu-tools-for-stm32.11.3.rel1.win32_1.1.0.202305231506/tools/bin/../lib/gcc/arm-none-eabi/11.3.1/../../../../arm-none-eabi/lib/thumb/v7e-m+fp/hard\libc_nano.a(libc_a-atoff.o)
                              ./Core/Driver/gps/gps.o (atoff)
C:/ST/STM32CubeIDE_1.13.0/STM32CubeIDE/plugins/com.st.stm32cube.ide.mcu.externaltools.gnu-tools-for-stm32.11.3.rel1.win32_1.1.0.202305231506/tools/bin/../lib/gcc/arm-none-eabi/11.3.1/../../../../arm-none-eabi/lib/thumb/v7e-m+fp/hard\libc_nano.a(libc_a-atoi.o)
                              ./Core/Driver/gps/gps.o (atoi)
C:/ST/STM32CubeIDE_1.13.0/STM32CubeIDE/plugins/com.st.stm32cube.ide.mcu.externaltools.gnu-tools-for-stm32.11.3.rel1.win32_1.1.0.202305231506/tools/bin/../lib/gcc/arm-none-eabi/11.3.1/../../../../arm-none-eabi/lib/thumb/v7e-m+fp/hard\libc_nano.a(libc_a-atol.o)
                              ./Core/Driver/gps/gps.o (atol)
C:/ST/STM32CubeIDE_1.13.0/STM32CubeIDE/plugins/com.st.stm32cube.ide.mcu.externaltools.gnu-tools-for-stm32.11.3.rel1.win32_1.1.0.202305231506/tools/bin/../lib/gcc/arm-none-eabi/11.3.1/../../../../arm-none-eabi/lib/thumb/v7e-m+fp/hard\libc_nano.a(libc_a-exit.o)
                              C:/ST/STM32CubeIDE_1.13.0/STM32CubeIDE/plugins/com.st.stm32cube.ide.mcu.externaltools.gnu-tools-for-stm32.11.3.rel1.win32_1.1.0.202305231506/tools/bin/../lib/gcc/arm-none-eabi/11.3.1/../../../../arm-none-eabi/lib/thumb/v7e-m+fp/hard/crt0.o (exit)
C:/ST/STM32CubeIDE_1.13.0/STM32CubeIDE/plugins/com.st.stm32cube.ide.mcu.externaltools.gnu-tools-for-stm32.11.3.rel1.win32_1.1.0.202305231506/tools/bin/../lib/gcc/arm-none-eabi/11.3.1/../../../../arm-none-eabi/lib/thumb/v7e-m+fp/hard\libc_nano.a(libc_a-strtod.o)
                              C:/ST/STM32CubeIDE_1.13.0/STM32CubeIDE/plugins/com.st.stm32cube.ide.mcu.externaltools.gnu-tools-for-stm32.11.3.rel1.win32_1.1.0.202305231506/tools/bin/../lib/gcc/arm-none-eabi/11.3.1/../../../../arm-none-eabi/lib/thumb/v7e-m+fp/hard\libc_nano.a(libc_a-atof.o) (strtod)
C:/ST/STM32CubeIDE_1.13.0/STM32CubeIDE/plugins/com.st.stm32cube.ide.mcu.externaltools.gnu-tools-for-stm32.11.3.rel1.win32_1.1.0.202305231506/tools/bin/../lib/gcc/arm-none-eabi/11.3.1/../../../../arm-none-eabi/lib/thumb/v7e-m+fp/hard\libc_nano.a(libc_a-strtol.o)
                              C:/ST/STM32CubeIDE_1.13.0/STM32CubeIDE/plugins/com.st.stm32cube.ide.mcu.externaltools.gnu-tools-for-stm32.11.3.rel1.win32_1.1.0.202305231506/tools/bin/../lib/gcc/arm-none-eabi/11.3.1/../../../../arm-none-eabi/lib/thumb/v7e-m+fp/hard\libc_nano.a(libc_a-atoi.o) (_strtol_r)
C:/ST/STM32CubeIDE_1.13.0/STM32CubeIDE/plugins/com.st.stm32cube.ide.mcu.externaltools.gnu-tools-for-stm32.11.3.rel1.win32_1.1.0.202305231506/tools/bin/../lib/gcc/arm-none-eabi/11.3.1/../../../../arm-none-eabi/lib/thumb/v7e-m+fp/hard\libc_nano.a(libc_a-ctype_.o)
                              C:/ST/STM32CubeIDE_1.13.0/STM32CubeIDE/plugins/com.st.stm32cube.ide.mcu.externaltools.gnu-tools-for-stm32.11.3.rel1.win32_1.1.0.202305231506/tools/bin/../lib/gcc/arm-none-eabi/11.3.1/../../../../arm-none-eabi/lib/thumb/v7e-m+fp/hard\libc_nano.a(libc_a-strtol.o) (_ctype_)
C:/ST/STM32CubeIDE_1.13.0/STM32CubeIDE/plugins/com.st.stm32cube.ide.mcu.externaltools.gnu-tools-for-stm32.11.3.rel1.win32_1.1.0.202305231506/tools/bin/../lib/gcc/arm-none-eabi/11.3.1/../../../../arm-none-eabi/lib/thumb/v7e-m+fp/hard\libc_nano.a(libc_a-nano-vfprintf_float.o)
                              (_printf_float)
C:/ST/STM32CubeIDE_1.13.0/STM32CubeIDE/plugins/com.st.stm32cube.ide.mcu.externaltools.gnu-tools-for-stm32.11.3.rel1.win32_1.1.0.202305231506/tools/bin/../lib/gcc/arm-none-eabi/11.3.1/../../../../arm-none-eabi/lib/thumb/v7e-m+fp/hard\libc_nano.a(libc_a-nano-vfprintf_i.o)
                              C:/ST/STM32CubeIDE_1.13.0/STM32CubeIDE/plugins/com.st.stm32cube.ide.mcu.externaltools.gnu-tools-for-stm32.11.3.rel1.win32_1.1.0.202305231506/tools/bin/../lib/gcc/arm-none-eabi/11.3.1/../../../../arm-none-eabi/lib/thumb/v7e-m+fp/hard\libc_nano.a(libc_a-nano-vfprintf_float.o) (_printf_common)
C:/ST/STM32CubeIDE_1.13.0/STM32CubeIDE/plugins/com.st.stm32cube.ide.mcu.externaltools.gnu-tools-for-stm32.11.3.rel1.win32_1.1.0.202305231506/tools/bin/../lib/gcc/arm-none-eabi/11.3.1/../../../../arm-none-eabi/lib/thumb/v7e-m+fp/hard\libc_nano.a(libc_a-nano-vfscanf_float.o)
                              (_scanf_float)
[...]
Memory Configuration

Name             Origin             Length             Attributes
CCMRAM           0x0000000010000000 0x0000000000010000 xrw
RAM              0x0000000020000000 0x0000000000020000 xrw
FLASH            0x0000000008000000 0x0000000000100000 xr
*default*        0x0000000000000000 0xffffffffffffffff

Linker script and memory map

LOAD C:/ST/STM32CubeIDE_1.13.0/STM32CubeIDE/plugins/com.st.stm32cube.ide.mcu.externaltools.gnu-tools-for-stm32.11.3.rel1.win32_1.1.0.202305231506/tools/bin/../lib/gcc/arm-none-eabi/11.3.1/thumb/v7e-m+fp/hard/crti.o
LOAD C:/ST/STM32CubeIDE_1.13.0/STM32CubeIDE/plugins/com.st.stm32cube.ide.mcu.externaltools.gnu-tools-for-stm32.11.3.rel1.win32_1.1.0.202305231506/tools/bin/../lib/gcc/arm-none-eabi/11.3.1/thumb/v7e-m+fp/hard/crtbegin.o
LOAD C:/ST/STM32CubeIDE_1.13.0/STM32CubeIDE/plugins/com.st.stm32cube.ide.mcu.externaltools.gnu-tools-for-stm32.11.3.rel1.win32_1.1.0.202305231506/tools/bin/../lib/gcc/arm-none-eabi/11.3.1/../../../../arm-none-eabi/lib/thumb/v7e-m+fp/hard/crt0.o
LOAD ./Core/Driver/VTS/vehicleTrackingSystem.o
LOAD ./Core/Driver/bluetooth/bluetooth.o
LOAD ./Core/Driver/gps/gps.o
LOAD ./Core/Driver/m95/m95.o
LOAD ./Core/Driver/mems/MY_LIS3DSH.o
LOAD ./Core/Driver/mqtt/cert.o
LOAD ./Core/Driver/mqtt/mqtt.o
LOAD ./Core/Driver/uart_debug/uart_debug.o
LOAD ./Core/Src/main.o
LOAD ./Core/Src/stm32f4xx_hal_msp.o
LOAD ./Core/Src/stm32f4xx_it.o
LOAD ./Core/Src/syscalls.o
LOAD ./Core/Src/sysmem.o
LOAD ./Core/Src/system_stm32f4xx.o
LOAD ./Core/Startup/startup_stm32f407vgtx.o
LOAD ./Drivers/STM32F4xx_HAL_Driver/Src/stm32f4xx_hal.o
LOAD ./Drivers/STM32F4xx_HAL_Driver/Src/stm32f4xx_hal_cortex.o
LOAD ./Drivers/STM32F4xx_HAL_Driver/Src/stm32f4xx_hal_dma.o
LOAD ./Drivers/STM32F4xx_HAL_Driver/Src/stm32f4xx_hal_dma_ex.o
LOAD ./Drivers/STM32F4xx_HAL_Driver/Src/stm32f4xx_hal_exti.o
LOAD ./Drivers/STM32F4xx_HAL_Driver/Src/stm32f4xx_hal_flash.o
LOAD ./Drivers/STM32F4xx_HAL_Driver/Src/stm32f4xx_hal_flash_ex.o
LOAD ./Drivers/STM32F4xx_HAL_Driver/Src/stm32f4xx_hal_flash_ramfunc.o
LOAD ./Drivers/STM32F4xx_HAL_Driver/Src/stm32f4xx_hal_gpio.o
LOAD ./Drivers/STM32F4xx_HAL_Driver/Src/stm32f4xx_hal_pwr.o
LOAD ./Drivers/STM32F4xx_HAL_Driver/Src/stm32f4xx_hal_pwr_ex.o
LOAD ./Drivers/STM32F4xx_HAL_Driver/Src/stm32f4xx_hal_rcc.o
LOAD ./Drivers/STM32F4xx_HAL_Driver/Src/stm32f4xx_hal_rcc_ex.o
LOAD ./Drivers/STM32F4xx_HAL_Driver/Src/stm32f4xx_hal_spi.o
LOAD ./Drivers/STM32F4xx_HAL_Driver/Src/stm32f4xx_hal_tim.o
LOAD ./Drivers/STM32F4xx_HAL_Driver/Src/stm32f4xx_hal_tim_ex.o
LOAD ./Drivers/STM32F4xx_HAL_Driver/Src/stm32f4xx_hal_uart.o
START GROUP
LOAD C:/ST/STM32CubeIDE_1.13.0/STM32CubeIDE/plugins/com.st.stm32cube.ide.mcu.externaltools.gnu-tools-for-stm32.11.3.rel1.win32_1.1.0.202305231506/tools/bin/../lib/gcc/arm-none-eabi/11.3.1/../../../../arm-none-eabi/lib/thumb/v7e-m+fp/hard\libc_nano.a
LOAD C:/ST/STM32CubeIDE_1.13.0/STM32CubeIDE/plugins/com.st.stm32cube.ide.mcu.externaltools.gnu-tools-for-stm32.11.3.rel1.win32_1.1.0.202305231506/tools/bin/../lib/gcc/arm-none-eabi/11.3.1/../../../../arm-none-eabi/lib/thumb/v7e-m+fp/hard\libm.a
END GROUP
START GROUP
LOAD C:/ST/STM32CubeIDE_1.13.0/STM32CubeIDE/plugins/com.st.stm32cube.ide.mcu.externaltools.gnu-tools-for-stm32.11.3.rel1.win32_1.1.0.202305231506/tools/bin/../lib/gcc/arm-none-eabi/11.3.1/thumb/v7e-m+fp/hard\libgcc.a
LOAD C:/ST/STM32CubeIDE_1.13.0/STM32CubeIDE/plugins/com.st.stm32cube.ide.mcu.externaltools.gnu-tools-for-stm32.11.3.rel1.win32_1.1.0.202305231506/tools/bin/../lib/gcc/arm-none-eabi/11.3.1/../../../../arm-none-eabi/lib/thumb/v7e-m+fp/hard\libc_nano.a
END GROUP
START GROUP
LOAD C:/ST/STM32CubeIDE_1.13.0/STM32CubeIDE/plugins/com.st.stm32cube.ide.mcu.externaltools.gnu-tools-for-stm32.11.3.rel1.win32_1.1.0.202305231506/tools/bin/../lib/gcc/arm-none-eabi/11.3.1/thumb/v7e-m+fp/hard\libgcc.a
LOAD C:/ST/STM32CubeIDE_1.13.0/STM32CubeIDE/plugins/com.st.stm32cube.ide.mcu.externaltools.gnu-tools-for-stm32.11.3.rel1.win32_1.1.0.202305231506/tools/bin/../lib/gcc/arm-none-eabi/11.3.1/../../../../arm-none-eabi/lib/thumb/v7e-m+fp/hard\libc_nano.a
LOAD C:/ST/STM32CubeIDE_1.13.0/STM32CubeIDE/plugins/com.st.stm32cube.ide.mcu.externaltools.gnu-tools-for-stm32.11.3.rel1.win32_1.1.0.202305231506/tools/bin/../lib/gcc/arm-none-eabi/11.3.1/../../../../arm-none-eabi/lib/thumb/v7e-m+fp/hard\libnosys.a
END GROUP
START GROUP
LOAD C:/ST/STM32CubeIDE_1.13.0/STM32CubeIDE/plugins/com.st.stm32cube.ide.mcu.externaltools.gnu-tools-for-stm32.11.3.rel1.win32_1.1.0.202305231506/tools/bin/../lib/gcc/arm-none-eabi/11.3.1/thumb/v7e-m+fp/hard\libgcc.a
LOAD C:/ST/STM32CubeIDE_1.13.0/STM32CubeIDE/plugins/com.st.stm32cube.ide.mcu.externaltools.gnu-tools-for-stm32.11.3.rel1.win32_1.1.0.202305231506/tools/bin/../lib/gcc/arm-none-eabi/11.3.1/../../../../arm-none-eabi/lib/thumb/v7e-m+fp/hard\libc_nano.a
LOAD C:/ST/STM32CubeIDE_1.13.0/STM32CubeIDE/plugins/com.st.stm32cube.ide.mcu.externaltools.gnu-tools-for-stm32.11.3.rel1.win32_1.1.0.202305231506/tools/bin/../lib/gcc/arm-none-eabi/11.3.1/../../../../arm-none-eabi/lib/thumb/v7e-m+fp/hard\libnosys.a
END GROUP
LOAD C:/ST/STM32CubeIDE_1.13.0/STM32CubeIDE/plugins/com.st.stm32cube.ide.mcu.externaltools.gnu-tools-for-stm32.11.3.rel1.win32_1.1.0.202305231506/tools/bin/../lib/gcc/arm-none-eabi/11.3.1/thumb/v7e-m+fp/hard/crtend.o
LOAD C:/ST/STM32CubeIDE_1.13.0/STM32CubeIDE/plugins/com.st.stm32cube.ide.mcu.externaltools.gnu-tools-for-stm32.11.3.rel1.win32_1.1.0.202305231506/tools/bin/../lib/gcc/arm-none-eabi/11.3.1/thumb/v7e-m+fp/hard/crtn.o
                0x0000000020020000                _estack = (ORIGIN (RAM) + LENGTH (RAM))
                0x0000000000000400                _Min_Heap_Size = 0x400
                0x0000000000001200                _Min_Stack_Size = 0x1200

.isr_vector     0x0000000008000000      0x188
                0x0000000008000000                . = ALIGN (0x4)
 *(.isr_vector)
 .isr_vector    0x0000000008000000      0x188 ./Core/Startup/startup_stm32f407vgtx.o
                0x0000000008000000                g_pfnVectors
                0x0000000008000188                . = ALIGN (0x4)

.text           0x0000000008000190     0xa774
                0x0000000008000190                . = ALIGN (0x4)
 *(.text)
 .text          0x0000000008000190       0x40 C:/ST/STM32CubeIDE_1.13.0/STM32CubeIDE/plugins/com.st.stm32cube.ide.mcu.externaltools.gnu-tools-for-stm32.11.3.rel1.win32_1.1.0.202305231506/tools/bin/../lib/gcc/arm-none-eabi/11.3.1/thumb/v7e-m+fp/hard/crtbegin.o
 .text          0x00000000080001d0       0xa0 C:/ST/STM32CubeIDE_1.13.0/STM32CubeIDE/plugins/com.st.stm32cube.ide.mcu.externaltools.gnu-tools-for-stm32.11.3.rel1.win32_1.1.0.202305231506/tools/bin/../lib/gcc/arm-none-eabi/11.3.1/../../../../arm-none-eabi/lib/thumb/v7e-m+fp/hard\libc_nano.a(libc_a-memchr.o)
                0x00000000080001d0                memchr
 .text          0x0000000008000270       0x10 C:/ST/STM32CubeIDE_1.13.0/STM32CubeIDE/plugins/com.st.stm32cube.ide.mcu.externaltools.gnu-tools-for-stm32.11.3.rel1.win32_1.1.0.202305231506/tools/bin/../lib/gcc/arm-none-eabi/11.3.1/../../../../arm-none-eabi/lib/thumb/v7e-m+fp/hard\libc_nano.a(libc_a-strlen.o)
                0x0000000008000270                strlen
 .text          0x0000000008000280      0x378 C:/ST/STM32CubeIDE_1.13.0/STM32CubeIDE/plugins/com.st.stm32cube.ide.mcu.externaltools.gnu-tools-for-stm32.11.3.rel1.win32_1.1.0.202305231506/tools/bin/../lib/gcc/arm-none-eabi/11.3.1/thumb/v7e-m+fp/hard\libgcc.a(_arm_addsubdf3.o)
                0x0000000008000280                __aeabi_drsub
                0x0000000008000288                __aeabi_dsub
                0x0000000008000288                __subdf3
                0x000000000800028c                __aeabi_dadd
                0x000000000800028c                __adddf3
                0x0000000008000504                __floatunsidf
                0x0000000008000504                __aeabi_ui2d
                0x0000000008000524                __floatsidf
                0x0000000008000524                __aeabi_i2d
                0x0000000008000548                __aeabi_f2d
                0x0000000008000548                __extendsfdf2
                0x000000000800058c                __floatundidf
                0x000000000800058c                __aeabi_ul2d
                0x000000000800059c                __floatdidf
                0x000000000800059c                __aeabi_l2d
 .text          0x00000000080005f8      0x424 C:/ST/STM32CubeIDE_1.13.0/STM32CubeIDE/plugins/com.st.stm32cube.ide.mcu.externaltools.gnu-tools-for-stm32.11.3.rel1.win32_1.1.0.202305231506/tools/bin/../lib/gcc/arm-none-eabi/11.3.1/thumb/v7e-m+fp/hard\libgcc.a(_arm_muldivdf3.o)
                0x00000000080005f8                __aeabi_dmul
                0x00000000080005f8                __muldf3
                0x000000000800084c                __divdf3
                0x000000000800084c                __aeabi_ddiv
 .text          0x0000000008000a1c      0x110 C:/ST/STM32CubeIDE_1.13.0/STM32CubeIDE/plugins/com.st.stm32cube.ide.mcu.externaltools.gnu-tools-for-stm32.11.3.rel1.win32_1.1.0.202305231506/tools/bin/../lib/gcc/arm-none-eabi/11.3.1/thumb/v7e-m+fp/hard\libgcc.a(_arm_cmpdf2.o)
                0x0000000008000a1c                __gtdf2
                0x0000000008000a1c                __gedf2
                0x0000000008000a24                __ltdf2
                0x0000000008000a24                __ledf2
                0x0000000008000a2c                __nedf2
                0x0000000008000a2c                __eqdf2
                0x0000000008000a2c                __cmpdf2
                0x0000000008000aa8                __aeabi_cdrcmple
                0x0000000008000ab8                __aeabi_cdcmpeq
                0x0000000008000ab8                __aeabi_cdcmple
                0x0000000008000ac8                __aeabi_dcmpeq
                0x0000000008000adc                __aeabi_dcmplt
                0x0000000008000af0                __aeabi_dcmple
                0x0000000008000b04                __aeabi_dcmpge
                0x0000000008000b18                __aeabi_dcmpgt
 .text          0x0000000008000b2c       0x2c C:/ST/STM32CubeIDE_1.13.0/STM32CubeIDE/plugins/com.st.stm32cube.ide.mcu.externaltools.gnu-tools-for-stm32.11.3.rel1.win32_1.1.0.202305231506/tools/bin/../lib/gcc/arm-none-eabi/11.3.1/thumb/v7e-m+fp/hard\libgcc.a(_arm_unorddf2.o)
                0x0000000008000b2c                __unorddf2
                0x0000000008000b2c                __aeabi_dcmpun
 .text          0x0000000008000b58       0x50 C:/ST/STM32CubeIDE_1.13.0/STM32CubeIDE/plugins/com.st.stm32cube.ide.mcu.externaltools.gnu-tools-for-stm32.11.3.rel1.win32_1.1.0.202305231506/tools/bin/../lib/gcc/arm-none-eabi/11.3.1/thumb/v7e-m+fp/hard\libgcc.a(_arm_fixdfsi.o)
                0x0000000008000b58                __aeabi_d2iz
                0x0000000008000b58                __fixdfsi
 .text          0x0000000008000ba8       0x40 C:/ST/STM32CubeIDE_1.13.0/STM32CubeIDE/plugins/com.st.stm32cube.ide.mcu.externaltools.gnu-tools-for-stm32.11.3.rel1.win32_1.1.0.202305231506/tools/bin/../lib/gcc/arm-none-eabi/11.3.1/thumb/v7e-m+fp/hard\libgcc.a(_arm_fixunsdfsi.o)
                0x0000000008000ba8                __aeabi_d2uiz
                0x0000000008000ba8                __fixunsdfsi
 .text          0x0000000008000be8       0xa0 C:/ST/STM32CubeIDE_1.13.0/STM32CubeIDE/plugins/com.st.stm32cube.ide.mcu.externaltools.gnu-tools-for-stm32.11.3.rel1.win32_1.1.0.202305231506/tools/bin/../lib/gcc/arm-none-eabi/11.3.1/thumb/v7e-m+fp/hard\libgcc.a(_arm_truncdfsf2.o)
                0x0000000008000be8                __truncdfsf2
                0x0000000008000be8                __aeabi_d2f
 .text          0x0000000008000c88       0x30 C:/ST/STM32CubeIDE_1.13.0/STM32CubeIDE/plugins/com.st.stm32cube.ide.mcu.externaltools.gnu-tools-for-stm32.11.3.rel1.win32_1.1.0.202305231506/tools/bin/../lib/gcc/arm-none-eabi/11.3.1/thumb/v7e-m+fp/hard\libgcc.a(_aeabi_uldivmod.o)
                0x0000000008000c88                __aeabi_uldivmod
 .text          0x0000000008000cb8       0x30 C:/ST/STM32CubeIDE_1.13.0/STM32CubeIDE/plugins/com.st.stm32cube.ide.mcu.externaltools.gnu-tools-for-stm32.11.3.rel1.win32_1.1.0.202305231506/tools/bin/../lib/gcc/arm-none-eabi/11.3.1/thumb/v7e-m+fp/hard\libgcc.a(_fixdfdi.o)
                0x0000000008000cb8                __fixdfdi
                0x0000000008000cb8                __aeabi_d2lz
 .text          0x0000000008000ce8       0x3c C:/ST/STM32CubeIDE_1.13.0/STM32CubeIDE/plugins/com.st.stm32cube.ide.mcu.externaltools.gnu-tools-for-stm32.11.3.rel1.win32_1.1.0.202305231506/tools/bin/../lib/gcc/arm-none-eabi/11.3.1/thumb/v7e-m+fp/hard\libgcc.a(_fixunsdfdi.o)
                0x0000000008000ce8                __fixunsdfdi
                0x0000000008000ce8                __aeabi_d2ulz
 .text          0x0000000008000d24      0x2c8 C:/ST/STM32CubeIDE_1.13.0/STM32CubeIDE/plugins/com.st.stm32cube.ide.mcu.externaltools.gnu-tools-for-stm32.11.3.rel1.win32_1.1.0.202305231506/tools/bin/../lib/gcc/arm-none-eabi/11.3.1/thumb/v7e-m+fp/hard\libgcc.a(_udivmoddi4.o)
                0x0000000008000d24                __udivmoddi4
 .text          0x0000000008000fec        0x4 C:/ST/STM32CubeIDE_1.13.0/STM32CubeIDE/plugins/com.st.stm32cube.ide.mcu.externaltools.gnu-tools-for-stm32.11.3.rel1.win32_1.1.0.202305231506/tools/bin/../lib/gcc/arm-none-eabi/11.3.1/thumb/v7e-m+fp/hard\libgcc.a(_dvmd_tls.o)
                0x0000000008000fec                __aeabi_idiv0
                0x0000000008000fec                __aeabi_ldiv0
 *(.text*)
 .text.checkButton
                0x0000000008000ff0       0x90 ./Core/Driver/VTS/vehicleTrackingSystem.o
                0x0000000008000ff0                checkButton
 .text.VTSInit  0x0000000008001080       0x68 ./Core/Driver/VTS/vehicleTrackingSystem.o
                0x0000000008001080                VTSInit
 .text.VTSControl
                0x00000000080010e8       0x18 ./Core/Driver/VTS/vehicleTrackingSystem.o
                0x00000000080010e8                VTSControl
 .text.VTS_Virtual_SysTick_Handler
                0x0000000008001100       0x18 ./Core/Driver/VTS/vehicleTrackingSystem.o
                0x0000000008001100                VTS_Virtual_SysTick_Handler
 .text.VTS_Virtual_UART_RxCpltCallback
                0x0000000008001118       0x1c ./Core/Driver/VTS/vehicleTrackingSystem.o
                0x0000000008001118                VTS_Virtual_UART_RxCpltCallback
 .text.VTS_Virtual_TIM_PeriodElapsedCallback
                0x0000000008001134       0x20 ./Core/Driver/VTS/vehicleTrackingSystem.o
                0x0000000008001134                VTS_Virtual_TIM_PeriodElapsedCallback
 .text.BT_Virtual_Systick
                0x0000000008001154       0x10 ./Core/Driver/bluetooth/bluetooth.o
                0x0000000008001154                BT_Virtual_Systick
 .text.BT_Virtual_Rx_IT
                0x0000000008001164       0x20 ./Core/Driver/bluetooth/bluetooth.o
                0x0000000008001164                BT_Virtual_Rx_IT
 .text.BT_Virtual_UART_RxCpltCallback
                0x0000000008001184       0x48 ./Core/Driver/bluetooth/bluetooth.o
                0x0000000008001184                BT_Virtual_UART_RxCpltCallback
 .text.btInit   0x00000000080011cc       0x10 ./Core/Driver/bluetooth/bluetooth.o
                0x00000000080011cc                btInit
 .text.sendBtUartData
                0x00000000080011dc       0x18 ./Core/Driver/bluetooth/bluetooth.o
                0x00000000080011dc                sendBtUartData
 .text.checkValidMsg
                0x00000000080011f4        0x4 ./Core/Driver/bluetooth/bluetooth.o
                0x00000000080011f4                checkValidMsg
 .text.parserOBD2
                0x00000000080011f8       0x88 ./Core/Driver/bluetooth/bluetooth.o
                0x00000000080011f8                parserOBD2
 .text.btControl
                0x0000000008001280       0x18 ./Core/Driver/bluetooth/bluetooth.o
                0x0000000008001280                btControl
 .text.setGPSNmeaMsgSearchState
                0x0000000008001298        0xc ./Core/Driver/gps/gps.o
                0x0000000008001298                setGPSNmeaMsgSearchState
 .text.getGGALatLongValue
                0x00000000080012a4       0x38 ./Core/Driver/gps/gps.o
                0x00000000080012a4                getGGALatLongValue
 .text.GPS_Virtual_Systick
                0x00000000080012dc       0x10 ./Core/Driver/gps/gps.o
                0x00000000080012dc                GPS_Virtual_Systick
 .text.GPS_Virtual_Rx_IT
                0x00000000080012ec       0x20 ./Core/Driver/gps/gps.o
                0x00000000080012ec                GPS_Virtual_Rx_IT
 .text.gpsInit  0x000000000800130c       0x10 ./Core/Driver/gps/gps.o
                0x000000000800130c                gpsInit
 .text.GPS_Virtual_UART_RxCpltCallback
                0x000000000800131c       0xa0 ./Core/Driver/gps/gps.o
                0x000000000800131c                GPS_Virtual_UART_RxCpltCallback
 .text.checkNMEAMsgValid
                0x00000000080013bc       0x64 ./Core/Driver/gps/gps.o
                0x00000000080013bc                checkNMEAMsgValid
 .text.convertNMEAtoDegree
                0x0000000008001420       0x74 ./Core/Driver/gps/gps.o
                0x0000000008001420                convertNMEAtoDegree
 .text.convertRMCMsg
                0x0000000008001494      0x10c ./Core/Driver/gps/gps.o
                0x0000000008001494                convertRMCMsg
 .text.convertGGAMsg
                0x00000000080015a0      0x124 ./Core/Driver/gps/gps.o
                0x00000000080015a0                convertGGAMsg
 .text.convertGSAMsg
                0x00000000080016c4       0x98 ./Core/Driver/gps/gps.o
                0x00000000080016c4                convertGSAMsg
 .text.parseNmeaGGAandRMCMsg
                0x000000000800175c       0xe8 ./Core/Driver/gps/gps.o
                0x000000000800175c                parseNmeaGGAandRMCMsg
 .text.gpsControl
                0x0000000008001844       0x18 ./Core/Driver/gps/gps.o
                0x0000000008001844                gpsControl
 .text.getModuleConfigState
                0x000000000800185c        0xc ./Core/Driver/m95/m95.o
                0x000000000800185c                getModuleConfigState
 .text.setModuleConfigState
                0x0000000008001868        0xc ./Core/Driver/m95/m95.o
                0x0000000008001868                setModuleConfigState
 .text.getRecvCompleted
                0x0000000008001874        0xc ./Core/Driver/m95/m95.o
                0x0000000008001874                getRecvCompleted
 .text.getSystickCnt
                0x0000000008001880        0xc ./Core/Driver/m95/m95.o
                0x0000000008001880                getSystickCnt
 .text.getRecvTimeoutCnt
                0x000000000800188c        0xc ./Core/Driver/m95/m95.o
                0x000000000800188c                getRecvTimeoutCnt
 .text.startRecvTimeout
                0x0000000008001898       0x14 ./Core/Driver/m95/m95.o
                0x0000000008001898                startRecvTimeout
 .text.stopRecvTimeout
                0x00000000080018ac       0x10 ./Core/Driver/m95/m95.o
                0x00000000080018ac                stopRecvTimeout
 .text.checkRecvTimeout
                0x00000000080018bc       0x30 ./Core/Driver/m95/m95.o
                0x00000000080018bc                checkRecvTimeout
 .text.getRecvTimeoutState
                0x00000000080018ec       0x14 ./Core/Driver/m95/m95.o
                0x00000000080018ec                getRecvTimeoutState
 .text.powerOn  0x0000000008001900       0x5c ./Core/Driver/m95/m95.o
                0x0000000008001900                powerOn
 .text.monitoringPowerOff
                0x000000000800195c       0x44 ./Core/Driver/m95/m95.o
                0x000000000800195c                monitoringPowerOff
 .text.clearUartBuffer
                0x00000000080019a0       0x24 ./Core/Driver/m95/m95.o
                0x00000000080019a0                clearUartBuffer
 .text.sendATCommand
                0x00000000080019c4       0x28 ./Core/Driver/m95/m95.o
                0x00000000080019c4                sendATCommand
 .text.powerOff
                0x00000000080019ec       0x24 ./Core/Driver/m95/m95.o
                0x00000000080019ec                powerOff
 .text.findATCommandResp
                0x0000000008001a10       0x18 ./Core/Driver/m95/m95.o
                0x0000000008001a10                findATCommandResp
 .text.gsmConfig
                0x0000000008001a28      0x338 ./Core/Driver/m95/m95.o
                0x0000000008001a28                gsmConfig
 .text.GSM_Virtual_Rx_IT
                0x0000000008001d60       0x20 ./Core/Driver/m95/m95.o
                0x0000000008001d60                GSM_Virtual_Rx_IT
 .text.gsmInit  0x0000000008001d80       0x18 ./Core/Driver/m95/m95.o
                0x0000000008001d80                gsmInit
 .text.GSM_Virtual_UART_RxCpltCallback
                0x0000000008001d98       0x3c ./Core/Driver/m95/m95.o
                0x0000000008001d98                GSM_Virtual_UART_RxCpltCallback
 .text.sendUartData
                0x0000000008001dd4       0x54 ./Core/Driver/m95/m95.o
                0x0000000008001dd4                sendUartData
 .text.GSM_Virtual_TIM_ElapsedCallback
                0x0000000008001e28       0x7c ./Core/Driver/m95/m95.o
                0x0000000008001e28                GSM_Virtual_TIM_ElapsedCallback
 .text.GSM_Virtual_Systick
                0x0000000008001ea4       0x1c ./Core/Driver/m95/m95.o
                0x0000000008001ea4                GSM_Virtual_Systick
 .text.getRxGSMRawData
                0x0000000008001ec0       0x18 ./Core/Driver/m95/m95.o
                0x0000000008001ec0                getRxGSMRawData
 .text.gsmControl
                0x0000000008001ed8       0x28 ./Core/Driver/m95/m95.o
                0x0000000008001ed8                gsmControl
 .text.LIS3DSH_WriteIO
                0x0000000008001f00       0x4c ./Core/Driver/mems/MY_LIS3DSH.o
                0x0000000008001f00                LIS3DSH_WriteIO
 .text.LIS3DSH_ReadIO
                0x0000000008001f4c       0x68 ./Core/Driver/mems/MY_LIS3DSH.o
                0x0000000008001f4c                LIS3DSH_ReadIO
 .text.LIS3DSH_Init
                0x0000000008001fb4      0x100 ./Core/Driver/mems/MY_LIS3DSH.o
                0x0000000008001fb4                LIS3DSH_Init
 .text.LIS3DSH_GetDataRaw
                0x00000000080020b4       0x64 ./Core/Driver/mems/MY_LIS3DSH.o
                0x00000000080020b4                LIS3DSH_GetDataRaw
 .text.LIS3DSH_GetDataScaled
                0x0000000008002118       0xd8 ./Core/Driver/mems/MY_LIS3DSH.o
                0x0000000008002118                LIS3DSH_GetDataScaled
 .text.LIS3DSH_X_calibrate
                0x00000000080021f0       0x34 ./Core/Driver/mems/MY_LIS3DSH.o
                0x00000000080021f0                LIS3DSH_X_calibrate
 .text.LIS3DSH_Y_calibrate
                0x0000000008002224       0x34 ./Core/Driver/mems/MY_LIS3DSH.o
                0x0000000008002224                LIS3DSH_Y_calibrate
 .text.LIS3DSH_Z_calibrate
                0x0000000008002258       0x34 ./Core/Driver/mems/MY_LIS3DSH.o
                0x0000000008002258                LIS3DSH_Z_calibrate
 .text.memsInit
                0x000000000800228c       0x68 ./Core/Driver/mems/MY_LIS3DSH.o
                0x000000000800228c                memsInit
 .text.checkShakeAxesCnt
                0x00000000080022f4      0x10c ./Core/Driver/mems/MY_LIS3DSH.o
                0x00000000080022f4                checkShakeAxesCnt
 .text.checkAxesShakeDetect
                0x0000000008002400       0x32 ./Core/Driver/mems/MY_LIS3DSH.o
                0x0000000008002400                checkAxesShakeDetect
 .text.clearAxesShakeCnt
                0x0000000008002432        0xa ./Core/Driver/mems/MY_LIS3DSH.o
                0x0000000008002432                clearAxesShakeCnt
 .text.memsControl
                0x000000000800243c       0x94 ./Core/Driver/mems/MY_LIS3DSH.o
                0x000000000800243c                memsControl
 .text.MEMS_Virtual_Systick_Handler
                0x00000000080024d0       0x10 ./Core/Driver/mems/MY_LIS3DSH.o
                0x00000000080024d0                MEMS_Virtual_Systick_Handler
 .text.setMQTTPublishReadyState
                0x00000000080024e0        0xc ./Core/Driver/mqtt/mqtt.o
                0x00000000080024e0                setMQTTPublishReadyState
 .text.setMQTTOpenState
                0x00000000080024ec        0xc ./Core/Driver/mqtt/mqtt.o
                0x00000000080024ec                setMQTTOpenState
 .text.getMQTTOpenState
                0x00000000080024f8        0xc ./Core/Driver/mqtt/mqtt.o
                0x00000000080024f8                getMQTTOpenState
 .text.setMQTTConnectState
                0x0000000008002504        0xc ./Core/Driver/mqtt/mqtt.o
                0x0000000008002504                setMQTTConnectState
 .text.getMQTTConnectState
                0x0000000008002510        0xc ./Core/Driver/mqtt/mqtt.o
                0x0000000008002510                getMQTTConnectState
 .text.getMQTTConfigState
                0x000000000800251c        0xc ./Core/Driver/mqtt/mqtt.o
                0x000000000800251c                getMQTTConfigState
 .text.setMQTTConfigState
                0x0000000008002528        0xc ./Core/Driver/mqtt/mqtt.o
                0x0000000008002528                setMQTTConfigState
 .text.getMqttSystick
                0x0000000008002534        0xc ./Core/Driver/mqtt/mqtt.o
                0x0000000008002534                getMqttSystick
 .text.deleteCertKey
                0x0000000008002540      0x160 ./Core/Driver/mqtt/mqtt.o
                0x0000000008002540                deleteCertKey
 .text.writeCertKey
                0x00000000080026a0      0x29c ./Core/Driver/mqtt/mqtt.o
                0x00000000080026a0                writeCertKey
 .text.mqttInit
                0x000000000800293c      0x410 ./Core/Driver/mqtt/mqtt.o
                0x000000000800293c                mqttInit
 .text.mqttConnect
                0x0000000008002d4c      0x128 ./Core/Driver/mqtt/mqtt.o
                0x0000000008002d4c                mqttConnect
 .text.mqttOpenBroker
                0x0000000008002e74      0x138 ./Core/Driver/mqtt/mqtt.o
                0x0000000008002e74                mqttOpenBroker
 .text.mqttPubMessage
                0x0000000008002fac      0x1f4 ./Core/Driver/mqtt/mqtt.o
                0x0000000008002fac                mqttPubMessage
 .text.MQTT_Virtual_Systick_Handler
                0x00000000080031a0       0x10 ./Core/Driver/mqtt/mqtt.o
                0x00000000080031a0                MQTT_Virtual_Systick_Handler
 .text.MQTT_Virtual_TIM_ElapsedCallback
                0x00000000080031b0       0x18 ./Core/Driver/mqtt/mqtt.o
                0x00000000080031b0                MQTT_Virtual_TIM_ElapsedCallback
 .text.mqttControl
                0x00000000080031c8      0x174 ./Core/Driver/mqtt/mqtt.o
                0x00000000080031c8                mqttControl
 .text.customDebugMsg
                0x000000000800333c        0x8 ./Core/Driver/uart_debug/uart_debug.o
                0x000000000800333c                customDebugMsg
 .text.obd2DebugUart
                0x0000000008003344       0x18 ./Core/Driver/uart_debug/uart_debug.o
                0x0000000008003344                obd2DebugUart
 .text.DEBUG_Virtual_Rx_IT
                0x000000000800335c       0x20 ./Core/Driver/uart_debug/uart_debug.o
                0x000000000800335c                DEBUG_Virtual_Rx_IT
 .text.uartDebugInit
                0x000000000800337c       0x10 ./Core/Driver/uart_debug/uart_debug.o
                0x000000000800337c                uartDebugInit
 .text.DEBUG_Virtual_UART_RxCpltCallback
                0x000000000800338c       0x48 ./Core/Driver/uart_debug/uart_debug.o
                0x000000000800338c                DEBUG_Virtual_UART_RxCpltCallback
 .text.MX_GPIO_Init
                0x00000000080033d4      0x1cc ./Core/Src/main.o
 .text.Error_Handler
                0x00000000080035a0       0x24 ./Core/Src/main.o
                0x00000000080035a0                Error_Handler
 .text.MX_USART2_UART_Init
                0x00000000080035c4       0x38 ./Core/Src/main.o
 .text.MX_USART3_UART_Init
                0x00000000080035fc       0x38 ./Core/Src/main.o
 .text.MX_TIM6_Init
                0x0000000008003634       0x4c ./Core/Src/main.o
 .text.MX_USART6_UART_Init
                0x0000000008003680       0x34 ./Core/Src/main.o
 .text.MX_UART4_Init
                0x00000000080036b4       0x34 ./Core/Src/main.o
 .text.MX_UART5_Init
                0x00000000080036e8       0x34 ./Core/Src/main.o
 .text.MX_SPI1_Init
                0x000000000800371c       0x40 ./Core/Src/main.o
 .text.SystemClock_Config
                0x000000000800375c       0xa0 ./Core/Src/main.o
                0x000000000800375c                SystemClock_Config
 .text.main     0x00000000080037fc       0x34 ./Core/Src/main.o
                0x00000000080037fc                main
 .text.HAL_MspInit
                0x0000000008003830       0x40 ./Core/Src/stm32f4xx_hal_msp.o
                0x0000000008003830                HAL_MspInit
 .text.HAL_SPI_MspInit
                0x0000000008003870       0x78 ./Core/Src/stm32f4xx_hal_msp.o
                0x0000000008003870                HAL_SPI_MspInit
 .text.HAL_TIM_Base_MspInit
                0x00000000080038e8       0x40 ./Core/Src/stm32f4xx_hal_msp.o
                0x00000000080038e8                HAL_TIM_Base_MspInit
 .text.HAL_UART_MspInit
                0x0000000008003928      0x278 ./Core/Src/stm32f4xx_hal_msp.o
                0x0000000008003928                HAL_UART_MspInit
 .text.__NVIC_SystemReset
                0x0000000008003ba0       0x24 ./Core/Src/stm32f4xx_it.o
 .text.NMI_Handler
                0x0000000008003bc4        0x6 ./Core/Src/stm32f4xx_it.o
                0x0000000008003bc4                NMI_Handler
 .text.HardFault_Handler
                0x0000000008003bca        0x6 ./Core/Src/stm32f4xx_it.o
                0x0000000008003bca                HardFault_Handler
 .text.MemManage_Handler
                0x0000000008003bd0        0x2 ./Core/Src/stm32f4xx_it.o
                0x0000000008003bd0                MemManage_Handler
 .text.BusFault_Handler
                0x0000000008003bd2        0x6 ./Core/Src/stm32f4xx_it.o
                0x0000000008003bd2                BusFault_Handler
 .text.UsageFault_Handler
                0x0000000008003bd8        0x6 ./Core/Src/stm32f4xx_it.o
                0x0000000008003bd8                UsageFault_Handler
 .text.SVC_Handler
                0x0000000008003bde        0x2 ./Core/Src/stm32f4xx_it.o
                0x0000000008003bde                SVC_Handler
 .text.DebugMon_Handler
                0x0000000008003be0        0x2 ./Core/Src/stm32f4xx_it.o
                0x0000000008003be0                DebugMon_Handler
 .text.PendSV_Handler
                0x0000000008003be2        0x2 ./Core/Src/stm32f4xx_it.o
                0x0000000008003be2                PendSV_Handler
 .text.SysTick_Handler
                0x0000000008003be4        0xc ./Core/Src/stm32f4xx_it.o
                0x0000000008003be4                SysTick_Handler
 .text.SPI1_IRQHandler
                0x0000000008003bf0       0x10 ./Core/Src/stm32f4xx_it.o
                0x0000000008003bf0                SPI1_IRQHandler
 .text.USART2_IRQHandler
                0x0000000008003c00       0x10 ./Core/Src/stm32f4xx_it.o
                0x0000000008003c00                USART2_IRQHandler
 .text.USART3_IRQHandler
                0x0000000008003c10       0x10 ./Core/Src/stm32f4xx_it.o
                0x0000000008003c10                USART3_IRQHandler
 .text.UART4_IRQHandler
                0x0000000008003c20       0x10 ./Core/Src/stm32f4xx_it.o
                0x0000000008003c20                UART4_IRQHandler
 .text.UART5_IRQHandler
                0x0000000008003c30       0x10 ./Core/Src/stm32f4xx_it.o
                0x0000000008003c30                UART5_IRQHandler
 .text.TIM6_DAC_IRQHandler
                0x0000000008003c40       0x10 ./Core/Src/stm32f4xx_it.o
                0x0000000008003c40                TIM6_DAC_IRQHandler
 .text.USART6_IRQHandler
                0x0000000008003c50       0x10 ./Core/Src/stm32f4xx_it.o
                0x0000000008003c50                USART6_IRQHandler
 .text.HAL_UART_RxCpltCallback
                0x0000000008003c60        0x8 ./Core/Src/stm32f4xx_it.o
                0x0000000008003c60                HAL_UART_RxCpltCallback
 .text.HAL_TIM_PeriodElapsedCallback
                0x0000000008003c68        0x8 ./Core/Src/stm32f4xx_it.o
                0x0000000008003c68                HAL_TIM_PeriodElapsedCallback
 .text._getpid  0x0000000008003c70        0x4 ./Core/Src/syscalls.o
                0x0000000008003c70                _getpid
 .text._kill    0x0000000008003c74       0x10 ./Core/Src/syscalls.o
                0x0000000008003c74                _kill
 .text._exit    0x0000000008003c84        0xc ./Core/Src/syscalls.o
                0x0000000008003c84                _exit
 .text._read    0x0000000008003c90       0x20 ./Core/Src/syscalls.o
                0x0000000008003c90                _read
 .text._write   0x0000000008003cb0       0x1c ./Core/Src/syscalls.o
                0x0000000008003cb0                _write
 .text._close   0x0000000008003ccc        0x6 ./Core/Src/syscalls.o
                0x0000000008003ccc                _close
 .text._fstat   0x0000000008003cd2        0xa ./Core/Src/syscalls.o
                0x0000000008003cd2                _fstat
 .text._isatty  0x0000000008003cdc        0x4 ./Core/Src/syscalls.o
                0x0000000008003cdc                _isatty
 .text._lseek   0x0000000008003ce0        0x4 ./Core/Src/syscalls.o
                0x0000000008003ce0                _lseek
 .text._sbrk    0x0000000008003ce4       0x48 ./Core/Src/sysmem.o
                0x0000000008003ce4                _sbrk
 .text.SystemInit
                0x0000000008003d2c       0x14 ./Core/Src/system_stm32f4xx.o
                0x0000000008003d2c                SystemInit
 .text.Reset_Handler
                0x0000000008003d40       0x50 ./Core/Startup/startup_stm32f407vgtx.o
                0x0000000008003d40                Reset_Handler
 .text.Default_Handler
                0x0000000008003d90        0x2 ./Core/Startup/startup_stm32f407vgtx.o
                0x0000000008003d90                RTC_Alarm_IRQHandler
                0x0000000008003d90                HASH_RNG_IRQHandler
                0x0000000008003d90                EXTI2_IRQHandler
                0x0000000008003d90                TIM8_CC_IRQHandler
                0x0000000008003d90                TIM1_CC_IRQHandler
                0x0000000008003d90                DMA2_Stream5_IRQHandler
                0x0000000008003d90                DMA1_Stream5_IRQHandler
                0x0000000008003d90                PVD_IRQHandler
                0x0000000008003d90                SDIO_IRQHandler
                0x0000000008003d90                TAMP_STAMP_IRQHandler
                0x0000000008003d90                CAN2_RX1_IRQHandler
                0x0000000008003d90                EXTI3_IRQHandler
                0x0000000008003d90                TIM8_TRG_COM_TIM14_IRQHandler
                0x0000000008003d90                TIM1_UP_TIM10_IRQHandler
                0x0000000008003d90                TIM8_UP_TIM13_IRQHandler
                0x0000000008003d90                I2C3_ER_IRQHandler
                0x0000000008003d90                EXTI0_IRQHandler
                0x0000000008003d90                I2C2_EV_IRQHandler
                0x0000000008003d90                DMA1_Stream2_IRQHandler
                0x0000000008003d90                CAN1_RX0_IRQHandler
                0x0000000008003d90                FPU_IRQHandler
                0x0000000008003d90                OTG_HS_WKUP_IRQHandler
                0x0000000008003d90                CAN2_SCE_IRQHandler
                0x0000000008003d90                DMA2_Stream2_IRQHandler
                0x0000000008003d90                TIM1_BRK_TIM9_IRQHandler
                0x0000000008003d90                DCMI_IRQHandler
                0x0000000008003d90                CAN2_RX0_IRQHandler
                0x0000000008003d90                DMA2_Stream3_IRQHandler
                0x0000000008003d90                CAN1_RX1_IRQHandler
                0x0000000008003d90                DMA2_Stream0_IRQHandler
                0x0000000008003d90                TIM4_IRQHandler
                0x0000000008003d90                I2C1_EV_IRQHandler
                0x0000000008003d90                DMA1_Stream6_IRQHandler
                0x0000000008003d90                DMA1_Stream1_IRQHandler
                0x0000000008003d90                TIM3_IRQHandler
                0x0000000008003d90                RCC_IRQHandler
                0x0000000008003d90                TIM8_BRK_TIM12_IRQHandler
                0x0000000008003d90                Default_Handler
                0x0000000008003d90                EXTI15_10_IRQHandler
                0x0000000008003d90                ADC_IRQHandler
                0x0000000008003d90                DMA1_Stream7_IRQHandler
                0x0000000008003d90                TIM7_IRQHandler
                0x0000000008003d90                CAN2_TX_IRQHandler
                0x0000000008003d90                TIM5_IRQHandler
                0x0000000008003d90                DMA2_Stream7_IRQHandler
                0x0000000008003d90                I2C3_EV_IRQHandler
                0x0000000008003d90                EXTI9_5_IRQHandler
                0x0000000008003d90                RTC_WKUP_IRQHandler
                0x0000000008003d90                ETH_WKUP_IRQHandler
                0x0000000008003d90                SPI2_IRQHandler
                0x0000000008003d90                OTG_HS_EP1_IN_IRQHandler
                0x0000000008003d90                DMA1_Stream0_IRQHandler
                0x0000000008003d90                CAN1_TX_IRQHandler
                0x0000000008003d90                EXTI4_IRQHandler
                0x0000000008003d90                FSMC_IRQHandler
                0x0000000008003d90                ETH_IRQHandler
                0x0000000008003d90                OTG_HS_EP1_OUT_IRQHandler
                0x0000000008003d90                WWDG_IRQHandler
                0x0000000008003d90                TIM2_IRQHandler
                0x0000000008003d90                OTG_FS_WKUP_IRQHandler
                0x0000000008003d90                TIM1_TRG_COM_TIM11_IRQHandler
                0x0000000008003d90                OTG_HS_IRQHandler
                0x0000000008003d90                EXTI1_IRQHandler
                0x0000000008003d90                I2C2_ER_IRQHandler
                0x0000000008003d90                DMA2_Stream1_IRQHandler
                0x0000000008003d90                CAN1_SCE_IRQHandler
                0x0000000008003d90                FLASH_IRQHandler
                0x0000000008003d90                DMA2_Stream4_IRQHandler
                0x0000000008003d90                USART1_IRQHandler
                0x0000000008003d90                OTG_FS_IRQHandler
                0x0000000008003d90                SPI3_IRQHandler
                0x0000000008003d90                DMA1_Stream4_IRQHandler
                0x0000000008003d90                I2C1_ER_IRQHandler
                0x0000000008003d90                DMA2_Stream6_IRQHandler
                0x0000000008003d90                DMA1_Stream3_IRQHandler
 *fill*         0x0000000008003d92        0x2 
 .text.HAL_InitTick
                0x0000000008003d94       0x4c ./Drivers/STM32F4xx_HAL_Driver/Src/stm32f4xx_hal.o
                0x0000000008003d94                HAL_InitTick
 .text.HAL_Init
                0x0000000008003de0       0x34 ./Drivers/STM32F4xx_HAL_Driver/Src/stm32f4xx_hal.o
                0x0000000008003de0                HAL_Init
 .text.HAL_IncTick
                0x0000000008003e14       0x18 ./Drivers/STM32F4xx_HAL_Driver/Src/stm32f4xx_hal.o
                0x0000000008003e14                HAL_IncTick
 .text.HAL_GetTick
                0x0000000008003e2c        0xc ./Drivers/STM32F4xx_HAL_Driver/Src/stm32f4xx_hal.o
                0x0000000008003e2c                HAL_GetTick
 .text.HAL_Delay
                0x0000000008003e38       0x28 ./Drivers/STM32F4xx_HAL_Driver/Src/stm32f4xx_hal.o
                0x0000000008003e38                HAL_Delay
 .text.HAL_NVIC_SetPriorityGrouping
                0x0000000008003e60       0x24 ./Drivers/STM32F4xx_HAL_Driver/Src/stm32f4xx_hal_cortex.o
                0x0000000008003e60                HAL_NVIC_SetPriorityGrouping
 .text.HAL_NVIC_SetPriority
                0x0000000008003e84       0x70 ./Drivers/STM32F4xx_HAL_Driver/Src/stm32f4xx_hal_cortex.o
                0x0000000008003e84                HAL_NVIC_SetPriority
 .text.HAL_NVIC_EnableIRQ
                0x0000000008003ef4       0x1c ./Drivers/STM32F4xx_HAL_Driver/Src/stm32f4xx_hal_cortex.o
                0x0000000008003ef4                HAL_NVIC_EnableIRQ
 .text.HAL_SYSTICK_Config
                0x0000000008003f10       0x28 ./Drivers/STM32F4xx_HAL_Driver/Src/stm32f4xx_hal_cortex.o
                0x0000000008003f10                HAL_SYSTICK_Config
 .text.HAL_DMA_Abort
                0x0000000008003f38       0x94 ./Drivers/STM32F4xx_HAL_Driver/Src/stm32f4xx_hal_dma.o
                0x0000000008003f38                HAL_DMA_Abort
 .text.HAL_DMA_Abort_IT
                0x0000000008003fcc       0x26 ./Drivers/STM32F4xx_HAL_Driver/Src/stm32f4xx_hal_dma.o
                0x0000000008003fcc                HAL_DMA_Abort_IT
 *fill*         0x0000000008003ff2        0x2 
 .text.HAL_GPIO_Init
                0x0000000008003ff4      0x1ec ./Drivers/STM32F4xx_HAL_Driver/Src/stm32f4xx_hal_gpio.o
                0x0000000008003ff4                HAL_GPIO_Init
 .text.HAL_GPIO_ReadPin
                0x00000000080041e0        0xe ./Drivers/STM32F4xx_HAL_Driver/Src/stm32f4xx_hal_gpio.o
                0x00000000080041e0                HAL_GPIO_ReadPin
 .text.HAL_GPIO_WritePin
                0x00000000080041ee        0xc ./Drivers/STM32F4xx_HAL_Driver/Src/stm32f4xx_hal_gpio.o
                0x00000000080041ee                HAL_GPIO_WritePin
 *fill*         0x00000000080041fa        0x2 
 .text.HAL_RCC_OscConfig
                0x00000000080041fc      0x3f8 ./Drivers/STM32F4xx_HAL_Driver/Src/stm32f4xx_hal_rcc.o
                0x00000000080041fc                HAL_RCC_OscConfig
 .text.HAL_RCC_GetSysClockFreq
                0x00000000080045f4       0xdc ./Drivers/STM32F4xx_HAL_Driver/Src/stm32f4xx_hal_rcc.o
                0x00000000080045f4                HAL_RCC_GetSysClockFreq
 .text.HAL_RCC_ClockConfig
                0x00000000080046d0      0x160 ./Drivers/STM32F4xx_HAL_Driver/Src/stm32f4xx_hal_rcc.o
                0x00000000080046d0                HAL_RCC_ClockConfig
 .text.HAL_RCC_GetHCLKFreq
                0x0000000008004830        0xc ./Drivers/STM32F4xx_HAL_Driver/Src/stm32f4xx_hal_rcc.o
                0x0000000008004830                HAL_RCC_GetHCLKFreq
 .text.HAL_RCC_GetPCLK1Freq
                0x000000000800483c       0x20 ./Drivers/STM32F4xx_HAL_Driver/Src/stm32f4xx_hal_rcc.o
                0x000000000800483c                HAL_RCC_GetPCLK1Freq
 .text.HAL_RCC_GetPCLK2Freq
                0x000000000800485c       0x20 ./Drivers/STM32F4xx_HAL_Driver/Src/stm32f4xx_hal_rcc.o
                0x000000000800485c                HAL_RCC_GetPCLK2Freq
 .text.SPI_WaitFlagStateUntilTimeout
                0x000000000800487c       0xd0 ./Drivers/STM32F4xx_HAL_Driver/Src/stm32f4xx_hal_spi.o
 .text.SPI_EndRxTxTransaction
                0x000000000800494c       0x68 ./Drivers/STM32F4xx_HAL_Driver/Src/stm32f4xx_hal_spi.o
 .text.SPI_EndRxTransaction
                0x00000000080049b4       0x8c ./Drivers/STM32F4xx_HAL_Driver/Src/stm32f4xx_hal_spi.o
 .text.HAL_SPI_Init
                0x0000000008004a40       0xbe ./Drivers/STM32F4xx_HAL_Driver/Src/stm32f4xx_hal_spi.o
                0x0000000008004a40                HAL_SPI_Init
 .text.HAL_SPI_Transmit
                0x0000000008004afe      0x1b8 ./Drivers/STM32F4xx_HAL_Driver/Src/stm32f4xx_hal_spi.o
                0x0000000008004afe                HAL_SPI_Transmit
 .text.HAL_SPI_TransmitReceive
                0x0000000008004cb6      0x238 ./Drivers/STM32F4xx_HAL_Driver/Src/stm32f4xx_hal_spi.o
                0x0000000008004cb6                HAL_SPI_TransmitReceive
 .text.HAL_SPI_Receive
                0x0000000008004eee      0x180 ./Drivers/STM32F4xx_HAL_Driver/Src/stm32f4xx_hal_spi.o
                0x0000000008004eee                HAL_SPI_Receive
 .text.HAL_SPI_ErrorCallback
                0x000000000800506e        0x2 ./Drivers/STM32F4xx_HAL_Driver/Src/stm32f4xx_hal_spi.o
                0x000000000800506e                HAL_SPI_ErrorCallback
 .text.HAL_SPI_IRQHandler
                0x0000000008005070      0x118 ./Drivers/STM32F4xx_HAL_Driver/Src/stm32f4xx_hal_spi.o
                0x0000000008005070                HAL_SPI_IRQHandler
 .text.SPI_DMAAbortOnError
                0x0000000008005188       0x10 ./Drivers/STM32F4xx_HAL_Driver/Src/stm32f4xx_hal_spi.o
 .text.HAL_TIM_Base_Start_IT
                0x0000000008005198       0x88 ./Drivers/STM32F4xx_HAL_Driver/Src/stm32f4xx_hal_tim.o
                0x0000000008005198                HAL_TIM_Base_Start_IT
 .text.HAL_TIM_OC_DelayElapsedCallback
                0x0000000008005220        0x2 ./Drivers/STM32F4xx_HAL_Driver/Src/stm32f4xx_hal_tim.o
                0x0000000008005220                HAL_TIM_OC_DelayElapsedCallback
 .text.HAL_TIM_IC_CaptureCallback
                0x0000000008005222        0x2 ./Drivers/STM32F4xx_HAL_Driver/Src/stm32f4xx_hal_tim.o
                0x0000000008005222                HAL_TIM_IC_CaptureCallback
 .text.HAL_TIM_PWM_PulseFinishedCallback
                0x0000000008005224        0x2 ./Drivers/STM32F4xx_HAL_Driver/Src/stm32f4xx_hal_tim.o
                0x0000000008005224                HAL_TIM_PWM_PulseFinishedCallback
 .text.HAL_TIM_TriggerCallback
                0x0000000008005226        0x2 ./Drivers/STM32F4xx_HAL_Driver/Src/stm32f4xx_hal_tim.o
                0x0000000008005226                HAL_TIM_TriggerCallback
 .text.HAL_TIM_IRQHandler
                0x0000000008005228      0x17a ./Drivers/STM32F4xx_HAL_Driver/Src/stm32f4xx_hal_tim.o
                0x0000000008005228                HAL_TIM_IRQHandler
 *fill*         0x00000000080053a2        0x2 
 .text.TIM_Base_SetConfig
                0x00000000080053a4       0xc8 ./Drivers/STM32F4xx_HAL_Driver/Src/stm32f4xx_hal_tim.o
                0x00000000080053a4                TIM_Base_SetConfig
 .text.HAL_TIM_Base_Init
                0x000000000800546c       0x58 ./Drivers/STM32F4xx_HAL_Driver/Src/stm32f4xx_hal_tim.o
                0x000000000800546c                HAL_TIM_Base_Init
 .text.HAL_TIMEx_MasterConfigSynchronization
                0x00000000080054c4       0x8c ./Drivers/STM32F4xx_HAL_Driver/Src/stm32f4xx_hal_tim_ex.o
                0x00000000080054c4                HAL_TIMEx_MasterConfigSynchronization
 .text.HAL_TIMEx_CommutCallback
                0x0000000008005550        0x2 ./Drivers/STM32F4xx_HAL_Driver/Src/stm32f4xx_hal_tim_ex.o
                0x0000000008005550                HAL_TIMEx_CommutCallback
 .text.HAL_TIMEx_BreakCallback
                0x0000000008005552        0x2 ./Drivers/STM32F4xx_HAL_Driver/Src/stm32f4xx_hal_tim_ex.o
                0x0000000008005552                HAL_TIMEx_BreakCallback
 .text.UART_EndRxTransfer
                0x0000000008005554       0x5c ./Drivers/STM32F4xx_HAL_Driver/Src/stm32f4xx_hal_uart.o
 .text.UART_Transmit_IT
                0x00000000080055b0       0x60 ./Drivers/STM32F4xx_HAL_Driver/Src/stm32f4xx_hal_uart.o
 .text.UART_SetConfig
                0x0000000008005610      0x110 ./Drivers/STM32F4xx_HAL_Driver/Src/stm32f4xx_hal_uart.o
 .text.UART_WaitOnFlagUntilTimeout
                0x0000000008005720       0x84 ./Drivers/STM32F4xx_HAL_Driver/Src/stm32f4xx_hal_uart.o
 .text.HAL_UART_Init
                0x00000000080057a4       0x5e ./Drivers/STM32F4xx_HAL_Driver/Src/stm32f4xx_hal_uart.o
                0x00000000080057a4                HAL_UART_Init
 .text.HAL_UART_Transmit
                0x0000000008005802       0xd8 ./Drivers/STM32F4xx_HAL_Driver/Src/stm32f4xx_hal_uart.o
                0x0000000008005802                HAL_UART_Transmit
 .text.HAL_UART_TxCpltCallback
                0x00000000080058da        0x2 ./Drivers/STM32F4xx_HAL_Driver/Src/stm32f4xx_hal_uart.o
                0x00000000080058da                HAL_UART_TxCpltCallback
 .text.UART_EndTransmit_IT
                0x00000000080058dc       0x1a ./Drivers/STM32F4xx_HAL_Driver/Src/stm32f4xx_hal_uart.o
 .text.HAL_UART_ErrorCallback
                0x00000000080058f6        0x2 ./Drivers/STM32F4xx_HAL_Driver/Src/stm32f4xx_hal_uart.o
                0x00000000080058f6                HAL_UART_ErrorCallback
 .text.UART_DMAAbortOnError
                0x00000000080058f8       0x10 ./Drivers/STM32F4xx_HAL_Driver/Src/stm32f4xx_hal_uart.o
 .text.HAL_UARTEx_RxEventCallback
                0x0000000008005908        0x2 ./Drivers/STM32F4xx_HAL_Driver/Src/stm32f4xx_hal_uart.o
                0x0000000008005908                HAL_UARTEx_RxEventCallback
 .text.UART_Receive_IT
                0x000000000800590a       0xe2 ./Drivers/STM32F4xx_HAL_Driver/Src/stm32f4xx_hal_uart.o
 .text.HAL_UART_IRQHandler
                0x00000000080059ec      0x280 ./Drivers/STM32F4xx_HAL_Driver/Src/stm32f4xx_hal_uart.o
                0x00000000080059ec                HAL_UART_IRQHandler
 .text.UART_Start_Receive_IT
                0x0000000008005c6c       0x3a ./Drivers/STM32F4xx_HAL_Driver/Src/stm32f4xx_hal_uart.o
                0x0000000008005c6c                UART_Start_Receive_IT
 .text.HAL_UART_Receive_IT
                0x0000000008005ca6       0x38 ./Drivers/STM32F4xx_HAL_Driver/Src/stm32f4xx_hal_uart.o
                0x0000000008005ca6                HAL_UART_Receive_IT
 .text.atof     0x0000000008005cde        0x6 C:/ST/STM32CubeIDE_1.13.0/STM32CubeIDE/plugins/com.st.stm32cube.ide.mcu.externaltools.gnu-tools-for-stm32.11.3.rel1.win32_1.1.0.202305231506/tools/bin/../lib/gcc/arm-none-eabi/11.3.1/../../../../arm-none-eabi/lib/thumb/v7e-m+fp/hard\libc_nano.a(libc_a-atof.o)
                0x0000000008005cde                atof
 .text.atoff    0x0000000008005ce4        0x6 C:/ST/STM32CubeIDE_1.13.0/STM32CubeIDE/plugins/com.st.stm32cube.ide.mcu.externaltools.gnu-tools-for-stm32.11.3.rel1.win32_1.1.0.202305231506/tools/bin/../lib/gcc/arm-none-eabi/11.3.1/../../../../arm-none-eabi/lib/thumb/v7e-m+fp/hard\libc_nano.a(libc_a-atoff.o)
                0x0000000008005ce4                atoff
 .text.atoi     0x0000000008005cea        0x8 C:/ST/STM32CubeIDE_1.13.0/STM32CubeIDE/plugins/com.st.stm32cube.ide.mcu.externaltools.gnu-tools-for-stm32.11.3.rel1.win32_1.1.0.202305231506/tools/bin/../lib/gcc/arm-none-eabi/11.3.1/../../../../arm-none-eabi/lib/thumb/v7e-m+fp/hard\libc_nano.a(libc_a-atoi.o)
                0x0000000008005cea                atoi
 .text.atol     0x0000000008005cf2        0x8 C:/ST/STM32CubeIDE_1.13.0/STM32CubeIDE/plugins/com.st.stm32cube.ide.mcu.externaltools.gnu-tools-for-stm32.11.3.rel1.win32_1.1.0.202305231506/tools/bin/../lib/gcc/arm-none-eabi/11.3.1/../../../../arm-none-eabi/lib/thumb/v7e-m+fp/hard\libc_nano.a(libc_a-atol.o)
                0x0000000008005cf2                atol
 .text.sulp     0x0000000008005cfa       0x38 C:/ST/STM32CubeIDE_1.13.0/STM32CubeIDE/plugins/com.st.stm32cube.ide.mcu.externaltools.gnu-tools-for-stm32.11.3.rel1.win32_1.1.0.202305231506/tools/bin/../lib/gcc/arm-none-eabi/11.3.1/../../../../arm-none-eabi/lib/thumb/v7e-m+fp/hard\libc_nano.a(libc_a-strtod.o)
 *fill*         0x0000000008005d32        0x6 
 .text._strtod_l
                0x0000000008005d38      0xbe0 C:/ST/STM32CubeIDE_1.13.0/STM32CubeIDE/plugins/com.st.stm32cube.ide.mcu.externaltools.gnu-tools-for-stm32.11.3.rel1.win32_1.1.0.202305231506/tools/bin/../lib/gcc/arm-none-eabi/11.3.1/../../../../arm-none-eabi/lib/thumb/v7e-m+fp/hard\libc_nano.a(libc_a-strtod.o)
                0x0000000008005d38                _strtod_l
 .text._strtod_r
                0x0000000008006918        0xc C:/ST/STM32CubeIDE_1.13.0/STM32CubeIDE/plugins/com.st.stm32cube.ide.mcu.externaltools.gnu-tools-for-stm32.11.3.rel1.win32_1.1.0.202305231506/tools/bin/../lib/gcc/arm-none-eabi/11.3.1/../../../../arm-none-eabi/lib/thumb/v7e-m+fp/hard\libc_nano.a(libc_a-strtod.o)
                0x0000000008006918                _strtod_r
 .text.strtod   0x0000000008006924       0x18 C:/ST/STM32CubeIDE_1.13.0/STM32CubeIDE/plugins/com.st.stm32cube.ide.mcu.externaltools.gnu-tools-for-stm32.11.3.rel1.win32_1.1.0.202305231506/tools/bin/../lib/gcc/arm-none-eabi/11.3.1/../../../../arm-none-eabi/lib/thumb/v7e-m+fp/hard\libc_nano.a(libc_a-strtod.o)
                0x0000000008006924                strtod
 .text.strtof   0x000000000800693c       0xcc C:/ST/STM32CubeIDE_1.13.0/STM32CubeIDE/plugins/com.st.stm32cube.ide.mcu.externaltools.gnu-tools-for-stm32.11.3.rel1.win32_1.1.0.202305231506/tools/bin/../lib/gcc/arm-none-eabi/11.3.1/../../../../arm-none-eabi/lib/thumb/v7e-m+fp/hard\libc_nano.a(libc_a-strtod.o)
                0x000000000800693c                strtof
 .text._strtol_l.constprop.0
                0x0000000008006a08      0x104 C:/ST/STM32CubeIDE_1.13.0/STM32CubeIDE/plugins/com.st.stm32cube.ide.mcu.externaltools.gnu-tools-for-stm32.11.3.rel1.win32_1.1.0.202305231506/tools/bin/../lib/gcc/arm-none-eabi/11.3.1/../../../../arm-none-eabi/lib/thumb/v7e-m+fp/hard\libc_nano.a(libc_a-strtol.o)
 .text._strtol_r
                0x0000000008006b0c        0x4 C:/ST/STM32CubeIDE_1.13.0/STM32CubeIDE/plugins/com.st.stm32cube.ide.mcu.externaltools.gnu-tools-for-stm32.11.3.rel1.win32_1.1.0.202305231506/tools/bin/../lib/gcc/arm-none-eabi/11.3.1/../../../../arm-none-eabi/lib/thumb/v7e-m+fp/hard\libc_nano.a(libc_a-strtol.o)
                0x0000000008006b0c                _strtol_r
 .text.strtol   0x0000000008006b10       0x14 C:/ST/STM32CubeIDE_1.13.0/STM32CubeIDE/plugins/com.st.stm32cube.ide.mcu.externaltools.gnu-tools-for-stm32.11.3.rel1.win32_1.1.0.202305231506/tools/bin/../lib/gcc/arm-none-eabi/11.3.1/../../../../arm-none-eabi/lib/thumb/v7e-m+fp/hard\libc_nano.a(libc_a-strtol.o)
                0x0000000008006b10                strtol
 .text.__cvt    0x0000000008006b24       0xc4 C:/ST/STM32CubeIDE_1.13.0/STM32CubeIDE/plugins/com.st.stm32cube.ide.mcu.externaltools.gnu-tools-for-stm32.11.3.rel1.win32_1.1.0.202305231506/tools/bin/../lib/gcc/arm-none-eabi/11.3.1/../../../../arm-none-eabi/lib/thumb/v7e-m+fp/hard\libc_nano.a(libc_a-nano-vfprintf_float.o)
                0x0000000008006b24                __cvt
 .text.__exponent
                0x0000000008006be8       0x7c C:/ST/STM32CubeIDE_1.13.0/STM32CubeIDE/plugins/com.st.stm32cube.ide.mcu.externaltools.gnu-tools-for-stm32.11.3.rel1.win32_1.1.0.202305231506/tools/bin/../lib/gcc/arm-none-eabi/11.3.1/../../../../arm-none-eabi/lib/thumb/v7e-m+fp/hard\libc_nano.a(libc_a-nano-vfprintf_float.o)
                0x0000000008006be8                __exponent
 .text._printf_float
                0x0000000008006c64      0x46c C:/ST/STM32CubeIDE_1.13.0/STM32CubeIDE/plugins/com.st.stm32cube.ide.mcu.externaltools.gnu-tools-for-stm32.11.3.rel1.win32_1.1.0.202305231506/tools/bin/../lib/gcc/arm-none-eabi/11.3.1/../../../../arm-none-eabi/lib/thumb/v7e-m+fp/hard\libc_nano.a(libc_a-nano-vfprintf_float.o)
                0x0000000008006c64                _printf_float
 .text._printf_common
                0x00000000080070d0       0xda C:/ST/STM32CubeIDE_1.13.0/STM32CubeIDE/plugins/com.st.stm32cube.ide.mcu.externaltools.gnu-tools-for-stm32.11.3.rel1.win32_1.1.0.202305231506/tools/bin/../lib/gcc/arm-none-eabi/11.3.1/../../../../arm-none-eabi/lib/thumb/v7e-m+fp/hard\libc_nano.a(libc_a-nano-vfprintf_i.o)
                0x00000000080070d0                _printf_common
 *fill*         0x00000000080071aa        0x2 
 .text._printf_i
                0x00000000080071ac      0x244 C:/ST/STM32CubeIDE_1.13.0/STM32CubeIDE/plugins/com.st.stm32cube.ide.mcu.externaltools.gnu-tools-for-stm32.11.3.rel1.win32_1.1.0.202305231506/tools/bin/../lib/gcc/arm-none-eabi/11.3.1/../../../../arm-none-eabi/lib/thumb/v7e-m+fp/hard\libc_nano.a(libc_a-nano-vfprintf_i.o)
                0x00000000080071ac                _printf_i
 .text._scanf_float
                0x00000000080073f0      0x420 C:/ST/STM32CubeIDE_1.13.0/STM32CubeIDE/plugins/com.st.stm32cube.ide.mcu.externaltools.gnu-tools-for-stm32.11.3.rel1.win32_1.1.0.202305231506/tools/bin/../lib/gcc/arm-none-eabi/11.3.1/../../../../arm-none-eabi/lib/thumb/v7e-m+fp/hard\libc_nano.a(libc_a-nano-vfscanf_float.o)
                0x00000000080073f0                _scanf_float
 .text.std      0x0000000008007810       0x48 C:/ST/STM32CubeIDE_1.13.0/STM32CubeIDE/plugins/com.st.stm32cube.ide.mcu.externaltools.gnu-tools-for-stm32.11.3.rel1.win32_1.1.0.202305231506/tools/bin/../lib/gcc/arm-none-eabi/11.3.1/../../../../arm-none-eabi/lib/thumb/v7e-m+fp/hard\libc_nano.a(libc_a-findfp.o)
 .text.stdio_exit_handler
                0x0000000008007858       0x18 C:/ST/STM32CubeIDE_1.13.0/STM32CubeIDE/plugins/com.st.stm32cube.ide.mcu.externaltools.gnu-tools-for-stm32.11.3.rel1.win32_1.1.0.202305231506/tools/bin/../lib/gcc/arm-none-eabi/11.3.1/../../../../arm-none-eabi/lib/thumb/v7e-m+fp/hard\libc_nano.a(libc_a-findfp.o)
 .text.cleanup_stdio
                0x0000000008007870       0x40 C:/ST/STM32CubeIDE_1.13.0/STM32CubeIDE/plugins/com.st.stm32cube.ide.mcu.externaltools.gnu-tools-for-stm32.11.3.rel1.win32_1.1.0.202305231506/tools/bin/../lib/gcc/arm-none-eabi/11.3.1/../../../../arm-none-eabi/lib/thumb/v7e-m+fp/hard\libc_nano.a(libc_a-findfp.o)
 .text.global_stdio_init.part.0
                0x00000000080078b0       0x3c C:/ST/STM32CubeIDE_1.13.0/STM32CubeIDE/plugins/com.st.stm32cube.ide.mcu.externaltools.gnu-tools-for-stm32.11.3.rel1.win32_1.1.0.202305231506/tools/bin/../lib/gcc/arm-none-eabi/11.3.1/../../../../arm-none-eabi/lib/thumb/v7e-m+fp/hard\libc_nano.a(libc_a-findfp.o)
 .text.__sfp_lock_acquire
                0x00000000080078ec        0xc C:/ST/STM32CubeIDE_1.13.0/STM32CubeIDE/plugins/com.st.stm32cube.ide.mcu.externaltools.gnu-tools-for-stm32.11.3.rel1.win32_1.1.0.202305231506/tools/bin/../lib/gcc/arm-none-eabi/11.3.1/../../../../arm-none-eabi/lib/thumb/v7e-m+fp/hard\libc_nano.a(libc_a-findfp.o)
                0x00000000080078ec                __sfp_lock_acquire
 .text.__sfp_lock_release
                0x00000000080078f8        0xc C:/ST/STM32CubeIDE_1.13.0/STM32CubeIDE/plugins/com.st.stm32cube.ide.mcu.externaltools.gnu-tools-for-stm32.11.3.rel1.win32_1.1.0.202305231506/tools/bin/../lib/gcc/arm-none-eabi/11.3.1/../../../../arm-none-eabi/lib/thumb/v7e-m+fp/hard\libc_nano.a(libc_a-findfp.o)
                0x00000000080078f8                __sfp_lock_release
 .text.__sinit  0x0000000008007904       0x30 C:/ST/STM32CubeIDE_1.13.0/STM32CubeIDE/plugins/com.st.stm32cube.ide.mcu.externaltools.gnu-tools-for-stm32.11.3.rel1.win32_1.1.0.202305231506/tools/bin/../lib/gcc/arm-none-eabi/11.3.1/../../../../arm-none-eabi/lib/thumb/v7e-m+fp/hard\libc_nano.a(libc_a-findfp.o)
                0x0000000008007904                __sinit
 .text._fwalk_sglue
                0x0000000008007934       0x3c C:/ST/STM32CubeIDE_1.13.0/STM32CubeIDE/plugins/com.st.stm32cube.ide.mcu.externaltools.gnu-tools-for-stm32.11.3.rel1.win32_1.1.0.202305231506/tools/bin/../lib/gcc/arm-none-eabi/11.3.1/../../../../arm-none-eabi/lib/thumb/v7e-m+fp/hard\libc_nano.a(libc_a-fwalk.o)
                0x0000000008007934                _fwalk_sglue
 .text.sprintf  0x0000000008007970       0x40 C:/ST/STM32CubeIDE_1.13.0/STM32CubeIDE/plugins/com.st.stm32cube.ide.mcu.externaltools.gnu-tools-for-stm32.11.3.rel1.win32_1.1.0.202305231506/tools/bin/../lib/gcc/arm-none-eabi/11.3.1/../../../../arm-none-eabi/lib/thumb/v7e-m+fp/hard\libc_nano.a(libc_a-sprintf.o)
                0x0000000008007970                siprintf
                0x0000000008007970                sprintf
 .text.__sread  0x00000000080079b0       0x22 C:/ST/STM32CubeIDE_1.13.0/STM32CubeIDE/plugins/com.st.stm32cube.ide.mcu.externaltools.gnu-tools-for-stm32.11.3.rel1.win32_1.1.0.202305231506/tools/bin/../lib/gcc/arm-none-eabi/11.3.1/../../../../arm-none-eabi/lib/thumb/v7e-m+fp/hard\libc_nano.a(libc_a-stdio.o)
                0x00000000080079b0                __sread
 .text.__swrite
                0x00000000080079d2       0x38 C:/ST/STM32CubeIDE_1.13.0/STM32CubeIDE/plugins/com.st.stm32cube.ide.mcu.externaltools.gnu-tools-for-stm32.11.3.rel1.win32_1.1.0.202305231506/tools/bin/../lib/gcc/arm-none-eabi/11.3.1/../../../../arm-none-eabi/lib/thumb/v7e-m+fp/hard\libc_nano.a(libc_a-stdio.o)
                0x00000000080079d2                __swrite
 .text.__sseek  0x0000000008007a0a       0x24 C:/ST/STM32CubeIDE_1.13.0/STM32CubeIDE/plugins/com.st.stm32cube.ide.mcu.externaltools.gnu-tools-for-stm32.11.3.rel1.win32_1.1.0.202305231506/tools/bin/../lib/gcc/arm-none-eabi/11.3.1/../../../../arm-none-eabi/lib/thumb/v7e-m+fp/hard\libc_nano.a(libc_a-stdio.o)
                0x0000000008007a0a                __sseek
 .text.__sclose
                0x0000000008007a2e        0x8 C:/ST/STM32CubeIDE_1.13.0/STM32CubeIDE/plugins/com.st.stm32cube.ide.mcu.externaltools.gnu-tools-for-stm32.11.3.rel1.win32_1.1.0.202305231506/tools/bin/../lib/gcc/arm-none-eabi/11.3.1/../../../../arm-none-eabi/lib/thumb/v7e-m+fp/hard\libc_nano.a(libc_a-stdio.o)
                0x0000000008007a2e                __sclose
 .text.memset   0x0000000008007a36       0x10 C:/ST/STM32CubeIDE_1.13.0/STM32CubeIDE/plugins/com.st.stm32cube.ide.mcu.externaltools.gnu-tools-for-stm32.11.3.rel1.win32_1.1.0.202305231506/tools/bin/../lib/gcc/arm-none-eabi/11.3.1/../../../../arm-none-eabi/lib/thumb/v7e-m+fp/hard\libc_nano.a(libc_a-memset.o)
                0x0000000008007a36                memset
 .text.strchr   0x0000000008007a46       0x1a C:/ST/STM32CubeIDE_1.13.0/STM32CubeIDE/plugins/com.st.stm32cube.ide.mcu.externaltools.gnu-tools-for-stm32.11.3.rel1.win32_1.1.0.202305231506/tools/bin/../lib/gcc/arm-none-eabi/11.3.1/../../../../arm-none-eabi/lib/thumb/v7e-m+fp/hard\libc_nano.a(libc_a-strchr.o)
                0x0000000008007a46                strchr
 .text.strncmp  0x0000000008007a60       0x24 C:/ST/STM32CubeIDE_1.13.0/STM32CubeIDE/plugins/com.st.stm32cube.ide.mcu.externaltools.gnu-tools-for-stm32.11.3.rel1.win32_1.1.0.202305231506/tools/bin/../lib/gcc/arm-none-eabi/11.3.1/../../../../arm-none-eabi/lib/thumb/v7e-m+fp/hard\libc_nano.a(libc_a-strncmp.o)
                0x0000000008007a60                strncmp
 .text.strtok   0x0000000008007a84       0x68 C:/ST/STM32CubeIDE_1.13.0/STM32CubeIDE/plugins/com.st.stm32cube.ide.mcu.externaltools.gnu-tools-for-stm32.11.3.rel1.win32_1.1.0.202305231506/tools/bin/../lib/gcc/arm-none-eabi/11.3.1/../../../../arm-none-eabi/lib/thumb/v7e-m+fp/hard\libc_nano.a(libc_a-strtok.o)
                0x0000000008007a84                strtok
 .text.__strtok_r
                0x0000000008007aec       0x50 C:/ST/STM32CubeIDE_1.13.0/STM32CubeIDE/plugins/com.st.stm32cube.ide.mcu.externaltools.gnu-tools-for-stm32.11.3.rel1.win32_1.1.0.202305231506/tools/bin/../lib/gcc/arm-none-eabi/11.3.1/../../../../arm-none-eabi/lib/thumb/v7e-m+fp/hard\libc_nano.a(libc_a-strtok_r.o)
                0x0000000008007aec                __strtok_r
 .text.strstr   0x0000000008007b3c       0x2c C:/ST/STM32CubeIDE_1.13.0/STM32CubeIDE/plugins/com.st.stm32cube.ide.mcu.externaltools.gnu-tools-for-stm32.11.3.rel1.win32_1.1.0.202305231506/tools/bin/../lib/gcc/arm-none-eabi/11.3.1/../../../../arm-none-eabi/lib/thumb/v7e-m+fp/hard\libc_nano.a(libc_a-strstr.o)
                0x0000000008007b3c                strstr
 .text._localeconv_r
                0x0000000008007b68        0x8 C:/ST/STM32CubeIDE_1.13.0/STM32CubeIDE/plugins/com.st.stm32cube.ide.mcu.externaltools.gnu-tools-for-stm32.11.3.rel1.win32_1.1.0.202305231506/tools/bin/../lib/gcc/arm-none-eabi/11.3.1/../../../../arm-none-eabi/lib/thumb/v7e-m+fp/hard\libc_nano.a(libc_a-localeconv.o)
                0x0000000008007b68                _localeconv_r
 .text._close_r
                0x0000000008007b70       0x20 C:/ST/STM32CubeIDE_1.13.0/STM32CubeIDE/plugins/com.st.stm32cube.ide.mcu.externaltools.gnu-tools-for-stm32.11.3.rel1.win32_1.1.0.202305231506/tools/bin/../lib/gcc/arm-none-eabi/11.3.1/../../../../arm-none-eabi/lib/thumb/v7e-m+fp/hard\libc_nano.a(libc_a-closer.o)
                0x0000000008007b70                _close_r
 .text._lseek_r
                0x0000000008007b90       0x24 C:/ST/STM32CubeIDE_1.13.0/STM32CubeIDE/plugins/com.st.stm32cube.ide.mcu.externaltools.gnu-tools-for-stm32.11.3.rel1.win32_1.1.0.202305231506/tools/bin/../lib/gcc/arm-none-eabi/11.3.1/../../../../arm-none-eabi/lib/thumb/v7e-m+fp/hard\libc_nano.a(libc_a-lseekr.o)
                0x0000000008007b90                _lseek_r
 .text._read_r  0x0000000008007bb4       0x24 C:/ST/STM32CubeIDE_1.13.0/STM32CubeIDE/plugins/com.st.stm32cube.ide.mcu.externaltools.gnu-tools-for-stm32.11.3.rel1.win32_1.1.0.202305231506/tools/bin/../lib/gcc/arm-none-eabi/11.3.1/../../../../arm-none-eabi/lib/thumb/v7e-m+fp/hard\libc_nano.a(libc_a-readr.o)
                0x0000000008007bb4                _read_r
 .text._write_r
                0x0000000008007bd8       0x24 C:/ST/STM32CubeIDE_1.13.0/STM32CubeIDE/plugins/com.st.stm32cube.ide.mcu.externaltools.gnu-tools-for-stm32.11.3.rel1.win32_1.1.0.202305231506/tools/bin/../lib/gcc/arm-none-eabi/11.3.1/../../../../arm-none-eabi/lib/thumb/v7e-m+fp/hard\libc_nano.a(libc_a-writer.o)
                0x0000000008007bd8                _write_r
 .text.__errno  0x0000000008007bfc        0xc C:/ST/STM32CubeIDE_1.13.0/STM32CubeIDE/plugins/com.st.stm32cube.ide.mcu.externaltools.gnu-tools-for-stm32.11.3.rel1.win32_1.1.0.202305231506/tools/bin/../lib/gcc/arm-none-eabi/11.3.1/../../../../arm-none-eabi/lib/thumb/v7e-m+fp/hard\libc_nano.a(libc_a-errno.o)
                0x0000000008007bfc                __errno
 .text.__libc_init_array
                0x0000000008007c08       0x48 C:/ST/STM32CubeIDE_1.13.0/STM32CubeIDE/plugins/com.st.stm32cube.ide.mcu.externaltools.gnu-tools-for-stm32.11.3.rel1.win32_1.1.0.202305231506/tools/bin/../lib/gcc/arm-none-eabi/11.3.1/../../../../arm-none-eabi/lib/thumb/v7e-m+fp/hard\libc_nano.a(libc_a-init.o)
                0x0000000008007c08                __libc_init_array
 .text.__retarget_lock_acquire_recursive
                0x0000000008007c50        0x2 C:/ST/STM32CubeIDE_1.13.0/STM32CubeIDE/plugins/com.st.stm32cube.ide.mcu.externaltools.gnu-tools-for-stm32.11.3.rel1.win32_1.1.0.202305231506/tools/bin/../lib/gcc/arm-none-eabi/11.3.1/../../../../arm-none-eabi/lib/thumb/v7e-m+fp/hard\libc_nano.a(libc_a-lock.o)
                0x0000000008007c50                __retarget_lock_acquire_recursive
 .text.__retarget_lock_release_recursive
                0x0000000008007c52        0x2 C:/ST/STM32CubeIDE_1.13.0/STM32CubeIDE/plugins/com.st.stm32cube.ide.mcu.externaltools.gnu-tools-for-stm32.11.3.rel1.win32_1.1.0.202305231506/tools/bin/../lib/gcc/arm-none-eabi/11.3.1/../../../../arm-none-eabi/lib/thumb/v7e-m+fp/hard\libc_nano.a(libc_a-lock.o)
                0x0000000008007c52                __retarget_lock_release_recursive
 .text.memcpy   0x0000000008007c54       0x1c C:/ST/STM32CubeIDE_1.13.0/STM32CubeIDE/plugins/com.st.stm32cube.ide.mcu.externaltools.gnu-tools-for-stm32.11.3.rel1.win32_1.1.0.202305231506/tools/bin/../lib/gcc/arm-none-eabi/11.3.1/../../../../arm-none-eabi/lib/thumb/v7e-m+fp/hard\libc_nano.a(libc_a-memcpy-stub.o)
                0x0000000008007c54                memcpy
 .text.nan      0x0000000008007c70       0x10 C:/ST/STM32CubeIDE_1.13.0/STM32CubeIDE/plugins/com.st.stm32cube.ide.mcu.externaltools.gnu-tools-for-stm32.11.3.rel1.win32_1.1.0.202305231506/tools/bin/../lib/gcc/arm-none-eabi/11.3.1/../../../../arm-none-eabi/lib/thumb/v7e-m+fp/hard\libc_nano.a(libm_a-s_nan.o)
                0x0000000008007c70                nan
 .text.nanf     0x0000000008007c80        0xc C:/ST/STM32CubeIDE_1.13.0/STM32CubeIDE/plugins/com.st.stm32cube.ide.mcu.externaltools.gnu-tools-for-stm32.11.3.rel1.win32_1.1.0.202305231506/tools/bin/../lib/gcc/arm-none-eabi/11.3.1/../../../../arm-none-eabi/lib/thumb/v7e-m+fp/hard\libc_nano.a(libm_a-sf_nan.o)
                0x0000000008007c80                nanf
 .text.__assert_func
                0x0000000008007c8c       0x3c C:/ST/STM32CubeIDE_1.13.0/STM32CubeIDE/plugins/com.st.stm32cube.ide.mcu.externaltools.gnu-tools-for-stm32.11.3.rel1.win32_1.1.0.202305231506/tools/bin/../lib/gcc/arm-none-eabi/11.3.1/../../../../arm-none-eabi/lib/thumb/v7e-m+fp/hard\libc_nano.a(libc_a-assert.o)
                0x0000000008007c8c                __assert_func
 .text.quorem   0x0000000008007cc8      0x110 C:/ST/STM32CubeIDE_1.13.0/STM32CubeIDE/plugins/com.st.stm32cube.ide.mcu.externaltools.gnu-tools-for-stm32.11.3.rel1.win32_1.1.0.202305231506/tools/bin/../lib/gcc/arm-none-eabi/11.3.1/../../../../arm-none-eabi/lib/thumb/v7e-m+fp/hard\libc_nano.a(libc_a-dtoa.o)
 .text._dtoa_r  0x0000000008007dd8      0xbe4 C:/ST/STM32CubeIDE_1.13.0/STM32CubeIDE/plugins/com.st.stm32cube.ide.mcu.externaltools.gnu-tools-for-stm32.11.3.rel1.win32_1.1.0.202305231506/tools/bin/../lib/gcc/arm-none-eabi/11.3.1/../../../../arm-none-eabi/lib/thumb/v7e-m+fp/hard\libc_nano.a(libc_a-dtoa.o)
                0x0000000008007dd8                _dtoa_r
 .text._free_r  0x00000000080089bc       0x98 C:/ST/STM32CubeIDE_1.13.0/STM32CubeIDE/plugins/com.st.stm32cube.ide.mcu.externaltools.gnu-tools-for-stm32.11.3.rel1.win32_1.1.0.202305231506/tools/bin/../lib/gcc/arm-none-eabi/11.3.1/../../../../arm-none-eabi/lib/thumb/v7e-m+fp/hard\libc_nano.a(libc_a-freer.o)
                0x00000000080089bc                _free_r
 .text.rshift   0x0000000008008a54       0xa4 C:/ST/STM32CubeIDE_1.13.0/STM32CubeIDE/plugins/com.st.stm32cube.ide.mcu.externaltools.gnu-tools-for-stm32.11.3.rel1.win32_1.1.0.202305231506/tools/bin/../lib/gcc/arm-none-eabi/11.3.1/../../../../arm-none-eabi/lib/thumb/v7e-m+fp/hard\libc_nano.a(libc_a-gdtoa-gethex.o)
 .text.__hexdig_fun
                0x0000000008008af8       0x2a C:/ST/STM32CubeIDE_1.13.0/STM32CubeIDE/plugins/com.st.stm32cube.ide.mcu.externaltools.gnu-tools-for-stm32.11.3.rel1.win32_1.1.0.202305231506/tools/bin/../lib/gcc/arm-none-eabi/11.3.1/../../../../arm-none-eabi/lib/thumb/v7e-m+fp/hard\libc_nano.a(libc_a-gdtoa-gethex.o)
                0x0000000008008af8                __hexdig_fun
 *fill*         0x0000000008008b22        0x2 
 .text.__gethex
                0x0000000008008b24      0x45c C:/ST/STM32CubeIDE_1.13.0/STM32CubeIDE/plugins/com.st.stm32cube.ide.mcu.externaltools.gnu-tools-for-stm32.11.3.rel1.win32_1.1.0.202305231506/tools/bin/../lib/gcc/arm-none-eabi/11.3.1/../../../../arm-none-eabi/lib/thumb/v7e-m+fp/hard\libc_nano.a(libc_a-gdtoa-gethex.o)
                0x0000000008008b24                __gethex
 .text.L_shift  0x0000000008008f80       0x24 C:/ST/STM32CubeIDE_1.13.0/STM32CubeIDE/plugins/com.st.stm32cube.ide.mcu.externaltools.gnu-tools-for-stm32.11.3.rel1.win32_1.1.0.202305231506/tools/bin/../lib/gcc/arm-none-eabi/11.3.1/../../../../arm-none-eabi/lib/thumb/v7e-m+fp/hard\libc_nano.a(libc_a-gdtoa-hexnan.o)
 .text.__match  0x0000000008008fa4       0x28 C:/ST/STM32CubeIDE_1.13.0/STM32CubeIDE/plugins/com.st.stm32cube.ide.mcu.externaltools.gnu-tools-for-stm32.11.3.rel1.win32_1.1.0.202305231506/tools/bin/../lib/gcc/arm-none-eabi/11.3.1/../../../../arm-none-eabi/lib/thumb/v7e-m+fp/hard\libc_nano.a(libc_a-gdtoa-hexnan.o)
                0x0000000008008fa4                __match
 .text.__hexnan
                0x0000000008008fcc      0x136 C:/ST/STM32CubeIDE_1.13.0/STM32CubeIDE/plugins/com.st.stm32cube.ide.mcu.externaltools.gnu-tools-for-stm32.11.3.rel1.win32_1.1.0.202305231506/tools/bin/../lib/gcc/arm-none-eabi/11.3.1/../../../../arm-none-eabi/lib/thumb/v7e-m+fp/hard\libc_nano.a(libc_a-gdtoa-hexnan.o)
                0x0000000008008fcc                __hexnan
 *fill*         0x0000000008009102        0x2 
 .text.malloc   0x0000000008009104       0x10 C:/ST/STM32CubeIDE_1.13.0/STM32CubeIDE/plugins/com.st.stm32cube.ide.mcu.externaltools.gnu-tools-for-stm32.11.3.rel1.win32_1.1.0.202305231506/tools/bin/../lib/gcc/arm-none-eabi/11.3.1/../../../../arm-none-eabi/lib/thumb/v7e-m+fp/hard\libc_nano.a(libc_a-malloc.o)
                0x0000000008009104                malloc
 .text.sbrk_aligned
                0x0000000008009114       0x40 C:/ST/STM32CubeIDE_1.13.0/STM32CubeIDE/plugins/com.st.stm32cube.ide.mcu.externaltools.gnu-tools-for-stm32.11.3.rel1.win32_1.1.0.202305231506/tools/bin/../lib/gcc/arm-none-eabi/11.3.1/../../../../arm-none-eabi/lib/thumb/v7e-m+fp/hard\libc_nano.a(libc_a-mallocr.o)
 .text._malloc_r
                0x0000000008009154      0x100 C:/ST/STM32CubeIDE_1.13.0/STM32CubeIDE/plugins/com.st.stm32cube.ide.mcu.externaltools.gnu-tools-for-stm32.11.3.rel1.win32_1.1.0.202305231506/tools/bin/../lib/gcc/arm-none-eabi/11.3.1/../../../../arm-none-eabi/lib/thumb/v7e-m+fp/hard\libc_nano.a(libc_a-mallocr.o)
                0x0000000008009154                _malloc_r
 .text.__ascii_mbtowc
                0x0000000008009254       0x24 C:/ST/STM32CubeIDE_1.13.0/STM32CubeIDE/plugins/com.st.stm32cube.ide.mcu.externaltools.gnu-tools-for-stm32.11.3.rel1.win32_1.1.0.202305231506/tools/bin/../lib/gcc/arm-none-eabi/11.3.1/../../../../arm-none-eabi/lib/thumb/v7e-m+fp/hard\libc_nano.a(libc_a-mbtowc_r.o)
                0x0000000008009254                __ascii_mbtowc
 .text.__malloc_lock
                0x0000000008009278        0xc C:/ST/STM32CubeIDE_1.13.0/STM32CubeIDE/plugins/com.st.stm32cube.ide.mcu.externaltools.gnu-tools-for-stm32.11.3.rel1.win32_1.1.0.202305231506/tools/bin/../lib/gcc/arm-none-eabi/11.3.1/../../../../arm-none-eabi/lib/thumb/v7e-m+fp/hard\libc_nano.a(libc_a-mlock.o)
                0x0000000008009278                __malloc_lock
 .text.__malloc_unlock
                0x0000000008009284        0xc C:/ST/STM32CubeIDE_1.13.0/STM32CubeIDE/plugins/com.st.stm32cube.ide.mcu.externaltools.gnu-tools-for-stm32.11.3.rel1.win32_1.1.0.202305231506/tools/bin/../lib/gcc/arm-none-eabi/11.3.1/../../../../arm-none-eabi/lib/thumb/v7e-m+fp/hard\libc_nano.a(libc_a-mlock.o)
                0x0000000008009284                __malloc_unlock
 .text._Balloc  0x0000000008009290       0x80 C:/ST/STM32CubeIDE_1.13.0/STM32CubeIDE/plugins/com.st.stm32cube.ide.mcu.externaltools.gnu-tools-for-stm32.11.3.rel1.win32_1.1.0.202305231506/tools/bin/../lib/gcc/arm-none-eabi/11.3.1/../../../../arm-none-eabi/lib/thumb/v7e-m+fp/hard\libc_nano.a(libc_a-mprec.o)
                0x0000000008009290                _Balloc
 .text._Bfree   0x0000000008009310       0x44 C:/ST/STM32CubeIDE_1.13.0/STM32CubeIDE/plugins/com.st.stm32cube.ide.mcu.externaltools.gnu-tools-for-stm32.11.3.rel1.win32_1.1.0.202305231506/tools/bin/../lib/gcc/arm-none-eabi/11.3.1/../../../../arm-none-eabi/lib/thumb/v7e-m+fp/hard\libc_nano.a(libc_a-mprec.o)
                0x0000000008009310                _Bfree
 .text.__multadd
                0x0000000008009354       0x8c C:/ST/STM32CubeIDE_1.13.0/STM32CubeIDE/plugins/com.st.stm32cube.ide.mcu.externaltools.gnu-tools-for-stm32.11.3.rel1.win32_1.1.0.202305231506/tools/bin/../lib/gcc/arm-none-eabi/11.3.1/../../../../arm-none-eabi/lib/thumb/v7e-m+fp/hard\libc_nano.a(libc_a-mprec.o)
                0x0000000008009354                __multadd
 .text.__s2b    0x00000000080093e0       0x94 C:/ST/STM32CubeIDE_1.13.0/STM32CubeIDE/plugins/com.st.stm32cube.ide.mcu.externaltools.gnu-tools-for-stm32.11.3.rel1.win32_1.1.0.202305231506/tools/bin/../lib/gcc/arm-none-eabi/11.3.1/../../../../arm-none-eabi/lib/thumb/v7e-m+fp/hard\libc_nano.a(libc_a-mprec.o)
                0x00000000080093e0                __s2b
 .text.__hi0bits
                0x0000000008009474       0x40 C:/ST/STM32CubeIDE_1.13.0/STM32CubeIDE/plugins/com.st.stm32cube.ide.mcu.externaltools.gnu-tools-for-stm32.11.3.rel1.win32_1.1.0.202305231506/tools/bin/../lib/gcc/arm-none-eabi/11.3.1/../../../../arm-none-eabi/lib/thumb/v7e-m+fp/hard\libc_nano.a(libc_a-mprec.o)
                0x0000000008009474                __hi0bits
 .text.__lo0bits
                0x00000000080094b4       0x5a C:/ST/STM32CubeIDE_1.13.0/STM32CubeIDE/plugins/com.st.stm32cube.ide.mcu.externaltools.gnu-tools-for-stm32.11.3.rel1.win32_1.1.0.202305231506/tools/bin/../lib/gcc/arm-none-eabi/11.3.1/../../../../arm-none-eabi/lib/thumb/v7e-m+fp/hard\libc_nano.a(libc_a-mprec.o)
                0x00000000080094b4                __lo0bits
 *fill*         0x000000000800950e        0x2 
 .text.__i2b    0x0000000008009510       0x2c C:/ST/STM32CubeIDE_1.13.0/STM32CubeIDE/plugins/com.st.stm32cube.ide.mcu.externaltools.gnu-tools-for-stm32.11.3.rel1.win32_1.1.0.202305231506/tools/bin/../lib/gcc/arm-none-eabi/11.3.1/../../../../arm-none-eabi/lib/thumb/v7e-m+fp/hard\libc_nano.a(libc_a-mprec.o)
                0x0000000008009510                __i2b
 .text.__multiply
                0x000000000800953c      0x154 C:/ST/STM32CubeIDE_1.13.0/STM32CubeIDE/plugins/com.st.stm32cube.ide.mcu.externaltools.gnu-tools-for-stm32.11.3.rel1.win32_1.1.0.202305231506/tools/bin/../lib/gcc/arm-none-eabi/11.3.1/../../../../arm-none-eabi/lib/thumb/v7e-m+fp/hard\libc_nano.a(libc_a-mprec.o)
                0x000000000800953c                __multiply
 .text.__pow5mult
                0x0000000008009690       0xb4 C:/ST/STM32CubeIDE_1.13.0/STM32CubeIDE/plugins/com.st.stm32cube.ide.mcu.externaltools.gnu-tools-for-stm32.11.3.rel1.win32_1.1.0.202305231506/tools/bin/../lib/gcc/arm-none-eabi/11.3.1/../../../../arm-none-eabi/lib/thumb/v7e-m+fp/hard\libc_nano.a(libc_a-mprec.o)
                0x0000000008009690                __pow5mult
 .text.__lshift
                0x0000000008009744       0xd8 C:/ST/STM32CubeIDE_1.13.0/STM32CubeIDE/plugins/com.st.stm32cube.ide.mcu.externaltools.gnu-tools-for-stm32.11.3.rel1.win32_1.1.0.202305231506/tools/bin/../lib/gcc/arm-none-eabi/11.3.1/../../../../arm-none-eabi/lib/thumb/v7e-m+fp/hard\libc_nano.a(libc_a-mprec.o)
                0x0000000008009744                __lshift
 .text.__mcmp   0x000000000800981c       0x38 C:/ST/STM32CubeIDE_1.13.0/STM32CubeIDE/plugins/com.st.stm32cube.ide.mcu.externaltools.gnu-tools-for-stm32.11.3.rel1.win32_1.1.0.202305231506/tools/bin/../lib/gcc/arm-none-eabi/11.3.1/../../../../arm-none-eabi/lib/thumb/v7e-m+fp/hard\libc_nano.a(libc_a-mprec.o)
                0x000000000800981c                __mcmp
 .text.__mdiff  0x0000000008009854      0x114 C:/ST/STM32CubeIDE_1.13.0/STM32CubeIDE/plugins/com.st.stm32cube.ide.mcu.externaltools.gnu-tools-for-stm32.11.3.rel1.win32_1.1.0.202305231506/tools/bin/../lib/gcc/arm-none-eabi/11.3.1/../../../../arm-none-eabi/lib/thumb/v7e-m+fp/hard\libc_nano.a(libc_a-mprec.o)
                0x0000000008009854                __mdiff
 .text.__ulp    0x0000000008009968       0x4c C:/ST/STM32CubeIDE_1.13.0/STM32CubeIDE/plugins/com.st.stm32cube.ide.mcu.externaltools.gnu-tools-for-stm32.11.3.rel1.win32_1.1.0.202305231506/tools/bin/../lib/gcc/arm-none-eabi/11.3.1/../../../../arm-none-eabi/lib/thumb/v7e-m+fp/hard\libc_nano.a(libc_a-mprec.o)
                0x0000000008009968                __ulp
 .text.__b2d    0x00000000080099b4       0x94 C:/ST/STM32CubeIDE_1.13.0/STM32CubeIDE/plugins/com.st.stm32cube.ide.mcu.externaltools.gnu-tools-for-stm32.11.3.rel1.win32_1.1.0.202305231506/tools/bin/../lib/gcc/arm-none-eabi/11.3.1/../../../../arm-none-eabi/lib/thumb/v7e-m+fp/hard\libc_nano.a(libc_a-mprec.o)
                0x00000000080099b4                __b2d
 .text.__d2b    0x0000000008009a48       0xb4 C:/ST/STM32CubeIDE_1.13.0/STM32CubeIDE/plugins/com.st.stm32cube.ide.mcu.externaltools.gnu-tools-for-stm32.11.3.rel1.win32_1.1.0.202305231506/tools/bin/../lib/gcc/arm-none-eabi/11.3.1/../../../../arm-none-eabi/lib/thumb/v7e-m+fp/hard\libc_nano.a(libc_a-mprec.o)
                0x0000000008009a48                __d2b
 .text.__ratio  0x0000000008009afc       0x66 C:/ST/STM32CubeIDE_1.13.0/STM32CubeIDE/plugins/com.st.stm32cube.ide.mcu.externaltools.gnu-tools-for-stm32.11.3.rel1.win32_1.1.0.202305231506/tools/bin/../lib/gcc/arm-none-eabi/11.3.1/../../../../arm-none-eabi/lib/thumb/v7e-m+fp/hard\libc_nano.a(libc_a-mprec.o)
                0x0000000008009afc                __ratio
 .text.__copybits
                0x0000000008009b62       0x46 C:/ST/STM32CubeIDE_1.13.0/STM32CubeIDE/plugins/com.st.stm32cube.ide.mcu.externaltools.gnu-tools-for-stm32.11.3.rel1.win32_1.1.0.202305231506/tools/bin/../lib/gcc/arm-none-eabi/11.3.1/../../../../arm-none-eabi/lib/thumb/v7e-m+fp/hard\libc_nano.a(libc_a-mprec.o)
                0x0000000008009b62                __copybits
 .text.__any_on
                0x0000000008009ba8       0x42 C:/ST/STM32CubeIDE_1.13.0/STM32CubeIDE/plugins/com.st.stm32cube.ide.mcu.externaltools.gnu-tools-for-stm32.11.3.rel1.win32_1.1.0.202305231506/tools/bin/../lib/gcc/arm-none-eabi/11.3.1/../../../../arm-none-eabi/lib/thumb/v7e-m+fp/hard\libc_nano.a(libc_a-mprec.o)
                0x0000000008009ba8                __any_on
 .text.__ascii_wctomb
                0x0000000008009bea       0x1a C:/ST/STM32CubeIDE_1.13.0/STM32CubeIDE/plugins/com.st.stm32cube.ide.mcu.externaltools.gnu-tools-for-stm32.11.3.rel1.win32_1.1.0.202305231506/tools/bin/../lib/gcc/arm-none-eabi/11.3.1/../../../../arm-none-eabi/lib/thumb/v7e-m+fp/hard\libc_nano.a(libc_a-wctomb_r.o)
                0x0000000008009bea                __ascii_wctomb
 .text.__ssputs_r
                0x0000000008009c04       0xb4 C:/ST/STM32CubeIDE_1.13.0/STM32CubeIDE/plugins/com.st.stm32cube.ide.mcu.externaltools.gnu-tools-for-stm32.11.3.rel1.win32_1.1.0.202305231506/tools/bin/../lib/gcc/arm-none-eabi/11.3.1/../../../../arm-none-eabi/lib/thumb/v7e-m+fp/hard\libc_nano.a(libc_a-nano-svfprintf.o)
                0x0000000008009c04                __ssputs_r
 .text._svfprintf_r
                0x0000000008009cb8      0x1fc C:/ST/STM32CubeIDE_1.13.0/STM32CubeIDE/plugins/com.st.stm32cube.ide.mcu.externaltools.gnu-tools-for-stm32.11.3.rel1.win32_1.1.0.202305231506/tools/bin/../lib/gcc/arm-none-eabi/11.3.1/../../../../arm-none-eabi/lib/thumb/v7e-m+fp/hard\libc_nano.a(libc_a-nano-svfprintf.o)
                0x0000000008009cb8                _svfiprintf_r
                0x0000000008009cb8                _svfprintf_r
 .text.__sflush_r
                0x0000000008009eb4      0x10c C:/ST/STM32CubeIDE_1.13.0/STM32CubeIDE/plugins/com.st.stm32cube.ide.mcu.externaltools.gnu-tools-for-stm32.11.3.rel1.win32_1.1.0.202305231506/tools/bin/../lib/gcc/arm-none-eabi/11.3.1/../../../../arm-none-eabi/lib/thumb/v7e-m+fp/hard\libc_nano.a(libc_a-fflush.o)
                0x0000000008009eb4                __sflush_r
 .text._fflush_r
                0x0000000008009fc0       0x50 C:/ST/STM32CubeIDE_1.13.0/STM32CubeIDE/plugins/com.st.stm32cube.ide.mcu.externaltools.gnu-tools-for-stm32.11.3.rel1.win32_1.1.0.202305231506/tools/bin/../lib/gcc/arm-none-eabi/11.3.1/../../../../arm-none-eabi/lib/thumb/v7e-m+fp/hard\libc_nano.a(libc_a-fflush.o)
                0x0000000008009fc0                _fflush_r
 .text.fprintf  0x000000000800a010       0x24 C:/ST/STM32CubeIDE_1.13.0/STM32CubeIDE/plugins/com.st.stm32cube.ide.mcu.externaltools.gnu-tools-for-stm32.11.3.rel1.win32_1.1.0.202305231506/tools/bin/../lib/gcc/arm-none-eabi/11.3.1/../../../../arm-none-eabi/lib/thumb/v7e-m+fp/hard\libc_nano.a(libc_a-fprintf.o)
                0x000000000800a010                fiprintf
                0x000000000800a010                fprintf
 .text.memmove  0x000000000800a034       0x34 C:/ST/STM32CubeIDE_1.13.0/STM32CubeIDE/plugins/com.st.stm32cube.ide.mcu.externaltools.gnu-tools-for-stm32.11.3.rel1.win32_1.1.0.202305231506/tools/bin/../lib/gcc/arm-none-eabi/11.3.1/../../../../arm-none-eabi/lib/thumb/v7e-m+fp/hard\libc_nano.a(libc_a-memmove.o)
                0x000000000800a034                memmove
 .text._sbrk_r  0x000000000800a068       0x20 C:/ST/STM32CubeIDE_1.13.0/STM32CubeIDE/plugins/com.st.stm32cube.ide.mcu.externaltools.gnu-tools-for-stm32.11.3.rel1.win32_1.1.0.202305231506/tools/bin/../lib/gcc/arm-none-eabi/11.3.1/../../../../arm-none-eabi/lib/thumb/v7e-m+fp/hard\libc_nano.a(libc_a-sbrkr.o)
                0x000000000800a068                _sbrk_r
 .text.abort    0x000000000800a088        0xe C:/ST/STM32CubeIDE_1.13.0/STM32CubeIDE/plugins/com.st.stm32cube.ide.mcu.externaltools.gnu-tools-for-stm32.11.3.rel1.win32_1.1.0.202305231506/tools/bin/../lib/gcc/arm-none-eabi/11.3.1/../../../../arm-none-eabi/lib/thumb/v7e-m+fp/hard\libc_nano.a(libc_a-abort.o)
                0x000000000800a088                abort
 .text._calloc_r
                0x000000000800a096       0x2c C:/ST/STM32CubeIDE_1.13.0/STM32CubeIDE/plugins/com.st.stm32cube.ide.mcu.externaltools.gnu-tools-for-stm32.11.3.rel1.win32_1.1.0.202305231506/tools/bin/../lib/gcc/arm-none-eabi/11.3.1/../../../../arm-none-eabi/lib/thumb/v7e-m+fp/hard\libc_nano.a(libc_a-callocr.o)
                0x000000000800a096                _calloc_r
 .text._realloc_r
                0x000000000800a0c2       0x5e C:/ST/STM32CubeIDE_1.13.0/STM32CubeIDE/plugins/com.st.stm32cube.ide.mcu.externaltools.gnu-tools-for-stm32.11.3.rel1.win32_1.1.0.202305231506/tools/bin/../lib/gcc/arm-none-eabi/11.3.1/../../../../arm-none-eabi/lib/thumb/v7e-m+fp/hard\libc_nano.a(libc_a-reallocr.o)
                0x000000000800a0c2                _realloc_r
 .text.__sfputc_r
                0x000000000800a120       0x2e C:/ST/STM32CubeIDE_1.13.0/STM32CubeIDE/plugins/com.st.stm32cube.ide.mcu.externaltools.gnu-tools-for-stm32.11.3.rel1.win32_1.1.0.202305231506/tools/bin/../lib/gcc/arm-none-eabi/11.3.1/../../../../arm-none-eabi/lib/thumb/v7e-m+fp/hard\libc_nano.a(libc_a-nano-vfprintf.o)
 .text.__sfputs_r
                0x000000000800a14e       0x24 C:/ST/STM32CubeIDE_1.13.0/STM32CubeIDE/plugins/com.st.stm32cube.ide.mcu.externaltools.gnu-tools-for-stm32.11.3.rel1.win32_1.1.0.202305231506/tools/bin/../lib/gcc/arm-none-eabi/11.3.1/../../../../arm-none-eabi/lib/thumb/v7e-m+fp/hard\libc_nano.a(libc_a-nano-vfprintf.o)
                0x000000000800a14e                __sfputs_r
 *fill*         0x000000000800a172        0x2 
 .text._vfprintf_r
                0x000000000800a174      0x234 C:/ST/STM32CubeIDE_1.13.0/STM32CubeIDE/plugins/com.st.stm32cube.ide.mcu.externaltools.gnu-tools-for-stm32.11.3.rel1.win32_1.1.0.202305231506/tools/bin/../lib/gcc/arm-none-eabi/11.3.1/../../../../arm-none-eabi/lib/thumb/v7e-m+fp/hard\libc_nano.a(libc_a-nano-vfprintf.o)
                0x000000000800a174                _vfprintf_r
                0x000000000800a174                _vfiprintf_r
 .text.__swbuf_r
                0x000000000800a3a8       0x7a C:/ST/STM32CubeIDE_1.13.0/STM32CubeIDE/plugins/com.st.stm32cube.ide.mcu.externaltools.gnu-tools-for-stm32.11.3.rel1.win32_1.1.0.202305231506/tools/bin/../lib/gcc/arm-none-eabi/11.3.1/../../../../arm-none-eabi/lib/thumb/v7e-m+fp/hard\libc_nano.a(libc_a-wbuf.o)
                0x000000000800a3a8                __swbuf_r
 *fill*         0x000000000800a422        0x2 
 .text.__swsetup_r
                0x000000000800a424       0xb0 C:/ST/STM32CubeIDE_1.13.0/STM32CubeIDE/plugins/com.st.stm32cube.ide.mcu.externaltools.gnu-tools-for-stm32.11.3.rel1.win32_1.1.0.202305231506/tools/bin/../lib/gcc/arm-none-eabi/11.3.1/../../../../arm-none-eabi/lib/thumb/v7e-m+fp/hard\libc_nano.a(libc_a-wsetup.o)
                0x000000000800a424                __swsetup_r
 .text._raise_r
                0x000000000800a4d4       0x50 C:/ST/STM32CubeIDE_1.13.0/STM32CubeIDE/plugins/com.st.stm32cube.ide.mcu.externaltools.gnu-tools-for-stm32.11.3.rel1.win32_1.1.0.202305231506/tools/bin/../lib/gcc/arm-none-eabi/11.3.1/../../../../arm-none-eabi/lib/thumb/v7e-m+fp/hard\libc_nano.a(libc_a-signal.o)
                0x000000000800a4d4                _raise_r
 .text.raise    0x000000000800a524       0x10 C:/ST/STM32CubeIDE_1.13.0/STM32CubeIDE/plugins/com.st.stm32cube.ide.mcu.externaltools.gnu-tools-for-stm32.11.3.rel1.win32_1.1.0.202305231506/tools/bin/../lib/gcc/arm-none-eabi/11.3.1/../../../../arm-none-eabi/lib/thumb/v7e-m+fp/hard\libc_nano.a(libc_a-signal.o)
                0x000000000800a524                raise
 .text._kill_r  0x000000000800a534       0x24 C:/ST/STM32CubeIDE_1.13.0/STM32CubeIDE/plugins/com.st.stm32cube.ide.mcu.externaltools.gnu-tools-for-stm32.11.3.rel1.win32_1.1.0.202305231506/tools/bin/../lib/gcc/arm-none-eabi/11.3.1/../../../../arm-none-eabi/lib/thumb/v7e-m+fp/hard\libc_nano.a(libc_a-signalr.o)
                0x000000000800a534                _kill_r
 .text._getpid_r
                0x000000000800a558        0x4 C:/ST/STM32CubeIDE_1.13.0/STM32CubeIDE/plugins/com.st.stm32cube.ide.mcu.externaltools.gnu-tools-for-stm32.11.3.rel1.win32_1.1.0.202305231506/tools/bin/../lib/gcc/arm-none-eabi/11.3.1/../../../../arm-none-eabi/lib/thumb/v7e-m+fp/hard\libc_nano.a(libc_a-signalr.o)
                0x000000000800a558                _getpid_r
 .text._malloc_usable_size_r
                0x000000000800a55c       0x10 C:/ST/STM32CubeIDE_1.13.0/STM32CubeIDE/plugins/com.st.stm32cube.ide.mcu.externaltools.gnu-tools-for-stm32.11.3.rel1.win32_1.1.0.202305231506/tools/bin/../lib/gcc/arm-none-eabi/11.3.1/../../../../arm-none-eabi/lib/thumb/v7e-m+fp/hard\libc_nano.a(libc_a-msizer.o)
                0x000000000800a55c                _malloc_usable_size_r
 .text.__swhatbuf_r
                0x000000000800a56c       0x4c C:/ST/STM32CubeIDE_1.13.0/STM32CubeIDE/plugins/com.st.stm32cube.ide.mcu.externaltools.gnu-tools-for-stm32.11.3.rel1.win32_1.1.0.202305231506/tools/bin/../lib/gcc/arm-none-eabi/11.3.1/../../../../arm-none-eabi/lib/thumb/v7e-m+fp/hard\libc_nano.a(libc_a-makebuf.o)
                0x000000000800a56c                __swhatbuf_r
 .text.__smakebuf_r
                0x000000000800a5b8       0x78 C:/ST/STM32CubeIDE_1.13.0/STM32CubeIDE/plugins/com.st.stm32cube.ide.mcu.externaltools.gnu-tools-for-stm32.11.3.rel1.win32_1.1.0.202305231506/tools/bin/../lib/gcc/arm-none-eabi/11.3.1/../../../../arm-none-eabi/lib/thumb/v7e-m+fp/hard\libc_nano.a(libc_a-makebuf.o)
                0x000000000800a5b8                __smakebuf_r
 .text._fstat_r
                0x000000000800a630       0x24 C:/ST/STM32CubeIDE_1.13.0/STM32CubeIDE/plugins/com.st.stm32cube.ide.mcu.externaltools.gnu-tools-for-stm32.11.3.rel1.win32_1.1.0.202305231506/tools/bin/../lib/gcc/arm-none-eabi/11.3.1/../../../../arm-none-eabi/lib/thumb/v7e-m+fp/hard\libc_nano.a(libc_a-fstatr.o)
                0x000000000800a630                _fstat_r
 .text._isatty_r
                0x000000000800a654       0x20 C:/ST/STM32CubeIDE_1.13.0/STM32CubeIDE/plugins/com.st.stm32cube.ide.mcu.externaltools.gnu-tools-for-stm32.11.3.rel1.win32_1.1.0.202305231506/tools/bin/../lib/gcc/arm-none-eabi/11.3.1/../../../../arm-none-eabi/lib/thumb/v7e-m+fp/hard\libc_nano.a(libc_a-isattyr.o)
                0x000000000800a654                _isatty_r
 .text.fmod     0x000000000800a674       0x5c C:/ST/STM32CubeIDE_1.13.0/STM32CubeIDE/plugins/com.st.stm32cube.ide.mcu.externaltools.gnu-tools-for-stm32.11.3.rel1.win32_1.1.0.202305231506/tools/bin/../lib/gcc/arm-none-eabi/11.3.1/../../../../arm-none-eabi/lib/thumb/v7e-m+fp/hard\libm.a(libm_a-w_fmod.o)
                0x000000000800a674                fmod
 .text.__ieee754_fmod
                0x000000000800a6d0      0x21c C:/ST/STM32CubeIDE_1.13.0/STM32CubeIDE/plugins/com.st.stm32cube.ide.mcu.externaltools.gnu-tools-for-stm32.11.3.rel1.win32_1.1.0.202305231506/tools/bin/../lib/gcc/arm-none-eabi/11.3.1/../../../../arm-none-eabi/lib/thumb/v7e-m+fp/hard\libm.a(libm_a-e_fmod.o)
                0x000000000800a6d0                __ieee754_fmod
 *(.glue_7)
 .glue_7        0x000000000800a8ec        0x0 linker stubs
 *(.glue_7t)
 .glue_7t       0x000000000800a8ec        0x0 linker stubs
 *(.eh_frame)
 .eh_frame      0x000000000800a8ec        0x0 C:/ST/STM32CubeIDE_1.13.0/STM32CubeIDE/plugins/com.st.stm32cube.ide.mcu.externaltools.gnu-tools-for-stm32.11.3.rel1.win32_1.1.0.202305231506/tools/bin/../lib/gcc/arm-none-eabi/11.3.1/thumb/v7e-m+fp/hard/crtbegin.o
 *(.init)
 .init          0x000000000800a8ec        0x4 C:/ST/STM32CubeIDE_1.13.0/STM32CubeIDE/plugins/com.st.stm32cube.ide.mcu.externaltools.gnu-tools-for-stm32.11.3.rel1.win32_1.1.0.202305231506/tools/bin/../lib/gcc/arm-none-eabi/11.3.1/thumb/v7e-m+fp/hard/crti.o
                0x000000000800a8ec                _init
 .init          0x000000000800a8f0        0x8 C:/ST/STM32CubeIDE_1.13.0/STM32CubeIDE/plugins/com.st.stm32cube.ide.mcu.externaltools.gnu-tools-for-stm32.11.3.rel1.win32_1.1.0.202305231506/tools/bin/../lib/gcc/arm-none-eabi/11.3.1/thumb/v7e-m+fp/hard/crtn.o
 *(.fini)
 .fini          0x000000000800a8f8        0x4 C:/ST/STM32CubeIDE_1.13.0/STM32CubeIDE/plugins/com.st.stm32cube.ide.mcu.externaltools.gnu-tools-for-stm32.11.3.rel1.win32_1.1.0.202305231506/tools/bin/../lib/gcc/arm-none-eabi/11.3.1/thumb/v7e-m+fp/hard/crti.o
                0x000000000800a8f8                _fini
 .fini          0x000000000800a8fc        0x8 C:/ST/STM32CubeIDE_1.13.0/STM32CubeIDE/plugins/com.st.stm32cube.ide.mcu.externaltools.gnu-tools-for-stm32.11.3.rel1.win32_1.1.0.202305231506/tools/bin/../lib/gcc/arm-none-eabi/11.3.1/thumb/v7e-m+fp/hard/crtn.o
                0x000000000800a904                . = ALIGN (0x4)
                0x000000000800a904                _etext = .

.vfp11_veneer   0x000000000800a904        0x0
 .vfp11_veneer  0x000000000800a904        0x0 linker stubs

.v4_bx          0x000000000800a904        0x0
 .v4_bx         0x000000000800a904        0x0 linker stubs

.iplt           0x000000000800a904        0x0
 .iplt          0x000000000800a904        0x0 C:/ST/STM32CubeIDE_1.13.0/STM32CubeIDE/plugins/com.st.stm32cube.ide.mcu.externaltools.gnu-tools-for-stm32.11.3.rel1.win32_1.1.0.202305231506/tools/bin/../lib/gcc/arm-none-eabi/11.3.1/thumb/v7e-m+fp/hard/crtbegin.o

.rodata         0x000000000800a908     0x1f08
                0x000000000800a908                . = ALIGN (0x4)
 *(.rodata)
 .rodata        0x000000000800a908        0x3 ./Core/Driver/gps/gps.o
 *(.rodata*)
 *fill*         0x000000000800a90b        0x1 
 .rodata.VTSInit.str1.4
                0x000000000800a90c       0x5c ./Core/Driver/VTS/vehicleTrackingSystem.o
 .rodata.parserOBD2.str1.4
                0x000000000800a968       0x5c ./Core/Driver/bluetooth/bluetooth.o
                                          0x3 (size before relaxing)