../Core/Driver/mqtt/mqtt.c:67:9:getMQTTConfigState	4	static
../Core/Driver/mqtt/mqtt.c:71:6:setMQTTConfigState	16	static
../Core/Driver/mqtt/mqtt.c:75:10:getMqttSystick	4	static
../Core/Driver/mqtt/mqtt.c:84:6:mqttInit	8	static
../Core/Driver/mqtt/mqtt.c:283:9:deleteCertKey	16	static
../Core/Driver/mqtt/mqtt.c:361:9:writeCertKey	16	static
../Core/Driver/mqtt/mqtt.c:505:9:connectBroker	16	static
../Core/Driver/mqtt/mqtt.c:517:9:disconnectBroker	4	static
../Core/Driver/mqtt/mqtt.c:527:9:mqttPubMessage	16	static
../Core/Driver/mqtt/mqtt.c:536:6:MQTT_Virtual_Systick_Handler	4	static
../Core/Driver/mqtt/mqtt.c:540:6:MQTT_Virtual_TIM_ElapsedCallback	24	static
../Core/Driver/mqtt/mqtt.c:545:6:mqttControl	8	static
