../Core/Driver/mqtt/mqtt.c:85:6:setMQTTPublishReadyState	0	static
../Core/Driver/mqtt/mqtt.c:89:20:getMQTTPublishReadyState	0	static
../Core/Driver/mqtt/mqtt.c:93:6:setMQTTOpenState	0	static
../Core/Driver/mqtt/mqtt.c:97:17:getMQTTOpenState	0	static
../Core/Driver/mqtt/mqtt.c:101:6:setMQTTConnectState	0	static
../Core/Driver/mqtt/mqtt.c:105:20:getMQTTConnectState	0	static
../Core/Driver/mqtt/mqtt.c:109:19:getMQTTConfigState	0	static
../Core/Driver/mqtt/mqtt.c:113:6:setMQTTConfigState	0	static
../Core/Driver/mqtt/mqtt.c:117:10:getMqttSystick	0	static
../Core/Driver/mqtt/mqtt.c:346:9:deleteCertKey	40	static
../Core/Driver/mqtt/mqtt.c:431:9:writeCertKey	48	static
../Core/Driver/mqtt/mqtt.c:125:6:mqttInit.part.0	24	static
../Core/Driver/mqtt/mqtt.c:125:6:mqttInit	8	static
../Core/Driver/mqtt/mqtt.c:584:9:mqttConnect	96	static
../Core/Driver/mqtt/mqtt.c:658:9:mqttOpenBroker	96	static
../Core/Driver/mqtt/mqtt.c:732:9:disconnectBroker	0	static
../Core/Driver/mqtt/mqtt.c:744:9:mqttPubMessage	160	static
../Core/Driver/mqtt/mqtt.c:860:6:MQTT_Virtual_Systick_Handler	0	static
../Core/Driver/mqtt/mqtt.c:864:6:MQTT_Virtual_TIM_ElapsedCallback	0	static
../Core/Driver/mqtt/mqtt.c:881:6:mqttControl	40	static
