../Core/Driver/mqtt/mqtt.c:84:6:setMQTTPublishReadyState	0	static
../Core/Driver/mqtt/mqtt.c:88:20:getMQTTPublishReadyState	0	static
../Core/Driver/mqtt/mqtt.c:92:6:setMQTTOpenState	0	static
../Core/Driver/mqtt/mqtt.c:96:17:getMQTTOpenState	0	static
../Core/Driver/mqtt/mqtt.c:100:6:setMQTTConnectState	0	static
../Core/Driver/mqtt/mqtt.c:104:20:getMQTTConnectState	0	static
../Core/Driver/mqtt/mqtt.c:108:19:getMQTTConfigState	0	static
../Core/Driver/mqtt/mqtt.c:112:6:setMQTTConfigState	0	static
../Core/Driver/mqtt/mqtt.c:116:10:getMqttSystick	0	static
../Core/Driver/mqtt/mqtt.c:345:9:deleteCertKey	32	static
../Core/Driver/mqtt/mqtt.c:430:9:writeCertKey	32	static
../Core/Driver/mqtt/mqtt.c:124:6:mqttInit	8	static
../Core/Driver/mqtt/mqtt.c:583:9:mqttConnect	72	static
../Core/Driver/mqtt/mqtt.c:657:9:mqttOpenBroker	80	static
../Core/Driver/mqtt/mqtt.c:731:9:disconnectBroker	0	static
../Core/Driver/mqtt/mqtt.c:743:9:mqttPubMessage	144	static
../Core/Driver/mqtt/mqtt.c:859:6:MQTT_Virtual_Systick_Handler	0	static
../Core/Driver/mqtt/mqtt.c:863:6:MQTT_Virtual_TIM_ElapsedCallback	0	static
../Core/Driver/mqtt/mqtt.c:880:6:mqttControl	40	static
