../Core/Driver/mqtt/mqtt.c:63:10:getMqttSystick	4	static
../Core/Driver/mqtt/mqtt.c:71:6:mqttInit	8	static
../Core/Driver/mqtt/mqtt.c:120:9:deleteCertKey	16	static
../Core/Driver/mqtt/mqtt.c:201:9:writeCertKey	16	static
../Core/Driver/mqtt/mqtt.c:342:9:connectBroker	16	static
../Core/Driver/mqtt/mqtt.c:354:9:disconnectBroker	4	static
../Core/Driver/mqtt/mqtt.c:364:9:mqttPubMessage	16	static
../Core/Driver/mqtt/mqtt.c:373:6:MQTT_Virtual_Systick_Handler	4	static
../Core/Driver/mqtt/mqtt.c:377:6:MQTT_Virtual_TIM_ElapsedCallback	24	static
