../Core/Src/main.c:417:13:MX_GPIO_Init	88	static
../Core/Src/main.c:551:6:Error_Handler	0	static,ignoring_inline_asm
../Core/Src/main.c:318:13:MX_USART2_UART_Init	8	static
../Core/Src/main.c:351:13:MX_USART3_UART_Init	8	static
../Core/Src/main.c:214:13:MX_TIM6_Init	16	static
../Core/Src/main.c:384:13:MX_USART6_UART_Init	8	static
../Core/Src/main.c:252:13:MX_UART4_Init	8	static
../Core/Src/main.c:285:13:MX_UART5_Init	8	static
../Core/Src/main.c:176:13:MX_SPI1_Init	8	static
../Core/Src/main.c:129:6:SystemClock_Config	88	static
../Core/Src/main.c:78:5:main	8	static
