../Drivers/CMSIS/Include/core_cm4.h:1939:34:__NVIC_SystemReset	0	static,ignoring_inline_asm
../Core/Src/stm32f4xx_it.c:76:6:NMI_Handler	8	static
../Core/Src/stm32f4xx_it.c:92:6:HardFault_Handler	8	static
../Core/Src/stm32f4xx_it.c:108:6:MemManage_Handler	0	static
../Core/Src/stm32f4xx_it.c:124:6:BusFault_Handler	8	static
../Core/Src/stm32f4xx_it.c:140:6:UsageFault_Handler	8	static
../Core/Src/stm32f4xx_it.c:156:6:SVC_Handler	0	static
../Core/Src/stm32f4xx_it.c:169:6:DebugMon_Handler	0	static
../Core/Src/stm32f4xx_it.c:182:6:PendSV_Handler	0	static
../Core/Src/stm32f4xx_it.c:195:6:SysTick_Handler	8	static
../Core/Src/stm32f4xx_it.c:218:6:USART2_IRQHandler	8	static
../Core/Src/stm32f4xx_it.c:233:6:USART3_IRQHandler	8	static
../Core/Src/stm32f4xx_it.c:247:6:UART4_IRQHandler	8	static
../Core/Src/stm32f4xx_it.c:261:6:UART5_IRQHandler	8	static
../Core/Src/stm32f4xx_it.c:275:6:TIM6_DAC_IRQHandler	8	static
../Core/Src/stm32f4xx_it.c:287:6:HAL_UART_RxCpltCallback	8	static
../Core/Src/stm32f4xx_it.c:293:6:HAL_GPIO_EXTI_Callback	0	static
../Core/Src/stm32f4xx_it.c:301:6:HAL_TIM_PeriodElapsedCallback	8	static
