../Drivers/CMSIS/Include/core_cm4.h:1939:34:__NVIC_SystemReset	0	static,ignoring_inline_asm
../Core/Src/stm32f4xx_it.c:80:6:NMI_Handler	8	static
../Core/Src/stm32f4xx_it.c:96:6:HardFault_Handler	8	static
../Core/Src/stm32f4xx_it.c:112:6:MemManage_Handler	0	static
../Core/Src/stm32f4xx_it.c:128:6:BusFault_Handler	8	static
../Core/Src/stm32f4xx_it.c:144:6:UsageFault_Handler	8	static
../Core/Src/stm32f4xx_it.c:160:6:SVC_Handler	0	static
../Core/Src/stm32f4xx_it.c:173:6:DebugMon_Handler	0	static
../Core/Src/stm32f4xx_it.c:186:6:PendSV_Handler	0	static
../Core/Src/stm32f4xx_it.c:199:6:SysTick_Handler	8	static
../Core/Src/stm32f4xx_it.c:224:6:SPI1_IRQHandler	8	static
../Core/Src/stm32f4xx_it.c:238:6:USART2_IRQHandler	8	static
../Core/Src/stm32f4xx_it.c:253:6:USART3_IRQHandler	8	static
../Core/Src/stm32f4xx_it.c:267:6:UART4_IRQHandler	8	static
../Core/Src/stm32f4xx_it.c:281:6:UART5_IRQHandler	8	static
../Core/Src/stm32f4xx_it.c:295:6:TIM6_DAC_IRQHandler	8	static
../Core/Src/stm32f4xx_it.c:309:6:USART6_IRQHandler	8	static
../Core/Src/stm32f4xx_it.c:321:6:HAL_UART_RxCpltCallback	8	static
../Core/Src/stm32f4xx_it.c:328:6:HAL_GPIO_EXTI_Callback	8	static
../Core/Src/stm32f4xx_it.c:336:6:HAL_TIM_PeriodElapsedCallback	8	static
