../Drivers/CMSIS/Include/core_cm4.h:1939:34:__NVIC_SystemReset	0	static,ignoring_inline_asm
../Core/Src/stm32f4xx_it.c:76:6:NMI_Handler	8	static
../Core/Src/stm32f4xx_it.c:91:6:HardFault_Handler	8	static
../Core/Src/stm32f4xx_it.c:107:6:MemManage_Handler	0	static
../Core/Src/stm32f4xx_it.c:123:6:BusFault_Handler	8	static
../Core/Src/stm32f4xx_it.c:139:6:UsageFault_Handler	8	static
../Core/Src/stm32f4xx_it.c:155:6:SVC_Handler	0	static
../Core/Src/stm32f4xx_it.c:168:6:DebugMon_Handler	0	static
../Core/Src/stm32f4xx_it.c:181:6:PendSV_Handler	0	static
../Core/Src/stm32f4xx_it.c:194:6:SysTick_Handler	8	static
../Core/Src/stm32f4xx_it.c:215:6:SPI1_IRQHandler	8	static
../Core/Src/stm32f4xx_it.c:229:6:USART2_IRQHandler	8	static
../Core/Src/stm32f4xx_it.c:244:6:USART3_IRQHandler	8	static
../Core/Src/stm32f4xx_it.c:258:6:UART4_IRQHandler	8	static
../Core/Src/stm32f4xx_it.c:272:6:UART5_IRQHandler	8	static
../Core/Src/stm32f4xx_it.c:286:6:TIM6_DAC_IRQHandler	8	static
../Core/Src/stm32f4xx_it.c:300:6:USART6_IRQHandler	8	static
../Core/Src/stm32f4xx_it.c:312:6:HAL_UART_RxCpltCallback	8	static
../Core/Src/stm32f4xx_it.c:316:6:HAL_GPIO_EXTI_Callback	8	static
../Core/Src/stm32f4xx_it.c:321:6:HAL_TIM_PeriodElapsedCallback	8	static
