../Core/Driver/VTS/vehicleTrackingSystem.c:37:6:checkButton	16	static
../Core/Driver/VTS/vehicleTrackingSystem.c:75:6:VTSInit	16	static
../Core/Driver/VTS/vehicleTrackingSystem.c:93:6:VTSControl	8	static
../Core/Driver/VTS/vehicleTrackingSystem.c:116:6:VTS_Virtual_SysTick_Handler	8	static
../Core/Driver/VTS/vehicleTrackingSystem.c:129:6:VTS_Virtual_UART_RxCpltCallback	8	static
../Core/Driver/VTS/vehicleTrackingSystem.c:140:6:VTS_Virtual_TIM_PeriodElapsedCallback	8	static
../Core/Driver/VTS/vehicleTrackingSystem.c:150:6:VTS_Virtual_GPIO_EXTI_Callback	0	static
