../Core/Driver/VTS/vehicleTrackingSystem.c:36:6:checkButton	16	static
../Core/Driver/VTS/vehicleTrackingSystem.c:74:6:VTSInit	16	static
../Core/Driver/VTS/vehicleTrackingSystem.c:92:6:VTSControl	8	static
../Core/Driver/VTS/vehicleTrackingSystem.c:114:6:VTS_Virtual_SysTick_Handler	8	static
../Core/Driver/VTS/vehicleTrackingSystem.c:126:6:VTS_Virtual_UART_RxCpltCallback	8	static
../Core/Driver/VTS/vehicleTrackingSystem.c:137:6:VTS_Virtual_TIM_PeriodElapsedCallback	8	static
../Core/Driver/VTS/vehicleTrackingSystem.c:147:6:VTS_Virtual_GPIO_EXTI_Callback	8	static
