../Core/Driver/m95/m95.c:33:18:getModuleConfigState	0	static
../Core/Driver/m95/m95.c:37:6:setModuleConfigState	0	static
../Core/Driver/m95/m95.c:41:9:getRecvCompleted	0	static
../Core/Driver/m95/m95.c:45:10:getSystickCnt	0	static
../Core/Driver/m95/m95.c:49:10:getRecvTimeoutCnt	0	static
../Core/Driver/m95/m95.c:53:10:getTimerCnt	0	static
../Core/Driver/m95/m95.c:57:6:startRecvTimeout	8	static
../Core/Driver/m95/m95.c:61:6:stopRecvTimeout	0	static
../Core/Driver/m95/m95.c:65:9:checkRecvTimeout	8	static
../Core/Driver/m95/m95.c:74:9:getRecvTimeoutState	0	static
../Core/Driver/m95/m95.c:82:6:moveUart	0	static
../Core/Driver/m95/m95.c:90:7:getGSMUart	0	static
../Core/Driver/m95/m95.c:98:6:powerOn	8	static
../Core/Driver/m95/m95.c:344:6:monitoringPowerOff	8	static
../Core/Driver/m95/m95.c:359:6:clearUartBuffer	8	static
../Core/Driver/m95/m95.c:369:9:sendATCommand	8	static
../Core/Driver/m95/m95.c:119:6:powerOff	8	static
../Core/Driver/m95/m95.c:381:9:findATCommandResp	8	static
../Core/Driver/m95/m95.c:131:6:gsmConfig	8	static
../Core/Driver/m95/m95.c:389:6:GSM_Virtual_Rx_IT	8	static
../Core/Driver/m95/m95.c:397:6:GSM_Virtual_UART_RxCpltCallback	8	static
../Core/Driver/m95/m95.c:409:9:sendUartData	24	static
../Core/Driver/m95/m95.c:430:6:GSM_Virtual_TIM_ElapsedCallback	0	static
../Core/Driver/m95/m95.c:439:6:GSM_Virtual_Systick	8	static
../Core/Driver/m95/m95.c:446:6:getRxGSMRawData	8	static
../Core/Driver/m95/m95.c:450:6:gsmControl	8	static
