../Core/Driver/m95/m95.c:29:18:getModuleConfigState	0	static
../Core/Driver/m95/m95.c:33:6:setModuleConfigState	0	static
../Core/Driver/m95/m95.c:37:9:getRecvCompleted	0	static
../Core/Driver/m95/m95.c:41:10:getSystickCnt	0	static
../Core/Driver/m95/m95.c:45:10:getRecvTimeoutCnt	0	static
../Core/Driver/m95/m95.c:49:10:getTimerCnt	0	static
../Core/Driver/m95/m95.c:53:6:startRecvTimeout	8	static
../Core/Driver/m95/m95.c:57:6:stopRecvTimeout	0	static
../Core/Driver/m95/m95.c:61:9:checkRecvTimeout	8	static
../Core/Driver/m95/m95.c:70:9:getRecvTimeoutState	0	static
../Core/Driver/m95/m95.c:89:6:powerOn	8	static
../Core/Driver/m95/m95.c:332:6:monitoringPowerOff	8	static
../Core/Driver/m95/m95.c:349:6:clearUartBuffer	8	static
../Core/Driver/m95/m95.c:359:9:sendATCommand	8	static
../Core/Driver/m95/m95.c:110:6:powerOff	8	static
../Core/Driver/m95/m95.c:371:9:findATCommandResp	8	static
../Core/Driver/m95/m95.c:122:6:gsmConfig	8	static
../Core/Driver/m95/m95.c:379:6:GSM_Virtual_Rx_IT	8	static
../Core/Driver/m95/m95.c:78:6:gsmInit	8	static
../Core/Driver/m95/m95.c:387:6:GSM_Virtual_UART_RxCpltCallback	8	static
../Core/Driver/m95/m95.c:399:9:sendUartData	24	static
../Core/Driver/m95/m95.c:420:6:GSM_Virtual_TIM_ElapsedCallback	8	static
../Core/Driver/m95/m95.c:448:6:GSM_Virtual_Systick	8	static
../Core/Driver/m95/m95.c:455:6:getRxGSMRawData	8	static
../Core/Driver/m95/m95.c:459:6:gsmControl	8	static
