../Core/Driver/m95/m95.c:30:9:getRecvCompleted	4	static
../Core/Driver/m95/m95.c:34:10:getSystickCnt	4	static
../Core/Driver/m95/m95.c:38:10:getRecvTimeoutCnt	4	static
../Core/Driver/m95/m95.c:42:10:getTimerCnt	4	static
../Core/Driver/m95/m95.c:46:6:startRecvTimeout	8	static
../Core/Driver/m95/m95.c:50:6:stopRecvTimeout	4	static
../Core/Driver/m95/m95.c:54:9:checkRecvTimeout	24	static
../Core/Driver/m95/m95.c:63:9:getRecvTimeoutState	4	static
../Core/Driver/m95/m95.c:71:6:moveUart	16	static
../Core/Driver/m95/m95.c:79:7:getGSMUart	4	static
../Core/Driver/m95/m95.c:87:6:powerOn	8	static
../Core/Driver/m95/m95.c:101:6:moduleConfig	16	static
../Core/Driver/m95/m95.c:204:6:monitoringPowerOff	8	static
../Core/Driver/m95/m95.c:217:6:clearUartBuffer	8	static
../Core/Driver/m95/m95.c:227:9:sendATCommand	24	static
../Core/Driver/m95/m95.c:239:9:findATCommandResp	16	static
../Core/Driver/m95/m95.c:247:6:GSM_Virtual_Rx_IT	8	static
../Core/Driver/m95/m95.c:255:6:GSM_Virtual_UART_RxCpltCallback	16	static
../Core/Driver/m95/m95.c:267:9:sendUartData	24	static
../Core/Driver/m95/m95.c:288:6:GSM_Virtual_TIM_ElapsedCallback	24	static
../Core/Driver/m95/m95.c:300:6:GSM_Virtual_Systick	4	static
