../Core/Driver/m95/m95.c:34:18:getModuleConfigState	0	static
../Core/Driver/m95/m95.c:38:6:setModuleConfigState	0	static
../Core/Driver/m95/m95.c:42:9:getRecvCompleted	0	static
../Core/Driver/m95/m95.c:46:10:getSystickCnt	0	static
../Core/Driver/m95/m95.c:50:10:getRecvTimeoutCnt	0	static
../Core/Driver/m95/m95.c:54:10:getTimerCnt	0	static
../Core/Driver/m95/m95.c:58:6:startRecvTimeout	8	static
../Core/Driver/m95/m95.c:62:6:stopRecvTimeout	0	static
../Core/Driver/m95/m95.c:66:9:checkRecvTimeout	8	static
../Core/Driver/m95/m95.c:75:9:getRecvTimeoutState	0	static
../Core/Driver/m95/m95.c:94:6:powerOn	8	static
../Core/Driver/m95/m95.c:340:6:monitoringPowerOff	8	static
../Core/Driver/m95/m95.c:357:6:clearUartBuffer	8	static
../Core/Driver/m95/m95.c:367:9:sendATCommand	8	static
../Core/Driver/m95/m95.c:115:6:powerOff	8	static
../Core/Driver/m95/m95.c:379:9:findATCommandResp	8	static
../Core/Driver/m95/m95.c:127:6:gsmConfig	8	static
../Core/Driver/m95/m95.c:387:6:GSM_Virtual_Rx_IT	8	static
../Core/Driver/m95/m95.c:83:6:gsmInit	8	static
../Core/Driver/m95/m95.c:395:6:GSM_Virtual_UART_RxCpltCallback	8	static
../Core/Driver/m95/m95.c:407:9:sendUartData	24	static
../Core/Driver/m95/m95.c:428:6:GSM_Virtual_TIM_ElapsedCallback	0	static
../Core/Driver/m95/m95.c:437:6:GSM_Virtual_Systick	8	static
../Core/Driver/m95/m95.c:444:6:getRxGSMRawData	8	static
../Core/Driver/m95/m95.c:448:6:gsmControl	8	static
