../Core/Driver/m95/m95.c:31:9:getModuleConfigState	4	static
../Core/Driver/m95/m95.c:35:6:setModuleConfigState	16	static
../Core/Driver/m95/m95.c:39:9:getRecvCompleted	4	static
../Core/Driver/m95/m95.c:43:10:getSystickCnt	4	static
../Core/Driver/m95/m95.c:47:10:getRecvTimeoutCnt	4	static
../Core/Driver/m95/m95.c:51:10:getTimerCnt	4	static
../Core/Driver/m95/m95.c:55:6:startRecvTimeout	8	static
../Core/Driver/m95/m95.c:59:6:stopRecvTimeout	4	static
../Core/Driver/m95/m95.c:63:9:checkRecvTimeout	24	static
../Core/Driver/m95/m95.c:72:9:getRecvTimeoutState	4	static
../Core/Driver/m95/m95.c:80:6:moveUart	16	static
../Core/Driver/m95/m95.c:88:7:getGSMUart	4	static
../Core/Driver/m95/m95.c:96:6:powerOn	8	static
../Core/Driver/m95/m95.c:110:6:gsmConfig	16	static
../Core/Driver/m95/m95.c:293:6:monitoringPowerOff	8	static
../Core/Driver/m95/m95.c:308:6:clearUartBuffer	8	static
../Core/Driver/m95/m95.c:318:9:sendATCommand	24	static
../Core/Driver/m95/m95.c:330:9:findATCommandResp	16	static
../Core/Driver/m95/m95.c:338:6:GSM_Virtual_Rx_IT	8	static
../Core/Driver/m95/m95.c:346:6:GSM_Virtual_UART_RxCpltCallback	16	static
../Core/Driver/m95/m95.c:358:9:sendUartData	24	static
../Core/Driver/m95/m95.c:379:6:GSM_Virtual_TIM_ElapsedCallback	24	static
../Core/Driver/m95/m95.c:391:6:GSM_Virtual_Systick	4	static
../Core/Driver/m95/m95.c:395:6:gsmControl	8	static
