../Core/Driver/m95/m95.c:31:9:getRecvCompleted	4	static
../Core/Driver/m95/m95.c:35:10:getSystickCnt	4	static
../Core/Driver/m95/m95.c:39:10:getRecvTimeoutCnt	4	static
../Core/Driver/m95/m95.c:43:10:getTimerCnt	4	static
../Core/Driver/m95/m95.c:47:6:startRecvTimeout	8	static
../Core/Driver/m95/m95.c:51:6:stopRecvTimeout	4	static
../Core/Driver/m95/m95.c:55:9:checkRecvTimeout	24	static
../Core/Driver/m95/m95.c:64:9:getRecvTimeoutState	4	static
../Core/Driver/m95/m95.c:72:6:moveUart	16	static
../Core/Driver/m95/m95.c:80:6:powerOn	8	static
../Core/Driver/m95/m95.c:94:6:moduleConfig	24	static
../Core/Driver/m95/m95.c:195:6:monitoringPowerOff	8	static
../Core/Driver/m95/m95.c:207:6:clearUartBuffer	8	static
../Core/Driver/m95/m95.c:217:9:sendATCommand	24	static
../Core/Driver/m95/m95.c:229:9:findATCommandResp	16	static
../Core/Driver/m95/m95.c:237:6:GSM_Virtual_Rx_IT	8	static
../Core/Driver/m95/m95.c:245:6:GSM_Virtual_UART_RxCpltCallback	16	static
../Core/Driver/m95/m95.c:257:6:GSM_Virtual_TIM_ElapsedCallback	24	static
../Core/Driver/m95/m95.c:269:6:GSM_Virtual_Systick	4	static
