../Core/Driver/bluetooth/bluetooth.c:44:10:getBTSystick	0	static
../Core/Driver/bluetooth/bluetooth.c:48:14:getBTRecvCompleted	0	static
../Core/Driver/bluetooth/bluetooth.c:52:6:setRecvCompleted	0	static
../Core/Driver/bluetooth/bluetooth.c:56:6:checkBTRxTimeoutCompleted	8	static
../Core/Driver/bluetooth/bluetooth.c:62:6:startBTRxTimeout	8	static
../Core/Driver/bluetooth/bluetooth.c:67:6:BT_Virtual_Systick	0	static
../Core/Driver/bluetooth/bluetooth.c:71:6:BT_Virtual_Rx_IT	8	static
../Core/Driver/bluetooth/bluetooth.c:75:6:BT_Virtual_UART_RxCpltCallback	8	static
../Core/Driver/bluetooth/bluetooth.c:107:6:btInit	8	static
../Core/Driver/bluetooth/bluetooth.c:112:6:sendBtUartData	8	static
../Core/Driver/bluetooth/bluetooth.c:118:9:checkValidMsg	0	static
../Core/Driver/bluetooth/bluetooth.c:124:6:parserOBD2	16	static
../Core/Driver/bluetooth/bluetooth.c:142:6:btControl	8	static
