../Core/Driver/bluetooth/bluetooth.c:28:10:getBTSystick	0	static
../Core/Driver/bluetooth/bluetooth.c:32:14:getBTRecvCompleted	0	static
../Core/Driver/bluetooth/bluetooth.c:36:6:setRecvCompleted	0	static
../Core/Driver/bluetooth/bluetooth.c:40:6:checkBTRxTimeoutCompleted	8	static
../Core/Driver/bluetooth/bluetooth.c:46:6:startBTRxTimeout	8	static
../Core/Driver/bluetooth/bluetooth.c:51:6:BT_Virtual_Systick	0	static
../Core/Driver/bluetooth/bluetooth.c:55:6:BT_Virtual_Rx_IT	8	static
../Core/Driver/bluetooth/bluetooth.c:59:6:BT_Virtual_UART_RxCpltCallback	8	static
../Core/Driver/bluetooth/bluetooth.c:66:6:btInit	0	static
../Core/Driver/bluetooth/bluetooth.c:70:6:btControl	8	static
