../Core/Driver/gps/gps.c:83:6:setGPSNmeaMsgSearchState	0	static
../Core/Driver/gps/gps.c:87:22:getGPSNmeaMsgSearchState	0	static
../Core/Driver/gps/gps.c:91:6:copyGPSUartBuffForNMEA	8	static
../Core/Driver/gps/gps.c:98:10:getGPSSystick	0	static
../Core/Driver/gps/gps.c:102:6:startGPsUartTimeoutCnt	8	static
../Core/Driver/gps/gps.c:106:10:getGPSUartTimeoutCnt	0	static
../Core/Driver/gps/gps.c:110:6:setGPSParserState	0	static
../Core/Driver/gps/gps.c:114:18:getGPSParserState	0	static
../Core/Driver/gps/gps.c:118:6:setGPSMsgFoundState	0	static
../Core/Driver/gps/gps.c:122:15:getGPSMsgFoundState	0	static
../Core/Driver/gps/gps.c:126:6:checkGPSUartTimeoutCnt	8	static
../Core/Driver/gps/gps.c:145:6:gpsUartParser	8	static
../Core/Driver/gps/gps.c:181:6:GPS_Virtual_Systick	8	static
../Core/Driver/gps/gps.c:186:6:GPS_Virtual_Rx_IT	8	static
../Core/Driver/gps/gps.c:136:6:gpsInit	8	static
../Core/Driver/gps/gps.c:190:6:GPS_Virtual_UART_RxCpltCallback	8	static
../Core/Driver/gps/gps.c:202:9:checkNMEAMsgValid	24	static
../Core/Driver/gps/gps.c:223:8:convertNMEAtoDegree	32	static
../Core/Driver/gps/gps.c:238:6:convertRMCMsg	24	static
../Core/Driver/gps/gps.c:281:6:convertGGAMsg	24	static
../Core/Driver/gps/gps.c:329:6:parseNmeaGGAandRMCMsg	8	static
../Core/Driver/gps/gps.c:350:6:gpsControl	8	static
