../Core/Driver/gps/gps.c:96:6:setGPSNmeaMsgSearchState	0	static
../Core/Driver/gps/gps.c:100:22:getGPSNmeaMsgSearchState	0	static
../Core/Driver/gps/gps.c:104:10:getGPSSystick	0	static
../Core/Driver/gps/gps.c:108:6:getGGALatLongValue	0	static
../Core/Driver/gps/gps.c:119:6:getRMCLatLongValue	0	static
../Core/Driver/gps/gps.c:139:6:GPS_Virtual_Systick	0	static
../Core/Driver/gps/gps.c:143:6:GPS_Virtual_Rx_IT	8	static
../Core/Driver/gps/gps.c:134:6:gpsInit	8	static
../Core/Driver/gps/gps.c:147:6:GPS_Virtual_UART_RxCpltCallback	8	static
../Core/Driver/gps/gps.c:177:9:checkNMEAMsgValid	24	static
../Core/Driver/gps/gps.c:198:8:convertNMEAtoDegree	32	static
../Core/Driver/gps/gps.c:213:6:convertRMCMsg	24	static
../Core/Driver/gps/gps.c:262:6:convertGGAMsg	24	static
../Core/Driver/gps/gps.c:317:6:convertGSAMsg	16	static
../Core/Driver/gps/gps.c:353:6:parseNmeaGGAandRMCMsg	16	static
../Core/Driver/gps/gps.c:388:6:gpsControl	8	static
