../Core/Driver/gps/gps.c:76:6:setGPSNmeaMsgSearchState	0	static
../Core/Driver/gps/gps.c:80:22:getGPSNmeaMsgSearchState	0	static
../Core/Driver/gps/gps.c:84:10:getGPSSystick	0	static
../Core/Driver/gps/gps.c:88:6:getGGALatLongValue	0	static
../Core/Driver/gps/gps.c:98:6:getRMCLatLongValue	0	static
../Core/Driver/gps/gps.c:117:6:GPS_Virtual_Systick	0	static
../Core/Driver/gps/gps.c:121:6:GPS_Virtual_Rx_IT	8	static
../Core/Driver/gps/gps.c:112:6:gpsInit	8	static
../Core/Driver/gps/gps.c:125:6:GPS_Virtual_UART_RxCpltCallback	8	static
../Core/Driver/gps/gps.c:156:9:checkNMEAMsgValid	24	static
../Core/Driver/gps/gps.c:177:8:convertNMEAtoDegree	32	static
../Core/Driver/gps/gps.c:192:6:convertRMCMsg	24	static
../Core/Driver/gps/gps.c:236:6:convertGGAMsg	24	static
../Core/Driver/gps/gps.c:290:6:parseNmeaGGAandRMCMsg	16	static
../Core/Driver/gps/gps.c:324:6:gpsControl	8	static
