../Core/Driver/mems/MY_LIS3DSH.c:29:6:LIS3DSH_WriteIO	32	static
../Core/Driver/mems/MY_LIS3DSH.c:43:6:LIS3DSH_ReadIO	32	static
../Core/Driver/mems/MY_LIS3DSH.c:63:6:LIS3DSH_Init	24	static
../Core/Driver/mems/MY_LIS3DSH.c:114:17:LIS3DSH_GetDataRaw	24	static
../Core/Driver/mems/MY_LIS3DSH.c:133:20:LIS3DSH_GetDataScaled	56	static
../Core/Driver/mems/MY_LIS3DSH.c:148:6:LIS3DSH_PollDRDY	24	static
../Core/Driver/mems/MY_LIS3DSH.c:167:6:LIS3DSH_X_calibrate	0	static
../Core/Driver/mems/MY_LIS3DSH.c:172:6:LIS3DSH_Y_calibrate	0	static
../Core/Driver/mems/MY_LIS3DSH.c:177:6:LIS3DSH_Z_calibrate	0	static
../Core/Driver/mems/MY_LIS3DSH.c:214:10:getMEMsSystick	0	static
../Core/Driver/mems/MY_LIS3DSH.c:218:6:memsInit	16	static
../Core/Driver/mems/MY_LIS3DSH.c:231:6:checkShakeAxesCnt	32	static
../Core/Driver/mems/MY_LIS3DSH.c:247:6:checkAxesShakeDetect	0	static
../Core/Driver/mems/MY_LIS3DSH.c:261:6:clearAxesShakeCnt	0	static
../Core/Driver/mems/MY_LIS3DSH.c:266:6:memsControl	16	static
../Core/Driver/mems/MY_LIS3DSH.c:296:6:MEMS_Virtual_GPIO_EXTI	0	static
../Core/Driver/mems/MY_LIS3DSH.c:300:6:MEMS_Virtual_Systick_Handler	0	static
